
  .....................................................................
  .....................................................................
  .....................................................................
  .....................................................................
  .....................................................................
  .....................................................................
  .....................................................................
  .....................................................................
  .....................................................................
  .....................................................................
  .....................................................................
  .....................................................................
  .....................................................................
  .....................................................................
  .....................................................................
  .....................................................................
  .....................................................................
  .....................................................................
  .....................................................................
  .....................................................................
  .....................................................................
  .....................................................................
  .....................................................................
  .....................................................................
  .....................................................................
  .....................................................................
  .....................................................................
  .....................................................................
  .....................................................................
  .....................................................................
  .....................................................................
  .....................................................................
  .....................................................................
  .....................................................................
  .....................................................................
  .....................................................................
  ..........................Γ¿»Γ¿»Γ¿»Γ¿»Γ¿»Γ¿»Γ¿»Γ¿»Γ¿»Γ¿»Γ¿»Γ¿»Γ¿»Γ¿»Γ¿»............................
  .....................................................................
  ........................................Γ¿»Γ¿»Γ¿»..........................
  .....................................................................
  .....................................................................
  .....................................................................
  ...................................!!Γ¿».!!............................
  .....................................................................
  .....................................................................
  .....................................................................
  ......................................Γ¿»Γ¿»...........Γ¿»...Γ¿».............
  .....................................................................
  .....................................................................
  .....................................................................
  .....................................................................
  .....................................................................
  .....................................................................
  .....
