
   PASS  Tests\Unit\Livewire\AdvisoryPanelRenderingTest
  ✓ panel does not fetch data when closed                                                                              0.36s  
  ✓ dismissal updates are efficient                                                                                    0.06s  
  ✓ toggle operations are fast                                                                                         0.05s  
  ✓ section toggle is efficient                                                                                        0.05s  
  ✓ component renders without errors                                                                                   0.05s  

   PASS  Tests\Unit\Models\CareerModelTest
  ✓ Career Model → relationships → it has many training sessions                                                       0.56s  
  ✓ Career Model → relationships → it has many races                                                                   0.06s  
  ✓ Career Model → relationships → it has many skill acquisitions                                                      0.07s  
  ✓ Career Model → attributes → it has valid scenario type                                                             0.05s  
  ✓ Career Model → attributes → it has valid status                                                                    0.05s  
  ✓ Career Model → attributes → it tracks current turn                                                                 0.05s  
  ✓ Career Model → scopes → it filters active careers                                                                  0.05s  
  ✓ Career Model → scopes → it filters completed careers                                                               0.05s  
  ✓ Career Model → timestamps → it tracks started_at timestamp                                                         0.05s  
  ✓ Career Model → timestamps → it tracks completed_at timestamp                                                       0.04s  
  ✓ Career Model → performance analysis → it stores performance analysis as JSON                                       0.06s  
  ✓ Career Model → factory → it creates valid career with factory                                                      0.04s  
  ✓ Career Model → relationships → it belongs to a character                                                           0.05s  

   PASS  Tests\Unit\Models\CharacterModelTest
  ✓ Character Model → relationships → it belongs to a user                                                             0.05s  
  ✓ Character Model → attributes → it has valid scenario type                                                          0.07s  
  ✓ Character Model → attributes → it has valid stat values                                                            0.04s  
  ✓ Character Model → attributes → it has valid energy level                                                           0.04s  
  ✓ Character Model → attributes → it has valid mood status                                                            0.04s  
  ✓ Character Model → accessors → it calculates total stats                                                            0.04s  
  ✓ Character Model → factory → it creates character with specific scenario                                            0.04s  
  ✓ Character Model → relationships → it has many aptitudes                                                            0.04s  
  ✓ Character Model → factory → it creates valid character with factory                                                0.04s  
  ✓ Character Model → scopes → it filters by user                                                                      0.05s  
  ✓ Character Model → relationships → it has many factors                                                              0.04s  
  ✓ Character Model → relationships → it has many careers                                                              0.05s  
  ✓ Character Model → relationships → it has many skill acquisitions                                                   0.05s  
  ✓ Character Model → scopes → it filters by scenario type                                                             0.05s  
  ✓ Character Model → relationships → it has many support cards through pivot                                          0.05s  

   PASS  Tests\Unit\Models\PredictionAccuracyTest
  ✓ PredictionAccuracy Model → it casts actual_value to array                                                          0.06s  
  ✓ PredictionAccuracy Helper Methods → it can calculate average percentage error                                      0.04s  
  ✓ PredictionAccuracy Helper Methods → it handles non-numeric values in differences calculation                       0.05s  
  ✓ PredictionAccuracy Factory States → it can create inaccurate predictions                                           0.04s  
  ✓ PredictionAccuracy Factory States → it can create skill hint predictions                                           0.04s  
  ✓ PredictionAccuracy Model → it belongs to a career                                                                  0.05s  
  ✓ PredictionAccuracy Model → it casts accuracy_score to float                                                        0.05s  
  ✓ PredictionAccuracy Factory States → it can create bond increase predictions                                        0.05s  
  ✓ PredictionAccuracy Helper Methods → it can calculate differences between predicted and actual values               0.05s  
  ✓ PredictionAccuracy Factory States → it can create accurate predictions                                             0.04s  
  ✓ PredictionAccuracy Model → it casts predicted_value to array                                                       0.04s  
  ✓ PredictionAccuracy Helper Methods → it can check if prediction is highly accurate                                  0.05s  
  ✓ PredictionAccuracy Factory States → it can create training gain predictions                                        0.05s  
  ✓ PredictionAccuracy Factory States → it can create highly accurate predictions                                      0.04s  
  ✓ PredictionAccuracy Helper Methods → it can check if prediction is inaccurate                                       0.05s  
  ✓ PredictionAccuracy Helper Methods → it can get accuracy as percentage                                              0.07s  
  ✓ PredictionAccuracy Helper Methods → it handles missing keys in actual value                                        0.05s  
  ✓ PredictionAccuracy Model → it can be created with valid attributes                                                 0.05s  
  ✓ PredictionAccuracy Scopes → it can order by accuracy score                                                         0.05s  
  ✓ PredictionAccuracy Scopes → it can order by turn number                                                            0.05s  
  ✓ PredictionAccuracy Model → it casts created_at to datetime                                                         0.04s  
  ✓ PredictionAccuracy Scopes → it can scope by career                                                                 0.05s  
  ✓ PredictionAccuracy Helper Methods → it can get summary                                                             0.04s  
  ✓ PredictionAccuracy Scopes → it can scope by model version                                                          0.06s  
  ✓ PredictionAccuracy Helper Methods → it can get accuracy level                                                      0.06s  
  ✓ PredictionAccuracy Scopes → it can scope by prediction type                                                        0.06s  
  ✓ PredictionAccuracy Helper Methods → it can check if prediction is accurate                                         0.07s  
  ✓ PredictionAccuracy Scopes → it can order by creation date                                                          0.11s  
  ✓ PredictionAccuracy Scopes → it can scope by turn                                                                   0.09s  
  ✓ PredictionAccuracy Scopes → it can scope by accuracy below threshold                                               0.06s  
  ✓ PredictionAccuracy Scopes → it can scope by accuracy above threshold                                               0.06s  
  ✓ PredictionAccuracy Factory States → it can create race placement predictions                                       0.04s  

   PASS  Tests\Unit\Models\UserTest
  ✓ regular user is not admin                                                                                          0.06s  
  ✓ admin user is identified correctly                                                                                 0.04s  
  ✓ admin user can be created with correct attributes                                                                  0.04s  

   PASS  Tests\Unit\Enums\RecommendationTypeTest
  ✓ RecommendationType Enum → it has all expected cases                                                                0.04s  
  ✓ RecommendationType Enum → it has correct string values                                                             0.04s  
  ✓ RecommendationType Enum → label() method → it returns correct labels for all types                                 0.04s  
  ✓ RecommendationType Enum → label() method → it returns non-empty strings for all cases                              0.04s  
  ✓ RecommendationType Enum → description() method → it returns correct descriptions for all types                     0.07s  
  ✓ RecommendationType Enum → description() method → it returns non-empty strings for all cases                        0.04s  
  ✓ RecommendationType Enum → icon() method → it returns correct icons for all types                                   0.04s  
  ✓ RecommendationType Enum → icon() method → it returns non-empty strings for all cases                               0.07s  
  ✓ RecommendationType Enum → isTrainingRelated() method → it returns true for training-related types                  0.07s  
  ✓ RecommendationType Enum → isTrainingRelated() method → it returns false for non-training-related types             0.05s  
  ✓ RecommendationType Enum → isStrategic() method → it returns true for strategic types                               0.04s  
  ✓ RecommendationType Enum → isStrategic() method → it returns false for non-strategic types                          0.04s  
  ✓ RecommendationType Enum → all() static method → it returns all cases                                               0.04s  
  ✓ RecommendationType Enum → values() static method → it returns all string values                                    0.04s  
  ✓ RecommendationType Enum → values() static method → it returns only strings                                         0.04s  
  ✓ RecommendationType Enum → tryFrom() static method → it creates instance from valid string                          0.04s  
  ✓ RecommendationType Enum → tryFrom() static method → it returns null for invalid string                             0.04s  
  ✓ RecommendationType Enum → from() static method → it creates instance from valid string                             0.04s  
  ✓ RecommendationType Enum → from() static method → it throws exception for invalid string                            0.04s  
  ✓ RecommendationType Enum → serialization → it can be serialized to JSON                                             0.04s  
  ✓ RecommendationType Enum → serialization → it can be deserialized from JSON                                         0.04s  
  ✓ RecommendationType Enum → comparison → it can be compared with === operator                                        0.04s  
  ✓ RecommendationType Enum → comparison → it can be compared with == operator                                         0.06s  
  ✓ RecommendationType Enum → type safety → it enforces type in function parameters                                    0.04s  
  ✓ RecommendationType Enum → type safety → it can be used in match expressions                                        0.04s  
  ✓ RecommendationType Enum → edge cases → it handles all cases in loops                                               0.05s  
  ✓ RecommendationType Enum → edge cases → it maintains consistency between all() and cases()                          0.04s  
  ✓ RecommendationType Enum → edge cases → it maintains consistency between values() and case values                   0.04s  

   PASS  Tests\Unit\Models\SkillModelTest
  ✓ Skill Model → relationships → it has many skill hints                                                              0.07s  
  ✓ Skill Model → relationships → it has many skill acquisitions                                                       0.05s  
  ✓ Skill Model → attributes → it has valid skill type                                                                 0.04s  
  ✓ Skill Model → attributes → it has valid SP cost                                                                    0.04s  
  ✓ Skill Model → attributes → it has name and description                                                             0.06s  
  ✓ Skill Model → scopes → it filters by skill type                                                                    0.05s  
  ✓ Skill Model → scopes → it filters active skills                                                                    0.07s  
  ✓ Skill Model → factory → it creates valid skill with factory                                                        0.06s  
  ✓ Skill Model → factory → it creates skill with specific type                                                        0.04s  
  ✓ SkillHint Model → relationships → it belongs to a skill                                                            0.04s  
  ✓ SkillHint Model → attributes → it has discount percentage                                                          0.06s  
  ✓ SkillAcquisition Model → relationships → it belongs to a skill                                                     0.06s  
  ✓ SkillAcquisition Model → attributes → it tracks final SP cost                                                      0.05s  
  ✓ SkillAcquisition Model → attributes → it tracks acquisition turn                                                   0.04s  

   PASS  Tests\Unit\Neuron\Agents\Tools\RaceDataToolTest
  ✓ RaceDataTool → Tool Callable Execution - Filter by Character → it retrieves races for specific character           0.08s  
  ✓ RaceDataTool → Tool Registration → it has correct tool name                                                        0.04s  
  ✓ RaceDataTool → Tool Registration → it has descriptive tool description                                             0.04s  
  ✓ RaceDataTool → Tool Registration → it defines required properties                                                  0.05s  
  ✓ RaceDataTool → Tool Callable Execution - Single Race by ID → it includes character stats at race                   0.05s  
  ✓ RaceDataTool → Tool Registration → it has race_id property                                                         0.08s  
  ✓ RaceDataTool → Tool Registration → it has race_name property                                                       0.05s  
  ✓ RaceDataTool → Tool Registration → it has race_grade property                                                      0.04s  
  ✓ RaceDataTool → Tool Registration → it has distance_category property                                               0.04s  
  ✓ RaceDataTool → Tool Registration → it has surface property                                                         0.05s  
  ✓ RaceDataTool → Tool Registration → it has character_id property                                                    0.07s  
  ✓ RaceDataTool → Tool Registration → it has property descriptions                                                    0.05s  
  ✓ RaceDataTool → Tool Callable Execution - Single Race by ID → it retrieves race by ID successfully                  0.06s  
  ✓ RaceDataTool → Tool Callable Execution - Single Race by ID → it includes race conditions                           0.09s  
  ✓ RaceDataTool → Tool Callable Execution - Single Race by ID → it includes race result when race has been run        0.06s  
  ✓ RaceDataTool → Tool Callable Execution - Single Race by ID → it includes URA Finale information                    0.08s  
  ✓ RaceDataTool → Tool Callable Execution - Single Race by ID → it includes Unity Cup information                     0.06s  
  ✓ RaceDataTool → Tool Callable Execution - Single Race by ID → it returns error for non-existent race ID             0.05s  
  ✓ RaceDataTool → Tool Callable Execution - Search by Name → it retrieves race by exact name match                    0.05s  
  ✓ RaceDataTool → Tool Callable Execution - Search by Name → it retrieves race by partial name match                  0.05s  
  ✓ RaceDataTool → Tool Callable Execution - Search by Name → it returns multiple races when name matches multiple     0.07s  
  ✓ RaceDataTool → Tool Callable Execution - Search by Name → it returns error for non-matching name                   0.06s  
  ✓ RaceDataTool → Tool Callable Execution - Filter by Grade → it retrieves races by grade                             0.10s  
  ✓ RaceDataTool → Tool Callable Execution - Filter by Grade → it returns error for non-matching grade                 0.07s  
  ✓ RaceDataTool → Tool Callable Execution - Filter by Distance → it retrieves races by distance category              0.07s  
  ✓ RaceDataTool → Tool Callable Execution - Filter by Surface → it retrieves races by surface type                    0.09s  
  ✓ RaceDataTool → Tool Parameter Validation → it returns error when no parameters provided                            0.06s  
  ✓ RaceDataTool → Tool Parameter Validation → it accepts character_id parameter                                       0.05s  
  ✓ RaceDataTool → Tool Parameter Validation → it accepts race_id parameter                                            0.07s  
  ✓ RaceDataTool → Tool Parameter Validation → it accepts race_name parameter                                          0.06s  
  ✓ RaceDataTool → Tool Parameter Validation → it accepts race_grade parameter                                         0.08s  
  ✓ RaceDataTool → Tool Parameter Validation → it accepts distance_category parameter                                  0.07s  
  ✓ RaceDataTool → Tool Parameter Validation → it accepts surface parameter                                            0.06s  
  ✓ RaceDataTool → Tool Parameter Validation → it prioritizes race_id over other parameters                            0.05s  
  ✓ RaceDataTool → Tool Parameter Validation → it combines multiple filter parameters                                  0.05s  
  ✓ RaceDataTool → Tool Output Format - Multiple Races → it formats multiple races as a list                           0.07s  
  ✓ RaceDataTool → Tool Output Format - Multiple Races → it includes race ID in list format                            0.05s  
  ✓ RaceDataTool → Tool Output Format - Multiple Races → it includes race grade, distance, and surface in list format  0.05s  
  ✓ RaceDataTool → Tool Output Format - Multiple Races → it indicates URA Finale races in list                         0.05s  
  ✓ RaceDataTool → Tool Output Format - Multiple Races → it indicates Unity Cup races in list                          0.05s  
  ✓ RaceDataTool → Tool Output Format - Multiple Races → it shows win indicator for won races                          0.06s  
  ✓ RaceDataTool → Tool Output Format - Multiple Races → it shows finish position for completed races                  0.05s  
  ✓ RaceDataTool → Tool Output Format - Single Race → it returns string output suitable for LLM consumption            0.05s  
  ✓ RaceDataTool → Tool Output Format - Single Race → it includes section headers for organization                     0.05s  
  ✓ RaceDataTool → Tool Output Format - Single Race → it handles null values gracefully                                0.05s  
  ✓ RaceDataTool → Tool Output Format - Single Race → it handles empty arrays gracefully                               0.06s  
  ✓ RaceDataTool → Tool Integration → it can be invoked as a callable                                                  0.05s  
  ✓ RaceDataTool → Tool Integration → it loads relationships efficiently                                               0.05s  
  ✓ RaceDataTool → Tool Integration → it handles races with minimal data                                               0.05s  
  ✓ RaceDataTool → Tool Integration → it handles races with maximum data                                               0.05s  
  ✓ RaceDataTool → Tool Integration → it orders races chronologically in list view                                     0.07s  

   PASS  Tests\Unit\Neuron\Agents\BaseAgentTest
  ✓ uses the default provider from configuration                                                                       0.08s  
  ✓ builds system prompt with background steps and output                                                              0.04s  
  ✓ builds system prompt with empty arrays                                                                             0.06s  
  ✓ creates chat history with correct thread id                                                                        0.04s  
  ✓ returns empty tools array by default                                                                               0.04s  
  ✓ uses different thread ids for different agents                                                                     0.04s  
  ✓ builds consistent system prompts with same inputs                                                                  0.04s  
  ✓ handles system prompt with single item arrays                                                                      0.06s  
  ✓ handles system prompt with multiple items in each section                                                          0.04s  
  ✓ respects provider configuration changes                                                                            0.04s  

   PASS  Tests\Unit\Policies\CharacterPolicyTest
  ✓ Regular User Authorization → user can view their own character                                                     0.05s  
  ✓ Regular User Authorization → user cannot view other users character                                                0.06s  
  ✓ Regular User Authorization → user cannot update other users character                                              0.06s  
  ✓ Regular User Authorization → user can delete their own character                                                   0.05s  
  ✓ Regular User Authorization → user cannot delete other users character                                              0.04s  
  ✓ Regular User Authorization → user can update their own character                                                   0.04s  
  ✓ Admin User Authorization → admin can view any characters                                                           0.04s  
  ✓ Admin User Authorization → admin can create characters                                                             0.06s  
  ✓ Regular User Authorization → user can view any characters                                                          0.05s  
  ✓ Regular User Authorization → user can create characters                                                            0.04s  
  ✓ Admin User Authorization → admin can view any character                                                            0.04s  
  ✓ Admin User Authorization → admin can update any character                                                          0.04s  
  ✓ Admin User Authorization → admin can restore any character                                                         0.06s  
  ✓ Admin User Authorization → admin can force delete any character                                                    0.04s  
  ✓ Admin User Authorization → admin can delete any character                                                          0.04s  

   PASS  Tests\Unit\Neuron\Agents\Tools\SkillDataToolTest
  ✓ SkillDataTool → Tool Integration → it handles skills with minimal data                                             0.05s  
  ✓ SkillDataTool → Tool Registration → it has correct tool name                                                       0.07s  
  ✓ SkillDataTool → Tool Registration → it has descriptive tool description                                            0.04s  
  ✓ SkillDataTool → Tool Output Format - Single Skill → it handles null values gracefully                              0.05s  
  ✓ SkillDataTool → Tool Registration → it defines required properties                                                 0.04s  
  ✓ SkillDataTool → Tool Registration → it has skill_id property                                                       0.04s  
  ✓ SkillDataTool → Tool Registration → it has skill_name property                                                     0.04s  
  ✓ SkillDataTool → Tool Registration → it has skill_type property                                                     0.06s  
  ✓ SkillDataTool → Tool Registration → it has include_evolution_chain property                                        0.04s  
  ✓ SkillDataTool → Tool Registration → it has property descriptions                                                   0.04s  
  ✓ SkillDataTool → Tool Callable Execution - Single Skill by ID → it retrieves skill by ID successfully               0.06s  
  ✓ SkillDataTool → Tool Callable Execution - Single Skill by ID → it includes skill description                       0.06s  
  ✓ SkillDataTool → Tool Callable Execution - Single Skill by ID → it includes skill effects                           0.08s  
  ✓ SkillDataTool → Tool Callable Execution - Single Skill by ID → it includes activation conditions                   0.04s  
  ✓ SkillDataTool → Tool Callable Execution - Single Skill by ID → it includes stat requirements                       0.04s  
  ✓ SkillDataTool → Tool Callable Execution - Single Skill by ID → it includes hint discount information               0.05s  
  ✓ SkillDataTool → Tool Callable Execution - Single Skill by ID → it includes current hints when present              0.05s  
  ✓ SkillDataTool → Tool Callable Execution - Single Skill by ID → it includes meta tier when present                  0.06s  
  ✓ SkillDataTool → Tool Callable Execution - Single Skill by ID → it returns error for non-existent skill ID          0.04s  
  ✓ SkillDataTool → Tool Callable Execution - Search by Name → it retrieves skill by exact name match                  0.04s  
  ✓ SkillDataTool → Tool Callable Execution - Search by Name → it retrieves skill by partial name match                0.04s  
  ✓ SkillDataTool → Tool Callable Execution - Search by Name → it returns multiple skills when name matches multiple   0.04s  
  ✓ SkillDataTool → Tool Callable Execution - Search by Name → it returns error for non-matching name                  0.06s  
  ✓ SkillDataTool → Tool Callable Execution - Search by Name → it performs case-insensitive name search                0.05s  
  ✓ SkillDataTool → Tool Callable Execution - Filter by Type → it retrieves skills by type                             0.16s  
  ✓ SkillDataTool → Tool Callable Execution - Filter by Type → it returns error for non-matching type                  0.09s  
  ✓ SkillDataTool → Tool Callable Execution - Filter by Type → it orders skills by meta tier and cost                  0.08s  
  ✓ SkillDataTool → Tool Parameter Validation → it returns error when no parameters provided                           0.08s  
  ✓ SkillDataTool → Tool Parameter Validation → it accepts skill_id parameter                                          0.06s  
  ✓ SkillDataTool → Tool Parameter Validation → it accepts skill_name parameter                                        0.07s  
  ✓ SkillDataTool → Tool Parameter Validation → it accepts skill_type parameter                                        0.07s  
  ✓ SkillDataTool → Tool Parameter Validation → it prioritizes skill_id over other parameters                          0.07s  
  ✓ SkillDataTool → Tool Output Format - Multiple Skills → it formats multiple skills as a list                        0.09s  
  ✓ SkillDataTool → Tool Output Format - Multiple Skills → it includes skill ID in list format                         0.06s  
  ✓ SkillDataTool → Tool Output Format - Multiple Skills → it includes skill type and rarity in list format            0.06s  
  ✓ SkillDataTool → Tool Output Format - Multiple Skills → it includes SP cost in list format                          0.06s  
  ✓ SkillDataTool → Tool Output Format - Multiple Skills → it truncates long descriptions in list format               0.08s  
  ✓ SkillDataTool → Tool Output Format - Single Skill → it returns string output suitable for LLM consumption          0.10s  
  ✓ SkillDataTool → Tool Output Format - Single Skill → it includes section headers for organization                   0.07s  
  ✓ SkillDataTool → Tool Output Format - Single Skill → it handles empty arrays gracefully                             0.07s  
  ✓ SkillDataTool → Tool Integration → it can be invoked as a callable                                                 0.07s  
  ✓ SkillDataTool → Tool Integration → it loads relationships efficiently                                              0.06s  
  ✓ SkillDataTool → Tool Integration → it handles skills with maximum data                                             0.08s  
  ✓ SkillDataTool → Tool Integration → it only returns active skills                                                   0.06s  

   PASS  Tests\Unit\Seeders\UcpSkillsSeederTest
  ✓ UcpSkillsSeeder - Fresh Seeding Support → it defaults to non-destructive upsert behavior                           0.15s  
  ✓ UcpSkillsSeeder - Fresh Seeding Support → it truncates table with MySQL driver                                     0.08s  
  ✓ UcpSkillsSeeder - Fresh Seeding Support → it truncates table with SQLite driver                                    0.05s  
  ✓ UcpSkillsSeeder - Evolution Relationship Setup → it sets up evolution relationships correctly                      0.16s  
  ✓ UcpSkillsSeeder - Fresh Seeding Support → it performs fresh seeding when fresh mode is enabled                     0.13s  
  ✓ UcpSkillsSeeder - Curated Skills Loading → it validates curated skills have required fields                        0.06s  
  ✓ UcpSkillsSeeder - Curated Skills Loading → it loads curated skills from data file                                  0.07s  
  ✓ UcpSkillsSeeder - Curated Skills Loading → it validates skill types are valid enums                                0.07s  
  ✓ UcpSkillsSeeder - Curated Skills Loading → it validates rarity values are valid enums                              0.08s  
  ✓ UcpSkillsSeeder - Curated Skills Loading → it validates meta_tier values are valid enums when present              0.12s  
  ✓ UcpSkillsSeeder - Curated Skills Loading → it validates base_sp_cost is a positive integer                         0.13s  
  ✓ UcpSkillsSeeder - Evolution Relationship Setup → it loads evolution pairs from data file                           0.13s  
  ✓ UcpSkillsSeeder - Evolution Relationship Setup → it handles missing skills gracefully                              0.09s  
  ✓ UcpSkillsSeeder - Fresh Seeding Support → it supports fresh method for programmatic control                        0.08s  
  ✓ UcpSkillsSeeder - Fresh Seeding Support → it handles foreign key constraints during truncation                     0.07s  

   PASS  Tests\Unit\Neuron\ConfigurationEnvironmentOverridesPropertyTest
  ✓ Property 13: Configuration Environment Overrides → it overrides any provider default configuration value with ('a… 0.14s  
  ✓ Property 13: Configuration Environment Overrides → it overrides any provider default configuration value with ('a… 0.10s  
  ✓ Property 13: Configuration Environment Overrides → it overrides any provider default configuration value with ('a… 0.05s  
  ✓ Property 13: Configuration Environment Overrides → it overrides any provider default configuration value with ('a… 0.05s  
  ✓ Property 13: Configuration Environment Overrides → it overrides any provider default configuration value with ('a… 0.04s  
  ✓ Property 13: Configuration Environment Overrides → it overrides any provider default configuration value with ('o… 0.06s  
  ✓ Property 13: Configuration Environment Overrides → it overrides any provider default configuration value with ('o… 0.04s  
  ✓ Property 13: Configuration Environment Overrides → it overrides any provider default configuration value with ('o… 0.04s  
  ✓ Property 13: Configuration Environment Overrides → it overrides any provider default configuration value with ('o… 0.04s  
  ✓ Property 13: Configuration Environment Overrides → it overrides any provider default configuration value with ('o… 0.04s  
  ✓ Property 13: Configuration Environment Overrides → it overrides any provider default configuration value with ('g… 0.06s  
  ✓ Property 13: Configuration Environment Overrides → it overrides any provider default configuration value with ('g… 0.04s  
  ✓ Property 13: Configuration Environment Overrides → it overrides any provider default configuration value with ('g… 0.04s  
  ✓ Property 13: Configuration Environment Overrides → it overrides any provider default configuration value with ('g… 0.04s  
  ✓ Property 13: Configuration Environment Overrides → it overrides any provider default configuration value with ('g… 0.04s  
  ✓ Property 13: Configuration Environment Overrides → it overrides any provider default configuration value with ('o… 0.06s  
  ✓ Property 13: Configuration Environment Overrides → it overrides any provider default configuration value with ('o… 0.04s  
  ✓ Property 13: Configuration Environment Overrides → it overrides any provider default configuration value with ('o… 0.04s  
  ✓ Property 13: Configuration Environment Overrides → it overrides any provider default configuration value with ('o… 0.04s  
  ✓ Property 13: Configuration Environment Overrides → it overrides any provider default configuration value with ('o… 0.04s  
  ✓ Property 13: Configuration Environment Overrides → it overrides any provider default configuration value with ('o… 0.06s  
  ✓ Property 13: Configuration Environment Overrides → it overrides any provider default configuration value with ('m… 0.04s  
  ✓ Property 13: Configuration Environment Overrides → it overrides any provider default configuration value with ('m… 0.04s  
  ✓ Property 13: Configuration Environment Overrides → it overrides any provider default configuration value with ('m… 0.04s  
  ✓ Property 13: Configuration Environment Overrides → it overrides any provider default configuration value with ('d… 0.04s  
  ✓ Property 13: Configuration Environment Overrides → it overrides any provider default configuration value with ('d… 0.06s  
  ✓ Property 13: Configuration Environment Overrides → it overrides any provider default configuration value with ('d… 0.04s  
  ✓ Property 13: Configuration Environment Overrides → it overrides any embedding provider configuration value with (… 0.04s  
  ✓ Property 13: Configuration Environment Overrides → it overrides any embedding provider configuration value with (… 0.04s  
  ✓ Property 13: Configuration Environment Overrides → it overrides any embedding provider configuration value with (… 0.05s  
  ✓ Property 13: Configuration Environment Overrides → it overrides any embedding provider configuration value with (… 0.08s  
  ✓ Property 13: Configuration Environment Overrides → it overrides any embedding provider configuration value with (… 0.05s  
  ✓ Property 13: Configuration Environment Overrides → it overrides any embedding provider configuration value with (… 0.04s  
  ✓ Property 13: Configuration Environment Overrides → it overrides any embedding provider configuration value with (… 0.04s  
  ✓ Property 13: Configuration Environment Overrides → it overrides any embedding provider configuration value with (… 0.04s  
  ✓ Property 13: Configuration Environment Overrides → it overrides any embedding provider configuration value with (… 0.07s  
  ✓ Property 13: Configuration Environment Overrides → it overrides any embedding provider configuration value with (… 0.04s  
  ✓ Property 13: Configuration Environment Overrides → it overrides any embedding provider configuration value with (… 0.05s  
  ✓ Property 13: Configuration Environment Overrides → it overrides any embedding provider configuration value with (… 0.04s  
  ✓ Property 13: Configuration Environment Overrides → it overrides any embedding provider configuration value with (… 0.04s  
  ✓ Property 13: Configuration Environment Overrides → it overrides any embedding provider configuration value with (… 0.06s  
  ✓ Property 13: Configuration Environment Overrides → it overrides any embedding provider configuration value with (… 0.05s  
  ✓ Property 13: Configuration Environment Overrides → it overrides any embedding provider configuration value with (… 0.05s  
  ✓ Property 13: Configuration Environment Overrides → it overrides any embedding provider configuration value with (… 0.06s  
  ✓ Property 13: Configuration Environment Overrides → it overrides any embedding provider configuration value with (… 0.06s  
  ✓ Property 13: Configuration Environment Overrides → it overrides any embedding provider configuration value with (… 0.07s  
  ✓ Property 13: Configuration Environment Overrides → it overrides any embedding provider configuration value with (… 0.05s  
  ✓ Property 13: Configuration Environment Overrides → it overrides any embedding provider configuration value with (… 0.05s  
  ✓ Property 13: Configuration Environment Overrides → it overrides any vector store configuration value with ('file'… 0.06s  
  ✓ Property 13: Configuration Environment Overrides → it overrides any vector store configuration value with ('file'… 0.05s  
  ✓ Property 13: Configuration Environment Overrides → it overrides any vector store configuration value with ('file'… 0.10s  
  ✓ Property 13: Configuration Environment Overrides → it overrides any vector store configuration value with ('file'… 0.11s  
  ✓ Property 13: Configuration Environment Overrides → it overrides any vector store configuration value with ('file'… 0.09s  
  ✓ Property 13: Configuration Environment Overrides → it overrides any vector store configuration value with ('file'… 0.04s  
  ✓ Property 13: Configuration Environment Overrides → it overrides any vector store configuration value with ('file'… 0.04s  
  ✓ Property 13: Configuration Environment Overrides → it overrides any vector store configuration value with ('file'… 0.07s  
  ✓ Property 13: Configuration Environment Overrides → it overrides any vector store configuration value with ('file'… 0.05s  
  ✓ Property 13: Configuration Environment Overrides → it overrides any vector store configuration value with ('file'… 0.05s  
  ✓ Property 13: Configuration Environment Overrides → it overrides any vector store configuration value with ('pinec… 0.06s  
  ✓ Property 13: Configuration Environment Overrides → it overrides any vector store configuration value with ('pinec… 0.07s  
  ✓ Property 13: Configuration Environment Overrides → it overrides any vector store configuration value with ('pinec… 0.09s  
  ✓ Property 13: Configuration Environment Overrides → it overrides any vector store configuration value with ('pinec… 0.06s  
  ✓ Property 13: Configuration Environment Overrides → it overrides any vector store configuration value with ('pinec… 0.07s  
  ✓ Property 13: Configuration Environment Overrides → it overrides any vector store configuration value with ('pinec… 0.06s  
  ✓ Property 13: Configuration Environment Overrides → it overrides any vector store configuration value with ('pinec… 0.05s  
  ✓ Property 13: Configuration Environment Overrides → it overrides any vector store configuration value with ('qdran… 0.07s  
  ✓ Property 13: Configuration Environment Overrides → it overrides any vector store configuration value with ('qdran… 0.05s  
  ✓ Property 13: Configuration Environment Overrides → it overrides any vector store configuration value with ('qdran… 0.05s  
  ✓ Property 13: Configuration Environment Overrides → it overrides any vector store configuration value with ('qdran… 0.05s  
  ✓ Property 13: Configuration Environment Overrides → it overrides any vector store configuration value with ('qdran… 0.04s  
  ✓ Property 13: Configuration Environment Overrides → it overrides any vector store configuration value with ('qdran… 0.06s  
  ✓ Property 13: Configuration Environment Overrides → it overrides any vector store configuration value with ('meili… 0.04s  
  ✓ Property 13: Configuration Environment Overrides → it overrides any vector store configuration value with ('meili… 0.04s  
  ✓ Property 13: Configuration Environment Overrides → it overrides any vector store configuration value with ('meili… 0.04s  
  ✓ Property 13: Configuration Environment Overrides → it overrides any vector store configuration value with ('meili… 0.04s  
  ✓ Property 13: Configuration Environment Overrides → it overrides any vector store configuration value with ('meili… 0.07s  
  ✓ Property 13: Configuration Environment Overrides → it overrides any vector store configuration value with ('meili… 0.04s  
  ✓ Property 13: Configuration Environment Overrides → it overrides any vector store configuration value with ('meili… 0.05s  
  ✓ Property 13: Configuration Environment Overrides → it overrides any vector store configuration value with ('meili… 0.05s  
  ✓ Property 13: Configuration Environment Overrides → it overrides any vector store configuration value with ('chrom… 0.04s  
  ✓ Property 13: Configuration Environment Overrides → it overrides any vector store configuration value with ('chrom… 0.06s  
  ✓ Property 13: Configuration Environment Overrides → it overrides any vector store configuration value with ('chrom… 0.04s  
  ✓ Property 13: Configuration Environment Overrides → it overrides any vector store configuration value with ('chrom… 0.04s  
  ✓ Property 13: Configuration Environment Overrides → it overrides any vector store configuration value with ('chrom… 0.04s  
  ✓ Property 13: Configuration Environment Overrides → it overrides any vector store configuration value with ('chrom… 0.04s  
  ✓ Property 13: Configuration Environment Overrides → it overrides any vector store configuration value with ('chrom… 0.06s  
  ✓ Property 13: Configuration Environment Overrides → it overrides any vector store configuration value with ('chrom… 0.04s  
  ✓ Property 13: Configuration Environment Overrides → it overrides top-level configuration values with ('provider.de… 0.04s  
  ✓ Property 13: Configuration Environment Overrides → it overrides top-level configuration values with ('provider.de… 0.04s  
  ✓ Property 13: Configuration Environment Overrides → it overrides top-level configuration values with ('provider.de… 0.04s  
  ✓ Property 13: Configuration Environment Overrides → it overrides top-level configuration values with ('provider.de… 0.06s  
  ✓ Property 13: Configuration Environment Overrides → it overrides top-level configuration values with ('provider.de… 0.04s  
  ✓ Property 13: Configuration Environment Overrides → it overrides top-level configuration values with ('embedding.d… 0.04s  
  ✓ Property 13: Configuration Environment Overrides → it overrides top-level configuration values with ('embedding.d… 0.04s  
  ✓ Property 13: Configuration Environment Overrides → it overrides top-level configuration values with ('embedding.d… 0.04s  
  ✓ Property 13: Configuration Environment Overrides → it overrides top-level configuration values with ('embedding.d… 0.06s  
  ✓ Property 13: Configuration Environment Overrides → it overrides top-level configuration values with ('embedding.d… 0.04s  
  ✓ Property 13: Configuration Environment Overrides → it overrides top-level configuration values with ('store.defau… 0.04s  
  ✓ Property 13: Configuration Environment Overrides → it overrides top-level configuration values with ('store.defau… 0.04s  
  ✓ Property 13: Configuration Environment Overrides → it overrides top-level configuration values with ('store.defau… 0.04s  
  ✓ Property 13: Configuration Environment Overrides → it overrides top-level configuration values with ('store.defau… 0.06s  
  ✓ Property 13: Configuration Environment Overrides → it overrides top-level configuration values with ('store.defau… 0.04s  
  ✓ Property 13: Configuration Environment Overrides → it overrides system prompt configuration values with ('backgro… 0.04s  
  ✓ Property 13: Configuration Environment Overrides → it overrides system prompt configuration values with ('backgro… 0.04s  
  ✓ Property 13: Configuration Environment Overrides → it overrides system prompt configuration values with ('backgro… 0.04s  
  ✓ Property 13: Configuration Environment Overrides → it overrides system prompt configuration values with ('steps',… 0.06s  
  ✓ Property 13: Configuration Environment Overrides → it overrides system prompt configuration values with ('steps',… 0.05s  
  ✓ Property 13: Configuration Environment Overrides → it overrides system prompt configuration values with ('steps',… 0.05s  
  ✓ Property 13: Configuration Environment Overrides → it overrides system prompt configuration values with ('output'… 0.04s  
  ✓ Property 13: Configuration Environment Overrides → it overrides system prompt configuration values with ('output'… 0.04s  
  ✓ Property 13: Configuration Environment Overrides → it overrides system prompt configuration values with ('output'… 0.06s  
  ✓ Property 13: Configuration Environment Overrides → it overrides MCP configuration values with ('enabled', true)    0.04s  
  ✓ Property 13: Configuration Environment Overrides → it overrides MCP configuration values with ('enabled', false)   0.04s  
  ✓ Property 13: Configuration Environment Overrides → it overrides MCP configuration values with ('connection.timeou… 0.04s  
  ✓ Property 13: Configuration Environment Overrides → it overrides MCP configuration values with ('connection.timeou… 0.04s  
  ✓ Property 13: Configuration Environment Overrides → it overrides MCP configuration values with ('connection.timeou… 0.06s  
  ✓ Property 13: Configuration Environment Overrides → it overrides MCP configuration values with ('connection.retry_… 0.04s  
  ✓ Property 13: Configuration Environment Overrides → it overrides MCP configuration values with ('connection.retry_… 0.04s  
  ✓ Property 13: Configuration Environment Overrides → it overrides MCP configuration values with ('connection.retry_… 0.04s  
  ✓ Property 13: Configuration Environment Overrides → it overrides MCP configuration values with ('connection.retry_… 0.04s  
  ✓ Property 13: Configuration Environment Overrides → it overrides MCP configuration values with ('connection.retry_… 0.06s  
  ✓ Property 13: Configuration Environment Overrides → it overrides MCP configuration values with ('connection.retry_… 0.04s  
  ✓ Property 13: Configuration Environment Overrides → it overrides MCP local server configuration values with ('memo… 0.04s  
  ✓ Property 13: Configuration Environment Overrides → it overrides MCP local server configuration values with ('memo… 0.04s  
  ✓ Property 13: Configuration Environment Overrides → it overrides MCP local server configuration values with ('memo… 0.04s  
  ✓ Property 13: Configuration Environment Overrides → it overrides MCP local server configuration values with ('memo… 0.06s  
  ✓ Property 13: Configuration Environment Overrides → it overrides MCP local server configuration values with ('memo… 0.04s  
  ✓ Property 13: Configuration Environment Overrides → it overrides MCP local server configuration values with ('memo… 0.04s  
  ✓ Property 13: Configuration Environment Overrides → it overrides MCP local server configuration values with ('memo… 0.04s  
  ✓ Property 13: Configuration Environment Overrides → it overrides MCP local server configuration values with ('file… 0.04s  
  ✓ Property 13: Configuration Environment Overrides → it overrides MCP local server configuration values with ('file… 0.06s  
  ✓ Property 13: Configuration Environment Overrides → it overrides MCP local server configuration values with ('file… 0.04s  
  ✓ Property 13: Configuration Environment Overrides → it overrides MCP local server configuration values with ('file… 0.04s  
  ✓ Property 13: Configuration Environment Overrides → it overrides MCP local server configuration values with ('file… 0.06s  
  ✓ Property 13: Configuration Environment Overrides → it overrides MCP local server configuration values with ('file… 0.06s  
  ✓ Property 13: Configuration Environment Overrides → it overrides MCP local server configuration values with ('fetc… 0.07s  
  ✓ Property 13: Configuration Environment Overrides → it overrides MCP local server configuration values with ('fetc… 0.04s  
  ✓ Property 13: Configuration Environment Overrides → it overrides MCP local server configuration values with ('fetc… 0.04s  
  ✓ Property 13: Configuration Environment Overrides → it overrides MCP local server configuration values with ('fetc… 0.04s  
  ✓ Property 13: Configuration Environment Overrides → it overrides MCP local server configuration values with ('fetc… 0.04s  
  ✓ Property 13: Configuration Environment Overrides → it overrides MCP local server configuration values with ('fetc… 0.06s  
  ✓ Property 13: Configuration Environment Overrides → it overrides MCP remote server configuration values with ('uma… 0.04s  
  ✓ Property 13: Configuration Environment Overrides → it overrides MCP remote server configuration values with ('uma… 0.04s  
  ✓ Property 13: Configuration Environment Overrides → it overrides MCP remote server configuration values with ('uma… 0.04s  
  ✓ Property 13: Configuration Environment Overrides → it overrides MCP remote server configuration values with ('uma… 0.04s  
  ✓ Property 13: Configuration Environment Overrides → it overrides MCP remote server configuration values with ('uma… 0.07s  
  ✓ Property 13: Configuration Environment Overrides → it overrides MCP remote server configuration values with ('uma… 0.04s  
  ✓ Property 13: Configuration Environment Overrides → it overrides MCP remote server configuration values with ('uma… 0.04s  
  ✓ Property 13: Configuration Environment Overrides → it overrides MCP remote server configuration values with ('uma… 0.04s  
  ✓ Property 13: Configuration Environment Overrides → it overrides MCP remote server configuration values with ('cus… 0.04s  
  ✓ Property 13: Configuration Environment Overrides → it overrides MCP remote server configuration values with ('cus… 0.06s  
  ✓ Property 13: Configuration Environment Overrides → it overrides MCP remote server configuration values with ('cus… 0.05s  
  ✓ Property 13: Configuration Environment Overrides → it overrides MCP remote server configuration values with ('cus… 0.04s  
  ✓ Property 13: Configuration Environment Overrides → it overrides MCP remote server configuration values with ('cus… 0.04s  
  ✓ Property 13: Configuration Environment Overrides → it overrides MCP remote server configuration values with ('cus… 0.04s  
  ✓ Property 13: Configuration Environment Overrides → it overrides MCP remote server configuration values with ('cus… 0.06s  
  ✓ Property 13: Configuration Environment Overrides → it preserves configuration type when overriding with ('neuron.… 0.04s  
  ✓ Property 13: Configuration Environment Overrides → it preserves configuration type when overriding with ('neuron.… 0.04s  
  ✓ Property 13: Configuration Environment Overrides → it preserves configuration type when overriding with ('neuron.… 0.04s  
  ✓ Property 13: Configuration Environment Overrides → it preserves configuration type when overriding with ('neuron.… 0.04s  
  ✓ Property 13: Configuration Environment Overrides → it preserves configuration type when overriding with ('neuron.… 0.06s  
  ✓ Property 13: Configuration Environment Overrides → it preserves configuration type when overriding with ('neuron.… 0.04s  
  ✓ Property 13: Configuration Environment Overrides → it preserves configuration type when overriding with ('neuron.… 0.04s  
  ✓ Property 13: Configuration Environment Overrides → it preserves configuration type when overriding with ('neuron.… 0.05s  
  ✓ Property 13: Configuration Environment Overrides → it preserves configuration type when overriding with ('neuron.… 0.05s  
  ✓ Property 13: Configuration Environment Overrides → it preserves configuration type when overriding with ('neuron.… 0.07s  
  ✓ Property 13: Configuration Environment Overrides → it preserves configuration type when overriding with ('neuron.… 0.04s  
  ✓ Property 13: Configuration Environment Overrides → it preserves configuration type when overriding with ('neuron.… 0.04s  
  ✓ Property 13: Configuration Environment Overrides → it handles nested configuration overrides correctly with ('neu… 0.04s  
  ✓ Property 13: Configuration Environment Overrides → it handles nested configuration overrides correctly with ('neu… 0.04s  
  ✓ Property 13: Configuration Environment Overrides → it handles nested configuration overrides correctly with ('neu… 0.06s  
  ✓ Property 13: Configuration Environment Overrides → it handles nested configuration overrides correctly with ('neu… 0.04s  
  ✓ Property 13: Configuration Environment Overrides → it handles nested configuration overrides correctly with ('neu… 0.04s  
  ✓ Property 13: Configuration Environment Overrides → it handles nested configuration overrides correctly with ('neu… 0.04s  
  ✓ Property 13: Configuration Environment Overrides → it handles nested configuration overrides correctly with ('neu… 0.04s  
  ✓ Property 13: Configuration Environment Overrides → it handles nested configuration overrides correctly with ('neu… 0.06s  
  ✓ Property 13: Configuration Environment Overrides → it overrides configuration values with special characters with… 0.04s  
  ✓ Property 13: Configuration Environment Overrides → it overrides configuration values with special characters with… 0.04s  
  ✓ Property 13: Configuration Environment Overrides → it overrides configuration values with special characters with… 0.04s  
  ✓ Property 13: Configuration Environment Overrides → it overrides configuration values with special characters with… 0.04s  
  ✓ Property 13: Configuration Environment Overrides → it overrides configuration values with special characters with… 0.06s  
  ✓ Property 13: Configuration Environment Overrides → it overrides configuration values with special characters with… 0.04s  
  ✓ Property 13: Configuration Environment Overrides → it overrides configuration values with special characters with… 0.04s  
  ✓ Property 13: Configuration Environment Overrides → it overrides configuration values with special characters with… 0.04s  
  ✓ Property 13: Configuration Environment Overrides → it allows multiple overrides to coexist independently           0.04s  

   PASS  Tests\Unit\Neuron\ConfigurationTest
  ✓ Neuron Configuration → Config File Structure → it has system_prompt configuration                                  0.18s  
  ✓ Neuron Configuration → Config File Structure → it has provider configuration                                       0.07s  
  ✓ Neuron Configuration → Config File Structure → it has anthropic provider configuration                             0.04s  
  ✓ Neuron Configuration → Config File Structure → it has openai provider configuration                                0.04s  
  ✓ Neuron Configuration → Config File Structure → it has ollama provider configuration                                0.04s  
  ✓ Neuron Configuration → Config File Structure → it has gemini provider configuration                                0.04s  
  ✓ Neuron Configuration → Config File Structure → it has embedding configuration                                      0.06s  
  ✓ Neuron Configuration → Config File Structure → it has vector store configuration                                   0.04s  
  ✓ Neuron Configuration → Environment Variable Overrides → it overrides default provider from environment             0.04s  
  ✓ Neuron Configuration → Environment Variable Overrides → it overrides anthropic key from environment                0.04s  
  ✓ Neuron Configuration → Environment Variable Overrides → it overrides anthropic model from environment              0.04s  
  ✓ Neuron Configuration → Environment Variable Overrides → it overrides openai key from environment                   0.06s  
  ✓ Neuron Configuration → Environment Variable Overrides → it overrides openai model from environment                 0.04s  
  ✓ Neuron Configuration → Environment Variable Overrides → it overrides ollama url from environment                   0.04s  
  ✓ Neuron Configuration → Environment Variable Overrides → it overrides ollama model from environment                 0.04s  
  ✓ Neuron Configuration → Environment Variable Overrides → it overrides gemini key from environment                   0.04s  
  ✓ Neuron Configuration → Environment Variable Overrides → it overrides embedding provider from environment           0.06s  
  ✓ Neuron Configuration → Environment Variable Overrides → it overrides vector store provider from environment        0.04s  
  ✓ Neuron Configuration → Provider Configuration Retrieval → it retrieves complete anthropic provider configuration   0.04s  
  ✓ Neuron Configuration → Provider Configuration Retrieval → it retrieves complete openai provider configuration      0.04s  
  ✓ Neuron Configuration → Provider Configuration Retrieval → it retrieves complete ollama provider configuration      0.04s  
  ✓ Neuron Configuration → Provider Configuration Retrieval → it retrieves complete gemini provider configuration      0.06s  
  ✓ Neuron Configuration → Provider Configuration Retrieval → it retrieves default provider name                       0.04s  
  ✓ Neuron Configuration → Provider Configuration Retrieval → it retrieves provider configuration by default provider… 0.04s  
  ✓ Neuron Configuration → Provider Configuration Retrieval → it retrieves embedding provider configuration            0.04s  
  ✓ Neuron Configuration → Provider Configuration Retrieval → it retrieves vector store configuration                  0.04s  
  ✓ Neuron Configuration → Provider Configuration Retrieval → it retrieves system prompt configuration                 0.06s  
  ✓ Neuron Configuration → Provider Configuration Retrieval → it handles missing provider configuration gracefully     0.04s  
  ✓ Neuron Configuration → Provider Configuration Retrieval → it handles missing embedding provider configuration gra… 0.04s  
  ✓ Neuron Configuration → Provider Configuration Retrieval → it handles missing vector store configuration gracefull… 0.04s  
  ✓ Neuron Configuration → Configuration Defaults → it has anthropic as default provider                               0.05s  
  ✓ Neuron Configuration → Configuration Defaults → it has claude-3-5-sonnet as default anthropic model                0.06s  
  ✓ Neuron Configuration → Configuration Defaults → it has gpt-4 as default openai model                               0.04s  
  ✓ Neuron Configuration → Configuration Defaults → it has localhost as default ollama url                             0.04s  
  ✓ Neuron Configuration → Configuration Defaults → it has llama2 as default ollama model                              0.04s  
  ✓ Neuron Configuration → Configuration Defaults → it has openai as default embedding provider                        0.04s  
  ✓ Neuron Configuration → Configuration Defaults → it has file as default vector store                                0.06s  
  ✓ Neuron Configuration → Configuration Defaults → it has empty parameters array by default for providers             0.04s  
  ✓ Neuron Configuration → Configuration Validation → it ensures provider configuration has required keys              0.04s  
  ✓ Neuron Configuration → Configuration Validation → it ensures ollama configuration has required keys                0.04s  
  ✓ Neuron Configuration → Configuration Validation → it ensures embedding providers have required keys                0.04s  
  ✓ Neuron Configuration → Configuration Validation → it ensures vector stores have required keys                      0.06s  
  ✓ Neuron Configuration → Configuration Validation → it ensures file store has directory configuration                0.04s  

   PASS  Tests\Unit\Neuron\InvalidProviderConfigurationExceptionsPropertyTest
  ✓ Property 2: Invalid Provider Configuration Exceptions → it throws exception when provider configuration is missin… 0.07s  
  ✓ Property 2: Invalid Provider Configuration Exceptions → it throws exception when provider configuration is missin… 0.06s  
  ✓ Property 2: Invalid Provider Configuration Exceptions → it throws exception when provider configuration is missin… 0.04s  
  ✓ Property 2: Invalid Provider Configuration Exceptions → it throws exception when provider configuration is missin… 0.04s  
  ✓ Property 2: Invalid Provider Configuration Exceptions → it throws exception when provider configuration is missin… 0.04s  
  ✓ Property 2: Invalid Provider Configuration Exceptions → it throws exception when provider configuration is missin… 0.04s  
  ✓ Property 2: Invalid Provider Configuration Exceptions → it throws exception when provider configuration is missin… 0.06s  
  ✓ Property 2: Invalid Provider Configuration Exceptions → it throws exception when provider configuration is missin… 0.04s  
  ✓ Property 2: Invalid Provider Configuration Exceptions → it throws exception when provider configuration is missin… 0.04s  
  ✓ Property 2: Invalid Provider Configuration Exceptions → it throws exception when provider configuration is missin… 0.04s  
  ✓ Property 2: Invalid Provider Configuration Exceptions → it throws exception when provider configuration is missin… 0.04s  
  ✓ Property 2: Invalid Provider Configuration Exceptions → it throws exception when provider configuration is missin… 0.06s  
  ✓ Property 2: Invalid Provider Configuration Exceptions → it throws exception when provider configuration is missin… 0.04s  
  ✓ Property 2: Invalid Provider Configuration Exceptions → it throws exception when provider configuration is missin… 0.04s  
  ✓ Property 2: Invalid Provider Configuration Exceptions → it throws exception when provider configuration is missin… 0.04s  
  ✓ Property 2: Invalid Provider Configuration Exceptions → it handles invalid provider name gracefully with ('nonexi… 0.04s  
  ✓ Property 2: Invalid Provider Configuration Exceptions → it handles invalid provider name gracefully with ('invali… 0.06s  
  ✓ Property 2: Invalid Provider Configuration Exceptions → it handles invalid provider name gracefully with ('unknow… 0.04s  
  ✓ Property 2: Invalid Provider Configuration Exceptions → it handles invalid provider name gracefully with ('fake_l… 0.04s  
  ✓ Property 2: Invalid Provider Configuration Exceptions → it handles invalid provider name gracefully with ('test-p… 0.04s  
  ✓ Property 2: Invalid Provider Configuration Exceptions → it handles invalid provider name gracefully with ('')      0.04s  
  ✓ Property 2: Invalid Provider Configuration Exceptions → it handles invalid provider name gracefully with ('null')  0.06s  
  ✓ Property 2: Invalid Provider Configuration Exceptions → it handles invalid provider name gracefully with ('0')     0.04s  
  ✓ Property 2: Invalid Provider Configuration Exceptions → it handles invalid provider name gracefully with ('false'… 0.04s  
  ✓ Property 2: Invalid Provider Configuration Exceptions → it handles empty provider configuration with ('anthropic'… 0.04s  
  ✓ Property 2: Invalid Provider Configuration Exceptions → it handles empty provider configuration with ('openai')    0.04s  
  ✓ Property 2: Invalid Provider Configuration Exceptions → it handles empty provider configuration with ('gemini')    0.06s  
  ✓ Property 2: Invalid Provider Configuration Exceptions → it handles empty provider configuration with ('ollama')    0.04s  
  ✓ Property 2: Invalid Provider Configuration Exceptions → it handles empty provider configuration with ('mistral')   0.04s  
  ✓ Property 2: Invalid Provider Configuration Exceptions → it handles empty provider configuration with ('deepseek')  0.04s  
  ✓ Property 2: Invalid Provider Configuration Exceptions → it handles null provider configuration values with ('anth… 0.04s  
  ✓ Property 2: Invalid Provider Configuration Exceptions → it handles null provider configuration values with ('anth… 0.06s  
  ✓ Property 2: Invalid Provider Configuration Exceptions → it handles null provider configuration values with ('open… 0.04s  
  ✓ Property 2: Invalid Provider Configuration Exceptions → it handles null provider configuration values with ('open… 0.04s  
  ✓ Property 2: Invalid Provider Configuration Exceptions → it handles null provider configuration values with ('gemi… 0.04s  
  ✓ Property 2: Invalid Provider Configuration Exceptions → it handles null provider configuration values with ('gemi… 0.05s  
  ✓ Property 2: Invalid Provider Configuration Exceptions → it handles null provider configuration values with ('olla… 0.06s  
  ✓ Property 2: Invalid Provider Configuration Exceptions → it handles null provider configuration values with ('olla… 0.04s  
  ✓ Property 2: Invalid Provider Configuration Exceptions → it handles null provider configuration values with ('mist… 0.04s  
  ✓ Property 2: Invalid Provider Configuration Exceptions → it handles null provider configuration values with ('mist… 0.04s  
  ✓ Property 2: Invalid Provider Configuration Exceptions → it handles null provider configuration values with ('deep… 0.04s  
  ✓ Property 2: Invalid Provider Configuration Exceptions → it handles null provider configuration values with ('deep… 0.06s  
  ✓ Property 2: Invalid Provider Configuration Exceptions → it handles invalid data types in provider configuration w… 0.04s  
  ✓ Property 2: Invalid Provider Configuration Exceptions → it handles invalid data types in provider configuration w… 0.04s  
  ✓ Property 2: Invalid Provider Configuration Exceptions → it handles invalid data types in provider configuration w… 0.04s  
  ✓ Property 2: Invalid Provider Configuration Exceptions → it handles invalid data types in provider configuration w… 0.04s  
  ✓ Property 2: Invalid Provider Configuration Exceptions → it handles invalid data types in provider configuration w… 0.06s  
  ✓ Property 2: Invalid Provider Configuration Exceptions → it handles invalid data types in provider configuration w… 0.04s  
  ✓ Property 2: Invalid Provider Configuration Exceptions → it handles invalid data types in provider configuration w… 0.04s  
  ✓ Property 2: Invalid Provider Configuration Exceptions → it handles invalid data types in provider configuration w… 0.04s  
  ✓ Property 2: Invalid Provider Configuration Exceptions → it handles invalid data types in provider configuration w… 0.04s  
  ✓ Property 2: Invalid Provider Configuration Exceptions → it handles invalid data types in provider configuration w… 0.06s  
  ✓ Property 2: Invalid Provider Configuration Exceptions → it handles missing parameters array in provider configura… 0.04s  
  ✓ Property 2: Invalid Provider Configuration Exceptions → it handles missing parameters array in provider configura… 0.04s  
  ✓ Property 2: Invalid Provider Configuration Exceptions → it handles missing parameters array in provider configura… 0.04s  
  ✓ Property 2: Invalid Provider Configuration Exceptions → it handles missing parameters array in provider configura… 0.04s  
  ✓ Property 2: Invalid Provider Configuration Exceptions → it handles missing parameters array in provider configura… 0.06s  
  ✓ Property 2: Invalid Provider Configuration Exceptions → it handles missing parameters array in provider configura… 0.04s  
  ✓ Property 2: Invalid Provider Configuration Exceptions → it handles invalid parameters structure in provider confi… 0.04s  
  ✓ Property 2: Invalid Provider Configuration Exceptions → it handles invalid parameters structure in provider confi… 0.04s  
  ✓ Property 2: Invalid Provider Configuration Exceptions → it handles invalid parameters structure in provider confi… 0.04s  
  ✓ Property 2: Invalid Provider Configuration Exceptions → it handles invalid parameters structure in provider confi… 0.06s  
  ✓ Property 2: Invalid Provider Configuration Exceptions → it handles invalid parameters structure in provider confi… 0.04s  
  ✓ Property 2: Invalid Provider Configuration Exceptions → it handles invalid parameters structure in provider confi… 0.04s  
  ✓ Property 2: Invalid Provider Configuration Exceptions → it handles invalid parameters structure in provider confi… 0.04s  
  ✓ Property 2: Invalid Provider Configuration Exceptions → it handles invalid parameters structure in provider confi… 0.04s  
  ✓ Property 2: Invalid Provider Configuration Exceptions → it handles completely missing provider configuration with… 0.06s  
  ✓ Property 2: Invalid Provider Configuration Exceptions → it handles completely missing provider configuration with… 0.04s  
  ✓ Property 2: Invalid Provider Configuration Exceptions → it handles completely missing provider configuration with… 0.04s  
  ✓ Property 2: Invalid Provider Configuration Exceptions → it handles completely missing provider configuration with… 0.04s  
  ✓ Property 2: Invalid Provider Configuration Exceptions → it handles completely missing provider configuration with… 0.04s  
  ✓ Property 2: Invalid Provider Configuration Exceptions → it handles completely missing provider configuration with… 0.06s  
  ✓ Property 2: Invalid Provider Configuration Exceptions → it handles invalid default provider configuration with ('… 0.04s  
  ✓ Property 2: Invalid Provider Configuration Exceptions → it handles invalid default provider configuration with ('… 0.04s  
  ✓ Property 2: Invalid Provider Configuration Exceptions → it handles invalid default provider configuration with ('… 0.04s  
  ✓ Property 2: Invalid Provider Configuration Exceptions → it handles invalid default provider configuration with ('… 0.04s  
  ✓ Property 2: Invalid Provider Configuration Exceptions → it handles invalid default provider configuration with ('… 0.06s  
  ✓ Property 2: Invalid Provider Configuration Exceptions → it handles invalid default provider configuration with ('… 0.04s  
  ✓ Property 2: Invalid Provider Configuration Exceptions → it handles invalid default provider configuration with ('… 0.04s  
  ✓ Property 2: Invalid Provider Configuration Exceptions → it handles invalid default provider configuration with ('… 0.04s  
  ✓ Property 2: Invalid Provider Configuration Exceptions → it handles empty string values in provider configuration…  0.04s  
  ✓ Property 2: Invalid Provider Configuration Exceptions → it handles empty string values in provider configuration…  0.06s  
  ✓ Property 2: Invalid Provider Configuration Exceptions → it handles empty string values in provider configuration…  0.04s  
  ✓ Property 2: Invalid Provider Configuration Exceptions → it handles empty string values in provider configuration…  0.05s  
  ✓ Property 2: Invalid Provider Configuration Exceptions → it handles empty string values in provider configuration…  0.04s  
  ✓ Property 2: Invalid Provider Configuration Exceptions → it handles empty string values in provider configuration…  0.04s  
  ✓ Property 2: Invalid Provider Configuration Exceptions → it handles empty string values in provider configuration…  0.06s  
  ✓ Property 2: Invalid Provider Configuration Exceptions → it handles empty string values in provider configuration…  0.04s  
  ✓ Property 2: Invalid Provider Configuration Exceptions → it handles empty string values in provider configuration…  0.04s  
  ✓ Property 2: Invalid Provider Configuration Exceptions → it handles empty string values in provider configuration…  0.04s  
  ✓ Property 2: Invalid Provider Configuration Exceptions → it handles whitespace-only values in provider configurati… 0.04s  
  ✓ Property 2: Invalid Provider Configuration Exceptions → it handles whitespace-only values in provider configurati… 0.06s  
  ✓ Property 2: Invalid Provider Configuration Exceptions → it handles whitespace-only values in provider configurati… 0.04s  
  ✓ Property 2: Invalid Provider Configuration Exceptions → it handles whitespace-only values in provider configurati… 0.05s  
  ✓ Property 2: Invalid Provider Configuration Exceptions → it handles whitespace-only values in provider configurati… 0.05s  
  ✓ Property 2: Invalid Provider Configuration Exceptions → it handles whitespace-only values in provider configurati… 0.04s  
  ✓ Property 2: Invalid Provider Configuration Exceptions → it handles whitespace-only values in provider configurati… 0.06s  
  ✓ Property 2: Invalid Provider Configuration Exceptions → it handles whitespace-only values in provider configurati… 0.05s  
  ✓ Property 2: Invalid Provider Configuration Exceptions → it throws exception when provider configuration is missin… 0.04s  
  ✓ Property 2: Invalid Provider Configuration Exceptions → it handles malformed URL in ollama provider configuration… 0.04s  
  ✓ Property 2: Invalid Provider Configuration Exceptions → it handles malformed URL in ollama provider configuration… 0.04s  
  ✓ Property 2: Invalid Provider Configuration Exceptions → it handles malformed URL in ollama provider configuration… 0.06s  
  ✓ Property 2: Invalid Provider Configuration Exceptions → it handles malformed URL in ollama provider configuration… 0.05s  
  ✓ Property 2: Invalid Provider Configuration Exceptions → it handles malformed URL in ollama provider configuration… 0.05s  
  ✓ Property 2: Invalid Provider Configuration Exceptions → it handles malformed URL in ollama provider configuration… 0.04s  
  ✓ Property 2: Invalid Provider Configuration Exceptions → it handles malformed URL in ollama provider configuration… 0.04s  
  ✓ Property 2: Invalid Provider Configuration Exceptions → it handles malformed URL in ollama provider configuration… 0.06s  
  ✓ Property 2: Invalid Provider Configuration Exceptions → it handles malformed URL in ollama provider configuration… 0.04s  
  ✓ Property 2: Invalid Provider Configuration Exceptions → it handles malformed URL in ollama provider configuration… 0.04s  
  ✓ Property 2: Invalid Provider Configuration Exceptions → it handles negative or zero values in provider parameters… 0.04s  
  ✓ Property 2: Invalid Provider Configuration Exceptions → it handles negative or zero values in provider parameters… 0.04s  
  ✓ Property 2: Invalid Provider Configuration Exceptions → it handles negative or zero values in provider parameters… 0.07s  
  ✓ Property 2: Invalid Provider Configuration Exceptions → it handles negative or zero values in provider parameters… 0.04s  
  ✓ Property 2: Invalid Provider Configuration Exceptions → it handles negative or zero values in provider parameters… 0.04s  
  ✓ Property 2: Invalid Provider Configuration Exceptions → it handles negative or zero values in provider parameters… 0.04s  
  ✓ Property 2: Invalid Provider Configuration Exceptions → it handles negative or zero values in provider parameters… 0.04s  
  ✓ Property 2: Invalid Provider Configuration Exceptions → it handles negative or zero values in provider parameters… 0.06s  
  ✓ Property 2: Invalid Provider Configuration Exceptions → it handles out-of-range values in provider parameters wit… 0.04s  
  ✓ Property 2: Invalid Provider Configuration Exceptions → it handles out-of-range values in provider parameters wit… 0.04s  
  ✓ Property 2: Invalid Provider Configuration Exceptions → it handles out-of-range values in provider parameters wit… 0.04s  
  ✓ Property 2: Invalid Provider Configuration Exceptions → it handles out-of-range values in provider parameters wit… 0.04s  
  ✓ Property 2: Invalid Provider Configuration Exceptions → it handles out-of-range values in provider parameters wit… 0.06s  
  ✓ Property 2: Invalid Provider Configuration Exceptions → it handles out-of-range values in provider parameters wit… 0.04s  
  ✓ Property 2: Invalid Provider Configuration Exceptions → it handles out-of-range values in provider parameters wit… 0.04s  
  ✓ Property 2: Invalid Provider Configuration Exceptions → it handles missing required configuration for key-based p… 0.04s  
  ✓ Property 2: Invalid Provider Configuration Exceptions → it handles missing required configuration for key-based p… 0.04s  
  ✓ Property 2: Invalid Provider Configuration Exceptions → it handles missing required configuration for key-based p… 0.06s  
  ✓ Property 2: Invalid Provider Configuration Exceptions → it handles missing required configuration for key-based p… 0.04s  
  ✓ Property 2: Invalid Provider Configuration Exceptions → it handles missing required configuration for key-based p… 0.04s  
  ✓ Property 2: Invalid Provider Configuration Exceptions → it handles missing required configuration for key-based p… 0.04s  
  ✓ Property 2: Invalid Provider Configuration Exceptions → it handles missing required configuration for key-based p… 0.04s  
  ✓ Property 2: Invalid Provider Configuration Exceptions → it handles provider configuration with extra unexpected k… 0.07s  
  ✓ Property 2: Invalid Provider Configuration Exceptions → it handles provider configuration with extra unexpected k… 0.04s  
  ✓ Property 2: Invalid Provider Configuration Exceptions → it handles provider configuration with extra unexpected k… 0.04s  
  ✓ Property 2: Invalid Provider Configuration Exceptions → it handles provider configuration with extra unexpected k… 0.04s  
  ✓ Property 2: Invalid Provider Configuration Exceptions → it handles provider configuration with extra unexpected k… 0.04s  
  ✓ Property 2: Invalid Provider Configuration Exceptions → it handles provider configuration with extra unexpected k… 0.06s  
  ✓ Property 2: Invalid Provider Configuration Exceptions → it handles deeply nested invalid configuration with ('ant… 0.04s  
  ✓ Property 2: Invalid Provider Configuration Exceptions → it handles deeply nested invalid configuration with ('ope… 0.04s  
  ✓ Property 2: Invalid Provider Configuration Exceptions → it handles deeply nested invalid configuration with ('gem… 0.04s  
  ✓ Property 2: Invalid Provider Configuration Exceptions → it handles deeply nested invalid configuration with ('oll… 0.04s  
  ✓ Property 2: Invalid Provider Configuration Exceptions → it handles object-like array in provider configuration wi… 0.06s  
  ✓ Property 2: Invalid Provider Configuration Exceptions → it handles object-like array in provider configuration wi… 0.04s  
  ✓ Property 2: Invalid Provider Configuration Exceptions → it handles object-like array in provider configuration wi… 0.04s  
  ✓ Property 2: Invalid Provider Configuration Exceptions → it handles very long string values in provider configurat… 0.04s  
  ✓ Property 2: Invalid Provider Configuration Exceptions → it handles very long string values in provider configurat… 0.04s  
  ✓ Property 2: Invalid Provider Configuration Exceptions → it handles very long string values in provider configurat… 0.06s  
  ✓ Property 2: Invalid Provider Configuration Exceptions → it handles very long string values in provider configurat… 0.04s  
  ✓ Property 2: Invalid Provider Configuration Exceptions → it handles special characters in provider configuration k… 0.04s  
  ✓ Property 2: Invalid Provider Configuration Exceptions → it handles special characters in provider configuration k… 0.04s  
  ✓ Property 2: Invalid Provider Configuration Exceptions → it handles special characters in provider configuration k… 0.04s  
  ✓ Property 2: Invalid Provider Configuration Exceptions → it handles special characters in provider configuration k… 0.06s  
  ✓ Property 2: Invalid Provider Configuration Exceptions → it handles special characters in provider configuration k… 0.04s  
  ✓ Property 2: Invalid Provider Configuration Exceptions → it handles special characters in provider configuration k… 0.04s  
  ✓ Property 2: Invalid Provider Configuration Exceptions → it handles special characters in provider configuration k… 0.04s  
  ✓ Property 2: Invalid Provider Configuration Exceptions → it handles unicode characters in provider configuration v… 0.04s  
  ✓ Property 2: Invalid Provider Configuration Exceptions → it handles unicode characters in provider configuration v… 0.06s  
  ✓ Property 2: Invalid Provider Configuration Exceptions → it handles unicode characters in provider configuration v… 0.04s  
  ✓ Property 2: Invalid Provider Configuration Exceptions → it handles unicode characters in provider configuration v… 0.04s  
  ✓ Property 2: Invalid Provider Configuration Exceptions → it handles unicode characters in provider configuration v… 0.04s  
  ✓ Property 2: Invalid Provider Configuration Exceptions → it handles case sensitivity in provider names with ('anth… 0.04s  
  ✓ Property 2: Invalid Provider Configuration Exceptions → it handles case sensitivity in provider names with ('anth… 0.06s  
  ✓ Property 2: Invalid Provider Configuration Exceptions → it handles case sensitivity in provider names with ('open… 0.04s  
  ✓ Property 2: Invalid Provider Configuration Exceptions → it handles case sensitivity in provider names with ('open… 0.04s  
  ✓ Property 2: Invalid Provider Configuration Exceptions → it handles case sensitivity in provider names with ('gemi… 0.04s  
  ✓ Property 2: Invalid Provider Configuration Exceptions → it handles case sensitivity in provider names with ('gemi… 0.04s  
  ✓ Property 2: Invalid Provider Configuration Exceptions → it handles case sensitivity in provider names with ('olla… 0.07s  
  ✓ Property 2: Invalid Provider Configuration Exceptions → it handles case sensitivity in provider names with ('olla… 0.04s  
  ✓ Property 2: Invalid Provider Configuration Exceptions → it handles missing required configuration for url-based p… 0.04s  
  ✓ Property 2: Invalid Provider Configuration Exceptions → it handles circular reference in provider configuration    0.04s  
  ✓ Property 2: Invalid Provider Configuration Exceptions → it handles array instead of string for provider name       0.04s  

   PASS  Tests\Unit\Neuron\ProviderConfigurationRetrievalPropertyTest
  ✓ Property 1: Provider Configuration Retrieval → it retrieves provider configuration for any valid provider with ('… 0.17s  
  ✓ Property 1: Provider Configuration Retrieval → it retrieves provider configuration for any valid provider with ('… 0.06s  
  ✓ Property 1: Provider Configuration Retrieval → it retrieves provider configuration for any valid provider with ('… 0.04s  
  ✓ Property 1: Provider Configuration Retrieval → it retrieves provider configuration for any valid provider with ('… 0.04s  
  ✓ Property 1: Provider Configuration Retrieval → it retrieves provider configuration for any valid provider with ('… 0.04s  
  ✓ Property 1: Provider Configuration Retrieval → it retrieves provider configuration for any valid provider with ('… 0.05s  
  ✓ Property 1: Provider Configuration Retrieval → it retrieves provider configuration for any valid provider with ('… 0.07s  
  ✓ Property 1: Provider Configuration Retrieval → it retrieves provider configuration for any valid provider with ('… 0.04s  
  ✓ Property 1: Provider Configuration Retrieval → it retrieves provider key configuration for any valid provider wit… 0.04s  
  ✓ Property 1: Provider Configuration Retrieval → it retrieves provider key configuration for any valid provider wit… 0.04s  
  ✓ Property 1: Provider Configuration Retrieval → it retrieves provider key configuration for any valid provider wit… 0.04s  
  ✓ Property 1: Provider Configuration Retrieval → it retrieves provider key configuration for any valid provider wit… 0.06s  
  ✓ Property 1: Provider Configuration Retrieval → it retrieves provider key configuration for any valid provider wit… 0.04s  
  ✓ Property 1: Provider Configuration Retrieval → it retrieves provider key configuration for any valid provider wit… 0.04s  
  ✓ Property 1: Provider Configuration Retrieval → it retrieves provider key configuration for any valid provider wit… 0.04s  
  ✓ Property 1: Provider Configuration Retrieval → it retrieves provider model configuration for any valid provider w… 0.04s  
  ✓ Property 1: Provider Configuration Retrieval → it retrieves provider model configuration for any valid provider w… 0.06s  
  ✓ Property 1: Provider Configuration Retrieval → it retrieves provider model configuration for any valid provider w… 0.04s  
  ✓ Property 1: Provider Configuration Retrieval → it retrieves provider model configuration for any valid provider w… 0.04s  
  ✓ Property 1: Provider Configuration Retrieval → it retrieves provider model configuration for any valid provider w… 0.04s  
  ✓ Property 1: Provider Configuration Retrieval → it retrieves provider model configuration for any valid provider w… 0.04s  
  ✓ Property 1: Provider Configuration Retrieval → it retrieves provider model configuration for any valid provider w… 0.07s  
  ✓ Property 1: Provider Configuration Retrieval → it retrieves provider model configuration for any valid provider w… 0.04s  
  ✓ Property 1: Provider Configuration Retrieval → it retrieves provider model configuration for any valid provider w… 0.04s  
  ✓ Property 1: Provider Configuration Retrieval → it retrieves provider model configuration for any valid provider w… 0.04s  
  ✓ Property 1: Provider Configuration Retrieval → it retrieves provider model configuration for any valid provider w… 0.04s  
  ✓ Property 1: Provider Configuration Retrieval → it retrieves provider model configuration for any valid provider w… 0.06s  
  ✓ Property 1: Provider Configuration Retrieval → it retrieves provider model configuration for any valid provider w… 0.04s  
  ✓ Property 1: Provider Configuration Retrieval → it retrieves provider model configuration for any valid provider w… 0.04s  
  ✓ Property 1: Provider Configuration Retrieval → it retrieves provider model configuration for any valid provider w… 0.04s  
  ✓ Property 1: Provider Configuration Retrieval → it retrieves provider model configuration for any valid provider w… 0.04s  
  ✓ Property 1: Provider Configuration Retrieval → it retrieves provider model configuration for any valid provider w… 0.06s  
  ✓ Property 1: Provider Configuration Retrieval → it retrieves provider model configuration for any valid provider w… 0.04s  
  ✓ Property 1: Provider Configuration Retrieval → it retrieves provider model configuration for any valid provider w… 0.04s  
  ✓ Property 1: Provider Configuration Retrieval → it retrieves provider model configuration for any valid provider w… 0.04s  
  ✓ Property 1: Provider Configuration Retrieval → it retrieves provider model configuration for any valid provider w… 0.04s  
  ✓ Property 1: Provider Configuration Retrieval → it retrieves provider model configuration for any valid provider w… 0.07s  
  ✓ Property 1: Provider Configuration Retrieval → it retrieves provider model configuration for any valid provider w… 0.04s  
  ✓ Property 1: Provider Configuration Retrieval → it retrieves provider model configuration for any valid provider w… 0.04s  
  ✓ Property 1: Provider Configuration Retrieval → it retrieves provider URL configuration for URL-based providers wi… 0.04s  
  ✓ Property 1: Provider Configuration Retrieval → it retrieves provider URL configuration for URL-based providers wi… 0.04s  
  ✓ Property 1: Provider Configuration Retrieval → it retrieves provider URL configuration for URL-based providers wi… 0.06s  
  ✓ Property 1: Provider Configuration Retrieval → it retrieves provider URL configuration for URL-based providers wi… 0.04s  
  ✓ Property 1: Provider Configuration Retrieval → it retrieves provider parameters configuration for any valid provi… 0.04s  
  ✓ Property 1: Provider Configuration Retrieval → it retrieves provider parameters configuration for any valid provi… 0.04s  
  ✓ Property 1: Provider Configuration Retrieval → it retrieves provider parameters configuration for any valid provi… 0.04s  
  ✓ Property 1: Provider Configuration Retrieval → it retrieves provider parameters configuration for any valid provi… 0.06s  
  ✓ Property 1: Provider Configuration Retrieval → it retrieves provider parameters configuration for any valid provi… 0.04s  
  ✓ Property 1: Provider Configuration Retrieval → it retrieves provider parameters configuration for any valid provi… 0.04s  
  ✓ Property 1: Provider Configuration Retrieval → it retrieves provider parameters configuration for any valid provi… 0.04s  
  ✓ Property 1: Provider Configuration Retrieval → it retrieves provider parameters configuration for any valid provi… 0.04s  
  ✓ Property 1: Provider Configuration Retrieval → it retrieves default provider configuration with ('anthropic')      0.06s  
  ✓ Property 1: Provider Configuration Retrieval → it retrieves default provider configuration with ('openai')         0.04s  
  ✓ Property 1: Provider Configuration Retrieval → it retrieves default provider configuration with ('openai-response… 0.05s  
  ✓ Property 1: Provider Configuration Retrieval → it retrieves default provider configuration with ('gemini')         0.04s  
  ✓ Property 1: Provider Configuration Retrieval → it retrieves default provider configuration with ('ollama')         0.04s  
  ✓ Property 1: Provider Configuration Retrieval → it retrieves default provider configuration with ('mistral')        0.06s  
  ✓ Property 1: Provider Configuration Retrieval → it retrieves default provider configuration with ('deepseek')       0.04s  
  ✓ Property 1: Provider Configuration Retrieval → it retrieves default provider configuration with ('huggingface')    0.04s  
  ✓ Property 1: Provider Configuration Retrieval → it retrieves complete provider configuration structure for any val… 0.04s  
  ✓ Property 1: Provider Configuration Retrieval → it retrieves complete provider configuration structure for any val… 0.04s  
  ✓ Property 1: Provider Configuration Retrieval → it retrieves complete provider configuration structure for any val… 0.06s  
  ✓ Property 1: Provider Configuration Retrieval → it retrieves complete provider configuration structure for any val… 0.04s  
  ✓ Property 1: Provider Configuration Retrieval → it retrieves complete provider configuration structure for any val… 0.04s  
  ✓ Property 1: Provider Configuration Retrieval → it retrieves complete provider configuration structure for any val… 0.04s  
  ✓ Property 1: Provider Configuration Retrieval → it retrieves complete provider configuration structure for any val… 0.04s  
  ✓ Property 1: Provider Configuration Retrieval → it retrieves complete provider configuration structure for any val… 0.06s  
  ✓ Property 1: Provider Configuration Retrieval → it retrieves provider configuration with null values when not set…  0.04s  
  ✓ Property 1: Provider Configuration Retrieval → it retrieves provider configuration with null values when not set…  0.04s  
  ✓ Property 1: Provider Configuration Retrieval → it retrieves provider configuration with null values when not set…  0.04s  
  ✓ Property 1: Provider Configuration Retrieval → it retrieves provider configuration with null values when not set…  0.04s  
  ✓ Property 1: Provider Configuration Retrieval → it retrieves provider configuration with null values when not set…  0.06s  
  ✓ Property 1: Provider Configuration Retrieval → it retrieves provider configuration with null values when not set…  0.04s  
  ✓ Property 1: Provider Configuration Retrieval → it retrieves provider configuration with default fallback values w… 0.04s  
  ✓ Property 1: Provider Configuration Retrieval → it retrieves provider configuration with default fallback values w… 0.04s  
  ✓ Property 1: Provider Configuration Retrieval → it retrieves provider configuration with default fallback values w… 0.04s  
  ✓ Property 1: Provider Configuration Retrieval → it retrieves provider configuration with default fallback values w… 0.06s  
  ✓ Property 1: Provider Configuration Retrieval → it retrieves provider configuration with default fallback values w… 0.04s  
  ✓ Property 1: Provider Configuration Retrieval → it retrieves provider configuration with default fallback values w… 0.04s  
  ✓ Property 1: Provider Configuration Retrieval → it retrieves provider configuration with default fallback values w… 0.04s  
  ✓ Property 1: Provider Configuration Retrieval → it retrieves provider configuration with special characters in val… 0.04s  
  ✓ Property 1: Provider Configuration Retrieval → it retrieves provider configuration with special characters in val… 0.06s  
  ✓ Property 1: Provider Configuration Retrieval → it retrieves provider configuration with special characters in val… 0.04s  
  ✓ Property 1: Provider Configuration Retrieval → it retrieves provider configuration with special characters in val… 0.04s  
  ✓ Property 1: Provider Configuration Retrieval → it retrieves provider configuration with special characters in val… 0.04s  
  ✓ Property 1: Provider Configuration Retrieval → it retrieves provider configuration with special characters in val… 0.04s  
  ✓ Property 1: Provider Configuration Retrieval → it retrieves provider configuration with special characters in val… 0.06s  
  ✓ Property 1: Provider Configuration Retrieval → it retrieves provider configuration with special characters in val… 0.04s  
  ✓ Property 1: Provider Configuration Retrieval → it retrieves provider configuration with special characters in val… 0.04s  
  ✓ Property 1: Provider Configuration Retrieval → it retrieves provider configuration case-sensitively with ('anthro… 0.04s  
  ✓ Property 1: Provider Configuration Retrieval → it retrieves provider configuration case-sensitively with ('openai… 0.04s  
  ✓ Property 1: Provider Configuration Retrieval → it retrieves provider configuration case-sensitively with ('gemini… 0.06s  
  ✓ Property 1: Provider Configuration Retrieval → it retrieves provider configuration case-sensitively with ('ollama… 0.04s  
  ✓ Property 1: Provider Configuration Retrieval → it retrieves provider configuration case-sensitively with ('mistra… 0.04s  
  ✓ Property 1: Provider Configuration Retrieval → it retrieves provider configuration case-sensitively with ('deepse… 0.04s  
  ✓ Property 1: Provider Configuration Retrieval → it retrieves nested provider configuration correctly with ('anthro… 0.04s  
  ✓ Property 1: Provider Configuration Retrieval → it retrieves nested provider configuration correctly with ('openai… 0.06s  
  ✓ Property 1: Provider Configuration Retrieval → it retrieves nested provider configuration correctly with ('gemini… 0.04s  
  ✓ Property 1: Provider Configuration Retrieval → it retrieves nested provider configuration correctly with ('ollama… 0.04s  
  ✓ Property 1: Provider Configuration Retrieval → it retrieves nested provider configuration correctly with ('mistra… 0.04s  
  ✓ Property 1: Provider Configuration Retrieval → it retrieves nested provider configuration correctly with ('deepse… 0.04s  
  ✓ Property 1: Provider Configuration Retrieval → it retrieves provider configuration through AIProvider facade with… 0.07s  
  ✓ Property 1: Provider Configuration Retrieval → it retrieves provider configuration through AIProvider facade with… 0.04s  
  ✓ Property 1: Provider Configuration Retrieval → it retrieves provider configuration through AIProvider facade with… 0.04s  
  ✓ Property 1: Provider Configuration Retrieval → it retrieves provider configuration through AIProvider facade with… 0.04s  
  ✓ Property 1: Provider Configuration Retrieval → it retrieves provider configuration through AIProvider facade with… 0.04s  
  ✓ Property 1: Provider Configuration Retrieval → it retrieves provider configuration through AIProvider facade with… 0.06s  
  ✓ Property 1: Provider Configuration Retrieval → it retrieves provider configuration with empty parameters array wi… 0.04s  
  ✓ Property 1: Provider Configuration Retrieval → it retrieves provider configuration with empty parameters array wi… 0.04s  
  ✓ Property 1: Provider Configuration Retrieval → it retrieves provider configuration with empty parameters array wi… 0.04s  
  ✓ Property 1: Provider Configuration Retrieval → it retrieves provider configuration with empty parameters array wi… 0.04s  
  ✓ Property 1: Provider Configuration Retrieval → it retrieves provider configuration with empty parameters array wi… 0.06s  
  ✓ Property 1: Provider Configuration Retrieval → it retrieves provider configuration with empty parameters array wi… 0.04s  
  ✓ Property 1: Provider Configuration Retrieval → it retrieves provider configuration with various parameter types w… 0.04s  
  ✓ Property 1: Provider Configuration Retrieval → it retrieves provider configuration with various parameter types w… 0.04s  
  ✓ Property 1: Provider Configuration Retrieval → it retrieves provider configuration with various parameter types w… 0.04s  
  ✓ Property 1: Provider Configuration Retrieval → it retrieves provider configuration with various parameter types w… 0.06s  
  ✓ Property 1: Provider Configuration Retrieval → it retrieves provider configuration with various parameter types w… 0.04s  
  ✓ Property 1: Provider Configuration Retrieval → it retrieves provider configuration with various parameter types w… 0.04s  
  ✓ Property 1: Provider Configuration Retrieval → it retrieves provider configuration with various parameter types w… 0.04s  
  ✓ Property 1: Provider Configuration Retrieval → it retrieves provider configuration with various parameter types w… 0.04s  
  ✓ Property 1: Provider Configuration Retrieval → it retrieves provider configuration independently for multiple pro… 0.06s  

   PASS  Tests\Unit\Neuron\Support\McpConnectorFactoryTest
  ✓ McpConnectorFactory → getEnabledServers → it returns list of enabled servers                                       0.12s  
  ✓ McpConnectorFactory → getEnabledServers → it returns empty array when MCP is disabled                              0.07s  
  ✓ McpConnectorFactory → isServerEnabled → it returns true for enabled local server                                   0.04s  
  ✓ McpConnectorFactory → isServerEnabled → it returns false for disabled local server                                 0.04s  
  ✓ McpConnectorFactory → isServerEnabled → it returns true for enabled remote server                                  0.04s  
  ✓ McpConnectorFactory → isServerEnabled → it returns false for disabled remote server                                0.04s  
  ✓ McpConnectorFactory → isServerEnabled → it returns false for non-existent server                                   0.07s  
  ✓ McpConnectorFactory → isServerEnabled → it returns false when MCP is globally disabled                             0.04s  
  ✓ McpConnectorFactory → make → it throws exception when MCP is disabled                                              0.04s  
  ✓ McpConnectorFactory → make → it throws exception for disabled server                                               0.04s  
  ✓ McpConnectorFactory → make → it throws exception for non-existent server                                           0.04s  
  ✓ MCP Configuration Structure → it has valid local server configuration                                              0.07s  
  ✓ MCP Configuration Structure → it has valid remote server configuration                                             0.04s  
  ✓ MCP Configuration Structure → it has valid connection settings                                                     0.04s  
  ✓ MCP Configuration Validation → it validates local server has required command field                                0.04s  
  ✓ MCP Configuration Validation → it validates local server has args array                                            0.04s  
  ✓ MCP Configuration Validation → it validates remote server has required url field                                   0.07s  
  ✓ MCP Configuration Validation → it validates remote server supports sse transport                                   0.04s  
  ✓ MCP Configuration Validation → it validates tool filtering configuration                                           0.04s  

   PASS  Tests\Unit\Neuron\Support\McpToolIntegrationTest
  ✓ McpToolIntegration → it returns empty array when MCP is disabled                                                   0.05s  
  ✓ McpToolIntegration → it checks if MCP integration is enabled                                                       0.04s  
  ✓ McpToolIntegration → it returns available server names                                                             0.07s  
  ✓ McpToolIntegration → it returns empty array when MCP is disabled for available servers                             0.04s  
  ✓ McpToolIntegration → it gets server info for local server                                                          0.05s  
  ✓ McpToolIntegration → it gets server info for remote server                                                         0.04s  
  ✓ McpToolIntegration → it returns null for non-existent server                                                       0.04s  
  ✓ McpToolIntegration → it gets all tools from enabled servers                                                        2.95s  
  ✓ McpToolIntegration → it gets tools from specific servers with filtering                                            2.74s  
  ✓ McpToolIntegration → it handles connection errors gracefully                                                       0.11s  
  ✓ McpToolIntegration → it applies exclude filter to connector                                                        2.80s  
  ✓ McpToolIntegration → it applies only filter to connector                                                           2.81s  
  ✓ McpToolIntegration → it gets multiple connectors with different filters                                            5.94s  

   PASS  Tests\Unit\Services\AI\Agents\AgentOrchestrationServiceTest
  ✓ it executes comprehensive analysis with all agents                                                                 0.06s  
  ✓ it executes parallel workflow successfully                                                                         0.04s  
  ✓ it executes sequential workflow with context sharing                                                               0.04s  
  ✓ it handles training task execution                                                                                 0.07s  
  ✓ it handles career task execution                                                                                   0.06s  
  ✓ it handles race task execution                                                                                     0.04s  
  ✓ it handles skill task execution                                                                                    0.05s  
  ✓ it calculates overall confidence correctly                                                                         0.05s  
  ✓ it returns status for all agents                                                                                   0.07s  
  ✓ it returns default analysis when orchestration is disabled                                                         0.05s  

   PASS  Tests\Unit\Services\AI\Agents\TrainingOptimizationAgentTest
  ✓ it analyzes training options successfully                                                                          0.05s  
  ✓ it returns default recommendations when MCP is unavailable                                                         0.04s  
  ✓ it predicts stat gains for training option                                                                         0.07s  
  ✓ it optimizes training sequence for multiple turns                                                                  0.04s  
  ✓ it caches recommendations                                                                                          0.05s  
  ✓ it returns correct status                                                                                          0.04s  
  ✓ it checks availability correctly                                                                                   0.04s  
  ✓ it handles disabled agent gracefully                                                                               0.04s  

   PASS  Tests\Unit\Services\AI\HybridAIServiceTest
  ✓ HybridAIService → processRequest → it routes simple requests to Ollama when available                              0.08s  
  ✓ HybridAIService → getConversationHistory → it returns conversation history for character                           0.05s  
  ✓ HybridAIService → processRequest → it routes complex requests to Bedrock                                           0.04s  
  ✓ HybridAIService → processRequest → it respects user provider preference                                            0.04s  
  ✓ HybridAIService → processRequest → it falls back to Bedrock when Ollama fails                                      0.04s  
  ✓ HybridAIService → processRequest → it throws exception when no providers available                                 0.07s  
  ✓ HybridAIService → getStatus → it returns comprehensive status information                                          0.04s  
  ✓ HybridAIService → getConversationHistory → it limits results based on limit parameter                              0.05s  
  ✓ complexity analysis → it identifies simple requests correctly                                                      0.04s  
  ✓ complexity analysis → it identifies RAG requirements from keywords                                                 0.04s  

   PASS  Tests\Unit\Services\AI\RecommendationParserTest
  ✓ RecommendationParser → parse → it handles case-insensitive priority values                                         0.08s  
  ✓ RecommendationParser → natural language parsing → it infers low priority from keywords                             0.04s  
  ✓ RecommendationParser → parse → it parses valid JSON recommendation from AI response                                0.04s  
  ✓ RecommendationParser → parse → it parses JSON from markdown code block                                             0.04s  
  ✓ RecommendationParser → parse → it extracts JSON from mixed text content                                            0.04s  
  ✓ RecommendationParser → parse → it throws exception for missing content field                                       0.07s  
  ✓ RecommendationParser → parse → it throws exception for empty content                                               0.04s  
  ✓ RecommendationParser → parse → it throws exception for invalid JSON                                                0.04s  
  ✓ RecommendationParser → parse → it throws exception for missing required fields                                     0.04s  
  ✓ RecommendationParser → parse → it validates priority values                                                        0.04s  
  ✓ RecommendationParser → parse → it handles optional fields gracefully                                               0.07s  
  ✓ RecommendationParser → parse → it uses expected type when type field is missing                                    0.04s  
  ✓ RecommendationParser → parse → it normalizes type values with underscores                                          0.04s  
  ✓ RecommendationParser → parseMultiple → it parses multiple recommendations from array                               0.04s  
  ✓ RecommendationParser → parseMultiple → it returns single recommendation as array                                   0.04s  
  ✓ RecommendationParser → parseMultiple → it validates each recommendation in array                                   0.09s  
  ✓ RecommendationParser → parseWithFallback → it returns parsed recommendation on success                             0.04s  
  ✓ RecommendationParser → parseWithFallback → it falls back to natural language parsing on JSON failure               0.04s  
  ✓ RecommendationParser → parseWithFallback → it returns null when all parsing strategies fail                        0.04s  
  ✓ RecommendationParser → natural language parsing → it infers critical priority from keywords                        0.04s  
  ✓ RecommendationParser → natural language parsing → it infers high priority from keywords                            0.07s  
  ✓ RecommendationParser → natural language parsing → it defaults to medium priority without keywords                  0.04s  
  ✓ RecommendationParser → natural language parsing → it extracts outcomes from natural language                       0.04s  
  ✓ RecommendationParser → natural language parsing → it extracts risks from natural language                          0.05s  
  ✓ RecommendationParser → natural language parsing → it uses first line as action                                     0.05s  
  ✓ RecommendationParser → natural language parsing → it uses full content as reasoning                                0.07s  
  ✓ RecommendationParser → edge cases → it handles very long content                                                   0.04s  
  ✓ RecommendationParser → edge cases → it handles special characters in content                                       0.16s  
  ✓ RecommendationParser → edge cases → it handles unicode characters                                                  0.07s  
  ✓ RecommendationParser → edge cases → it handles numeric confidence scores as strings                                0.04s  
  ✓ RecommendationParser → edge cases → it handles nested arrays in expected outcomes                                  0.07s  

   PASS  Tests\Unit\Services\AI\BedrockConfigurationServiceTest
  ✓ Credential Validation → it validates credentials successfully when configured                                      0.07s  
  ✓ Credential Validation → it detects missing credentials                                                             0.04s  
  ✓ Credential Validation → it detects placeholder credentials                                                         0.04s  
  ✓ Model Configuration → it returns all available models                                                              0.07s  
  ✓ Model Configuration → it returns specific model configuration                                                      0.04s  
  ✓ Model Configuration → it returns null for non-existent model                                                       0.04s  
  ✓ Model Configuration → it returns model preferences in order                                                        0.04s  
  ✓ Model Configuration → it returns preferred model                                                                   0.04s  
  ✓ Model Configuration → it returns default model when preferences empty                                              0.07s  
  ✓ Model Configuration → it validates model names correctly                                                           0.04s  
  ✓ Model Configuration → it returns model ID for Bedrock API                                                          0.04s  
  ✓ Model Configuration → it returns null for invalid model ID                                                         0.04s  
  ✓ Cost Calculation → it calculates cost for Claude models (per 1M tokens)                                            0.04s  
  ✓ Cost Calculation → it calculates cost for Nova models (per 1K tokens)                                              0.07s  
  ✓ Cost Calculation → it returns zero cost for invalid model                                                          0.04s  
  ✓ Health Monitoring → it reports healthy status when all checks pass                                                 0.04s  
  ✓ Health Monitoring → it reports unhealthy when credentials invalid                                                  0.04s  
  ✓ Health Monitoring → it reports unhealthy when AgentCore unavailable                                                0.04s  
  ✓ Health Monitoring → it reports unhealthy when no models configured                                                 0.07s  
  ✓ Model Filtering → it returns only Claude models                                                                    0.04s  
  ✓ Model Filtering → it returns only Amazon models                                                                    0.04s  
  ✓ Model Filtering → it filters models by budget tier                                                                 0.04s  
  ✓ Model Filtering → it filters models by standard tier                                                               0.04s  
  ✓ Model Filtering → it filters models by premium tier                                                                0.07s  
  ✓ Configuration Summary → it returns comprehensive configuration summary                                             0.11s  
  ✓ IAM Permissions → it returns required IAM permissions                                                              0.04s  

   PASS  Tests\Unit\Services\AI\CostTrackingServiceTest
  ✓ CostTrackingService → trackCost → it tracks AI request cost in database                                            0.09s  
  ✓ CostTrackingService → getTotalCost → it returns total cost for period                                              0.04s  
  ✓ CostTrackingService → getTotalCost → it filters by user when provided                                              0.04s  
  ✓ CostTrackingService → getCostByProvider → it returns cost breakdown by provider                                    0.04s  
  ✓ CostTrackingService → getCostByModel → it returns cost breakdown by model                                          0.04s  
  ✓ CostTrackingService → getBudgetStatus → it returns healthy status when under budget                                0.07s  
  ✓ CostTrackingService → getBudgetStatus → it returns warning status when approaching budget                          0.04s  
  ✓ CostTrackingService → getBudgetStatus → it returns critical status when near budget limit                          0.04s  
  ✓ CostTrackingService → getBudgetStatus → it returns exceeded status when over budget                                0.04s  
  ✓ CostTrackingService → getCostOptimizationRecommendations → it returns optimization recommendations                 0.04s  
  ✓ CostTrackingService → getCostOptimizationRecommendations → it suggests local processing for Bedrock costs          0.07s  
  ✓ CostTrackingService → getDailyCostTrend → it returns daily cost trend data                                         0.04s  

   PASS  Tests\Unit\Services\AI\VectorStoreServiceTest
  ✓ it can load knowledge base documents                                                                               0.06s  
  ✓ it can chunk documents correctly                                                                                   0.04s  
  ✓ it can perform keyword search when embeddings unavailable                                                          0.05s  
  ✓ it can get relevant context from knowledge base                                                                    0.07s  
  ✓ it calculates cosine similarity correctly                                                                          0.04s  
  ✓ it can clear cache                                                                                                 0.04s  
  ✓ example                                                                                                            0.04s  

   PASS  Tests\Unit\Services\CareerAnalyticsServiceTest
  ✓ CareerAnalyticsService → calculateCareerPerformanceMetrics → it returns empty result for character with no career… 0.07s  
  ✓ CareerAnalyticsService → calculateStatEfficiency → it returns empty result for character with no training session… 0.04s  
  ✓ CareerAnalyticsService → trackGoalCompletion → it returns empty result for character with no goals                 0.05s  
  ✓ CareerAnalyticsService → trackGoalCompletion → it identifies at-risk goals                                         0.07s  
  ✓ CareerAnalyticsService → calculateCareerPerformanceMetrics → it calculates metrics for completed careers           0.06s  
  ✓ CareerAnalyticsService → calculateCareerPerformanceMetrics → it calculates metrics by scenario type                0.05s  
  ✓ CareerAnalyticsService → calculateCareerPerformanceMetrics → it calculates performance trend                       0.11s  
  ✓ CareerAnalyticsService → calculateStatEfficiency → it calculates average gains per turn                            0.08s  
  ✓ CareerAnalyticsService → calculateStatEfficiency → it calculates stat gain distribution                            0.12s  
  ✓ CareerAnalyticsService → calculateStatEfficiency → it calculates training type effectiveness                       0.10s  
  ✓ CareerAnalyticsService → calculateStatEfficiency → it generates improvement suggestions                            0.08s  
  ✓ CareerAnalyticsService → analyzeTrainingByPhase → it analyzes training by career phase                             0.13s  
  ✓ CareerAnalyticsService → analyzeTrainingByPhase → it generates phase-specific recommendations                      0.08s  
  ✓ CareerAnalyticsService → trackGoalCompletion → it tracks stat goal completion                                      0.05s  
  ✓ CareerAnalyticsService → trackGoalCompletion → it calculates timeline analysis                                     0.08s  

   PASS  Tests\Unit\Services\CareerComparisonServiceTest
  ✓ CareerComparisonService → compareCareers → it returns error when less than 2 careers provided                      0.08s  
  ✓ CareerComparisonService → compareCareers → it compares multiple careers successfully                               0.07s  
  ✓ CareerComparisonService → compareCareers → it calculates stat comparison correctly                                 0.05s  
  ✓ CareerComparisonService → compareCareers → it identifies key differences between careers                           0.05s  
  ✓ CareerComparisonService → compareCareers → it determines best performer correctly                                  0.13s  
  ✓ CareerComparisonService → compareCareers → it caches comparison results                                            0.08s  
  ✓ CareerComparisonService → identifySuccessPatterns → it returns empty result for no careers                         0.04s  
  ✓ CareerComparisonService → identifySuccessPatterns → it identifies training patterns from successful careers        0.16s  
  ✓ CareerComparisonService → analyzeSuccessFactors → it analyzes success factors across careers                       0.29s  
  ✓ CareerComparisonService → analyzeSuccessFactors → it returns insufficient data message for less than 5 careers     0.05s  
  ✓ CareerComparisonService → training comparison → it calculates training type distribution                           0.13s  
  ✓ CareerComparisonService → race comparison → it calculates race performance metrics                                 0.07s  

   PASS  Tests\Unit\Services\CareerReportingServiceTest
  ✓ CareerReportingService → generateCharacterReport → it generates character report with career history               0.06s  
  ✓ CareerReportingService → generateCareerSummaryReport → it generates comprehensive career summary report            0.13s  
  ✓ CareerReportingService → generateCareerSummaryReport → it includes correct report metadata                         0.07s  
  ✓ CareerReportingService → exportToJson → it exports report in JSON format                                           0.05s  
  ✓ CareerReportingService → exportToCsv → it exports report in CSV format                                             0.06s  
  ✓ CareerReportingService → exportToPdfFormat → it returns PDF-ready format data                                      0.07s  
  ✓ CareerReportingService → clearCareerReportCache → it clears cache for career report                                0.05s  

   PASS  Tests\Unit\Services\CharacterStateServiceTest
  ✓ it updates mood                                                                                                    0.54s  
  ✓ it advances turn and stage                                                                                         0.51s  
  ✓ it recovers energy on rest                                                                                         0.50s  

   PASS  Tests\Unit\Services\CriticalSituationDetectorTest
  ✓ detectBondBehindSchedule method → it generates different messages based on situation                               0.32s  
  ✓ CriticalSituationDetector → it can be instantiated                                                                 0.04s  
  ✓ detectStaminaCrisis method → it preserves storage mode in alert                                                    0.04s  
  ✓ CriticalSituationDetector → it has GameMechanicsEngine dependency                                                  0.04s  
  ✓ detectStaminaCrisis method → it checks only the next upcoming race, not all races                                  0.07s  
  ✓ CriticalSituationDetector → it has detectStaminaCrisis method                                                      0.05s  
  ✓ CriticalSituationDetector → it has detectSpShortage method                                                         0.04s  
  ✓ CriticalSituationDetector → it has detectBondBehindSchedule method                                                 0.04s  
  ✓ CriticalSituationDetector → it has detectEnergyCritical method                                                     0.04s  
  ✓ CriticalSituationDetector → it has detectFacilityImbalance method                                                  0.04s  
  ✓ detectAll method → it returns an array                                                                             0.07s  
  ✓ detectAll method → it returns empty array when no critical situations detected                                     0.04s  
  ✓ detectStaminaCrisis method → it returns null when stamina is sufficient for upcoming race                          0.05s  
  ✓ detectStaminaCrisis method → it detects stamina crisis for Sprint distance                                         0.04s  
  ✓ detectStaminaCrisis method → it detects stamina crisis for Mile distance                                           0.04s  
  ✓ detectStaminaCrisis method → it detects stamina crisis for Medium distance                                         0.07s  
  ✓ detectStaminaCrisis method → it returns null when no upcoming races                                                0.04s  
  ✓ detectStaminaCrisis method → it detects stamina crisis for Long distance                                           0.04s  
  ✓ detectStaminaCrisis method → it generates urgent action items when race is very close                              0.04s  
  ✓ CriticalSituationDetector → it has detectMoodIssues method                                                         0.04s  
  ✓ CriticalSituationDetector → it has detectRaceUnready method                                                        0.07s  
  ✓ CriticalSituationDetector → it has detectTeamRaceUnprepared method                                                 0.04s  
  ✓ CriticalSituationDetector → it has detectAll method                                                                0.04s  
  ✓ detectStaminaCrisis method → it includes recovery skill recommendations for large stamina gaps                     0.04s  
  ✓ detectStaminaCrisis method → it includes facility level recommendations when stamina facility is low               0.04s  
  ✓ detectStaminaCrisis method → it provides detailed analysis with running style alternatives                         0.07s  
  ✓ detectStaminaCrisis method → it handles race on current turn (0 turns until critical)                              0.04s  
  ✓ detectSpShortage method → it recommends participating in optional races when time permits                          0.04s  
  ✓ detectSpShortage method → it handles late game with adequate SP                                                    0.04s  
  ✓ service registration → it is registered as singleton in service container                                          0.04s  
  ✓ service registration → it can be resolved from service container                                                   0.07s  
  ✓ detectSpShortage method → it returns null when SP budget is on track                                               0.04s  
  ✓ detectSpShortage method → it returns null when projected SP is above minimum budget                                0.04s  
  ✓ detectSpShortage method → it detects SP shortage when current SP is critically low                                 0.04s  
  ✓ detectSpShortage method → it detects SP shortage when projected total is below minimum                             0.04s  
  ✓ detectSpShortage method → it detects critically low projected SP (below 250)                                       0.07s  
  ✓ detectSpShortage method → it handles early game with low SP appropriately                                          0.04s  
  ✓ detectSpShortage method → it generates appropriate action items for low current SP                                 0.04s  
  ✓ detectSpShortage method → it recommends waiting for higher hint levels                                             0.04s  
  ✓ detectSpShortage method → it highlights available high-level hints                                                 0.04s  
  ✓ detectSpShortage method → it does not recommend races when few turns remain                                        0.07s  
  ✓ detectSpShortage method → it provides detailed SP budget analysis                                                  0.04s  
  ✓ detectSpShortage method → it includes hint level discount information in analysis                                  0.04s  
  ✓ detectSpShortage method → it includes skill purchase recommendations in analysis                                   0.05s  
  ✓ detectSpShortage method → it sets turnsUntilCritical to 0 when SP is very low                                      0.04s  
  ✓ detectSpShortage method → it calculates turnsUntilCritical based on remaining turns when SP is moderate            0.08s  
  ✓ detectSpShortage method → it preserves storage mode in alert                                                       0.05s  
  ✓ detectSpShortage method → it generates different messages based on severity                                        0.04s  
  ✓ detectEnergyCritical method → it detects energy critical when below 40                                             0.04s  
  ✓ detectEnergyCritical method → it detects critical energy level (below 30)                                          0.04s  
  ✓ detectEnergyCritical method → it detects urgent energy level (below 20)                                            0.07s  
  ✓ detectEnergyCritical method → it generates appropriate action items for moderate low energy                        0.04s  
  ✓ detectEnergyCritical method → it generates extremely urgent action items for urgent energy                         0.04s  
  ✓ detectEnergyCritical method → it does not include race context when race is far away                               0.05s  
  ✓ detectEnergyCritical method → it recommends Wisdom training when facility level is decent and energy not too low   0.06s  
  ✓ detectEnergyCritical method → it does not recommend Wisdom training when energy is too low                         0.08s  
  ✓ detectEnergyCritical method → it recommends rest over Wisdom when energy is very low                               0.05s  
  ✓ detectEnergyCritical method → it provides detailed analysis with energy thresholds                                 0.04s  
  ✓ detectEnergyCritical method → it includes failure rate in analysis                                                 0.05s  
  ✓ detectEnergyCritical method → it includes recovery options in analysis                                             0.04s  
  ✓ detectEnergyCritical method → it includes strategic considerations in analysis                                     0.07s  
  ✓ detectEnergyCritical method → it sets turnsUntilCritical to 0 (already critical)                                   0.04s  
  ✓ detectEnergyCritical method → it preserves storage mode in alert                                                   0.04s  
  ✓ detectEnergyCritical method → it shows different status messages based on energy level                             0.04s  
  ✓ detectEnergyCritical method → it generates different messages based on severity                                    0.04s  
  ✓ detectEnergyCritical method → it handles edge case of energy at 39 (just below threshold)                          0.08s  
  ✓ detectEnergyCritical method → it handles edge case of energy at 30 (boundary between critical and urgent)          0.05s  
  ✓ detectBondBehindSchedule method → it returns null when deck is empty                                               0.04s  
  ✓ detectBondBehindSchedule method → it returns null when all cards are ready for Friendship Training                 0.06s  
  ✓ detectBondBehindSchedule method → it returns null in early game with plenty of time                                0.04s  
  ✓ detectBondBehindSchedule method → it returns null when only 1 card is at risk with time remaining                  0.07s  
  ✓ detectBondBehindSchedule method → it returns null past Turn 25 when majority of cards are ready                    0.04s  
  ✓ detectBondBehindSchedule method → it detects bonds behind schedule past Turn 25 with insufficient bonds            0.04s  
  ✓ detectBondBehindSchedule method → it detects urgent situation with 3 or fewer turns remaining                      0.04s  
  ✓ detectBondBehindSchedule method → it generates facility-specific recommendations                                   0.04s  
  ✓ detectBondBehindSchedule method → it includes bond gain mechanics in action items                                  0.07s  
  ✓ detectBondBehindSchedule method → it provides detailed bond progress analysis                                      0.05s  
  ✓ detectBondBehindSchedule method → it includes individual card analysis with turn estimates                         0.05s  
  ✓ detectBondBehindSchedule method → it includes facility distribution analysis                                       0.05s  
  ✓ detectBondBehindSchedule method → it marks cards at risk when turns needed exceed turns remaining                  0.05s  
  ✓ detectBondBehindSchedule method → it does not recommend early game prioritization in late game                     0.08s  
  ✓ detectBondBehindSchedule method → it preserves storage mode in alert                                               0.05s  
  ✓ detectBondBehindSchedule method → it recommends prioritizing bond building in early game                           0.05s  
  ✓ detectEnergyCritical method → it generates urgent action items for critical energy                                 0.04s  
  ✓ detectEnergyCritical method → it includes race context when race is approaching                                    0.05s  
  ✓ detectEnergyCritical method → it includes race context in detailed analysis when applicable                        0.07s  
  ✓ detectBondBehindSchedule method → it handles mixed bond levels correctly                                           0.04s  
  ✓ detectEnergyCritical method → it handles edge case of energy at 20 (boundary for urgent)                           0.05s  
  ✓ detectBondBehindSchedule method → it detects bonds behind schedule when approaching Turn 25                        0.05s  
  ✓ detectBondBehindSchedule method → it calculates correct turns needed for various bond levels                       0.04s  
  ✓ detectBondBehindSchedule method → it sets appropriate priority based on urgency                                    0.07s  
  ✓ detectEnergyCritical method → it returns null when energy is above critical threshold                              0.04s  
  ✓ detectEnergyCritical method → it returns null when energy is exactly at threshold                                  0.04s  

   PASS  Tests\Unit\Services\CriticalSituationDetector\FacilityImbalanceTest
  ✓ detectFacilityImbalance method → it returns null when facilities are balanced                                      0.13s  
  ✓ detectFacilityImbalance method → it returns null when variance is exactly 2 (threshold)                            0.04s  
  ✓ detectFacilityImbalance method → it detects minor imbalance when variance is 3                                     0.04s  
  ✓ detectFacilityImbalance method → it detects major imbalance when variance is 4 or more                             0.04s  
  ✓ detectFacilityImbalance method → it identifies lowest facility in action items                                     0.04s  
  ✓ detectFacilityImbalance method → it preserves storage mode in alert                                                0.07s  

   PASS  Tests\Unit\Services\DeckManagementServiceTest
  ✓ DeckManagementService → getDeck → it returns empty collection for character with no cards                          0.05s  
  ✓ DeckManagementService → getDeck → it returns cards ordered by position slot                                        0.05s  
  ✓ DeckManagementService → addCardToDeck → it adds a card to the deck successfully                                    0.05s  
  ✓ DeckManagementService → addCardToDeck → it throws exception for invalid position slot                              0.07s  
  ✓ DeckManagementService → addCardToDeck → it throws exception for occupied position slot                             0.05s  
  ✓ DeckManagementService → addCardToDeck → it throws exception when deck is full                                      0.06s  
  ✓ DeckManagementService → addCardToDeck → it enforces single friend card constraint                                  0.05s  
  ✓ DeckManagementService → addCardToDeck → it enforces max 5 owned cards constraint                                   0.06s  
  ✓ DeckManagementService → removeCardFromDeck → it removes a card from the deck                                       0.05s  
  ✓ DeckManagementService → removeCardFromDeck → it returns false when card not found                                  0.08s  
  ✓ DeckManagementService → swapCards → it swaps two cards in the deck                                                 0.05s  
  ✓ DeckManagementService → swapCards → it returns false when one card is missing                                      0.05s  
  ✓ DeckManagementService → replaceCard → it replaces a card in the deck                                               0.05s  
  ✓ DeckManagementService → replaceCard → it returns null when position not found                                      0.05s  
  ✓ DeckManagementService → clearDeck → it removes all cards from the deck                                             0.08s  
  ✓ DeckManagementService → getDeckStatistics → it returns statistics for the deck                                     0.05s  
  ✓ DeckManagementService → getDeckStatistics → it returns empty statistics for empty deck                             0.05s  
  ✓ DeckManagementService → validateDeck → it validates a complete deck                                                0.09s  
  ✓ DeckManagementService → validateDeck → it reports errors for incomplete deck                                       0.08s  
  ✓ DeckManagementService → validateDeck → it warns when no friend card present                                        0.11s  

   PASS  Tests\Unit\Services\DeckOptimizationServiceTest
  ✓ DeckOptimizationService → analyzeDeckComposition → it returns empty analysis for empty deck                        0.09s  
  ✓ DeckOptimizationService → recommendDeck → it generates deck recommendations for character                          0.07s  
  ✓ DeckOptimizationService → analyzeDeckComposition → it calculates stat coverage correctly                           0.05s  
  ✓ DeckOptimizationService → analyzeDeckComposition → it identifies missing stats as gaps                             0.10s  
  ✓ DeckOptimizationService → analyzeDeckSynergy → it returns empty synergy for empty deck                             0.05s  
  ✓ DeckOptimizationService → analyzeDeckSynergy → it identifies synergy pairs correctly                               0.05s  
  ✓ DeckOptimizationService → analyzeDeckSynergy → it analyzes strategic alignment                                     0.05s  
  ✓ DeckOptimizationService → optimizeForMetaTier → it calculates meta score correctly                                 0.06s  
  ✓ DeckOptimizationService → optimizeForMetaTier → it suggests replacements for low-tier cards                        0.08s  
  ✓ DeckOptimizationService → getComprehensiveAnalysis → it returns all analysis components                            0.05s  

   PASS  Tests\Unit\Services\ExternalAPI\CacheManagerServiceTest
  ✓ CacheManagerService - Basic Operations → it stores and retrieves data from cache                                   0.06s  
  ✓ CacheManagerService - Basic Operations → it returns null for non-existent cache key                                0.06s  
  ✓ CacheManagerService - Basic Operations → it deletes data from cache                                                0.09s  
  ✓ CacheManagerService - Basic Operations → it checks if cache key exists                                             0.05s  
  ✓ CacheManagerService - TTL Configuration → it uses correct TTL for character data                                   0.05s  
  ✓ CacheManagerService - TTL Configuration → it uses correct TTL for support cards                                    0.06s  
  ✓ CacheManagerService - TTL Configuration → it uses correct TTL for meta rankings                                    0.06s  
  ✓ CacheManagerService - TTL Configuration → it uses correct TTL for race data                                        0.05s  
  ✓ CacheManagerService - TTL Configuration → it uses correct TTL for skills                                           0.09s  
  ✓ CacheManagerService - TTL Configuration → it uses correct TTL for news                                             0.05s  
  ✓ CacheManagerService - TTL Configuration → it uses correct TTL for game mechanics                                   0.05s  
  ✓ CacheManagerService - TTL Configuration → it uses default TTL for unknown data type                                0.05s  
  ✓ CacheManagerService - TTL Configuration → it allows custom TTL override                                            0.05s  
  ✓ CacheManagerService - TTL Configuration → it returns all TTL configuration                                         0.07s  
  ✓ CacheManagerService - Staleness Indicators → it adds cache metadata to retrieved data                              0.04s  
  ✓ CacheManagerService - Staleness Indicators → it indicates data is not stale when freshly cached                    0.04s  
  ✓ CacheManagerService - Staleness Indicators → it calculates staleness percentage correctly                          0.04s  
  ✓ CacheManagerService - Staleness Indicators → it includes TTL in cache metadata                                     0.05s  
  ✓ CacheManagerService - Staleness Indicators → it marks source as cache                                              0.09s  
  ✓ CacheManagerService - Cache Metadata → it stores metadata separately from data                                     0.05s  
  ✓ CacheManagerService - Cache Metadata → it extracts correct data type from key                                      0.04s  
  ✓ CacheManagerService - Cache Metadata → it returns null for metadata of non-existent key                            0.04s  
  ✓ CacheManagerService - Cache Statistics → it tracks cache hits                                                      0.04s  
  ✓ CacheManagerService - Cache Statistics → it tracks cache misses                                                    0.08s  
  ✓ CacheManagerService - Cache Statistics → it calculates hit rate correctly                                          0.04s  
  ✓ CacheManagerService - Cache Statistics → it resets statistics                                                      0.05s  
  ✓ CacheManagerService - Cache Statistics → it includes last reset timestamp in statistics                            0.04s  
  ✓ CacheManagerService - Cache Information → it returns comprehensive cache information                               0.04s  
  ✓ CacheManagerService - Cache Information → it includes statistics in cache info                                     0.08s  
  ✓ CacheManagerService - Cache Information → it includes TTL configuration in cache info                              0.04s  
  ✓ CacheManagerService - Cache Information → it includes staleness threshold in cache info                            0.05s  
  ✓ CacheManagerService - Cache Size → it returns cache size information                                               0.05s  
  ✓ CacheManagerService - Cache Size → it tracks number of cached keys                                                 0.04s  
  ✓ CacheManagerService - Edge Cases → it handles empty data array                                                     0.07s  
  ✓ CacheManagerService - Edge Cases → it handles complex nested data structures                                       0.05s  
  ✓ CacheManagerService - Edge Cases → it handles special characters in cache keys                                     0.05s  
  ✓ CacheManagerService - Edge Cases → it handles deleting non-existent key gracefully                                 0.06s  

   PASS  Tests\Unit\Services\ExternalAPI\DataFetchingAgentTest
  ✓ DataFetchingAgent - Resource Validation → it validates resources with all required fields                          6.16s  
  ✓ DataFetchingAgent - Resource Validation → it filters out resources missing name field                              3.06s  
  ✓ DataFetchingAgent - Resource Validation → it filters out resources missing type field                              0.04s  
  ✓ DataFetchingAgent - Resource Validation → it filters out resources missing endpoint field                          0.04s  
  ✓ DataFetchingAgent - Resource Validation → it normalizes resources with default values                              3.04s  
  ✓ DataFetchingAgent - Cache Operations → it serves data from cache when available and fresh                          0.07s  
  ✓ DataFetchingAgent - Cache Operations → it fetches from API when cache is stale                                     0.04s  
  ✓ DataFetchingAgent - Cache Operations → it uses stale cache as fallback when API fails                              3.05s  
  ✓ DataFetchingAgent - Retry Logic → it retries failed requests up to max retries                                     3.06s  
  ✓ DataFetchingAgent - Retry Logic → it stops retrying on client errors (4xx)                                         0.04s  
  ✓ DataFetchingAgent - Retry Logic → it succeeds on retry after initial failure                                       1.09s  
  ✓ DataFetchingAgent - Batch Strategies → it processes resources sequentially by default                              9.08s  
  ✓ DataFetchingAgent - Batch Strategies → it processes resources by priority when specified                           9.07s  
  ✓ DataFetchingAgent - Batch Strategies → it processes resources by type when specified                               9.09s  
  ✓ DataFetchingAgent - Batch Strategies → it processes resources by source when specified                             9.09s  
  ✓ DataFetchingAgent - Result Aggregation → it aggregates results by type                                             9.12s  
  ✓ DataFetchingAgent - Result Aggregation → it aggregates results by source                                           3.07s  
  ✓ DataFetchingAgent - Result Aggregation → it aggregates results by status                                           3.06s  
  ✓ DataFetchingAgent - Result Aggregation → it calculates cache hit rate in summary                                   3.06s  
  ✓ DataFetchingAgent - Performance Metrics → it tracks duration for fetch operations                                  3.07s  
  ✓ DataFetchingAgent - Performance Metrics → it includes success rate in metadata                                     6.12s  
  ✓ DataFetchingAgent - MCP Client Integration → it handles MCP fetch server unavailable                               3.06s  
  ✓ DataFetchingAgent - MCP Client Integration → it handles JSON decode errors                                         3.06s  
  ✓ DataFetchingAgent - Edge Cases → it handles empty resource array                                                   0.04s  
  ✓ DataFetchingAgent - Edge Cases → it handles max parallel limit                                                    30.18s  

   PASS  Tests\Unit\Services\FactorServiceTest
  ✓ Blue Factors (Stat Bonuses) → it calculates stat bonuses correctly for 1-star factors                              0.10s  
  ✓ Blue Factors (Stat Bonuses) → it applies stat bonuses to character stats                                           0.05s  
  ✓ Blue Factors (Stat Bonuses) → it calculates stat bonuses correctly for 2-star factors                              0.05s  
  ✓ Blue Factors (Stat Bonuses) → it calculates stat bonuses correctly for 3-star factors                              0.05s  
  ✓ Blue Factors (Stat Bonuses) → it accumulates multiple stat bonuses of the same type                                0.05s  
  ✓ Blue Factors (Stat Bonuses) → it calculates bonuses for multiple different stats                                   0.08s  
  ✓ Blue Factors (Stat Bonuses) → it ignores inactive factors                                                          0.05s  
  ✓ Red Factors (Aptitude Upgrades) → it calculates aptitude improvements                                              0.05s  
  ✓ Red Factors (Aptitude Upgrades) → it accumulates multiple aptitude improvements                                    0.05s  
  ✓ Red Factors (Aptitude Upgrades) → it ignores inactive red factors                                                  0.05s  
  ✓ Green Factors (Unique Skills) → it retrieves unique skills                                                         0.08s  
  ✓ Green Factors (Unique Skills) → it ignores inactive unique skills                                                  0.05s  
  ✓ White Factors (Normal Skills) → it retrieves normal skills                                                         0.05s  
  ✓ White Factors (Normal Skills) → it ignores inactive normal skills                                                  0.04s  
  ✓ Factor Creation Methods → it creates blue factors correctly                                                        0.04s  
  ✓ Factor Creation Methods → it creates red factors correctly                                                         0.07s  
  ✓ Factor Creation Methods → it creates green factors correctly                                                       0.04s  
  ✓ Factor Creation Methods → it creates white factors correctly                                                       0.04s  
  ✓ Factor Grouping and Counting → it groups factors by type                                                           0.05s  
  ✓ Factor Grouping and Counting → it counts factors by star level                                                     0.05s  

   PASS  Tests\Unit\Services\ExternalAPI\DataValidationServiceTest
  ✓ DataValidationService - Schema Validation → it validates data with correct schema                                  0.09s  
  ✓ DataValidationService - Schema Validation → it detects missing required fields                                     0.04s  
  ✓ DataValidationService - Schema Validation → it detects incorrect field types                                       0.04s  
  ✓ DataValidationService - Schema Validation → it validates enum fields                                               0.04s  
  ✓ DataValidationService - Schema Validation → it accepts valid enum values                                           0.04s  
  ✓ DataValidationService - Data Integrity → it detects duplicate IDs                                                  0.07s  
  ✓ DataValidationService - Data Integrity → it warns about null values in critical fields                             0.04s  
  ✓ DataValidationService - Data Integrity → it warns about empty data arrays                                          0.04s  
  ✓ DataValidationService - Business Rules → it validates value ranges                                                 0.04s  
  ✓ DataValidationService - Data Quality → it calculates completeness score                                            0.04s  
  ✓ DataValidationService - Data Quality → it calculates consistency score                                             0.07s  
  ✓ DataValidationService - Data Quality → it warns about low completeness                                             0.04s  
  ✓ DataValidationService - Validation Score → it calculates high score for valid data                                 0.04s  
  ✓ DataValidationService - Validation Score → it calculates low score for invalid data                                0.04s  
  ✓ DataValidationService - Validation Score → it penalizes errors more than warnings                                  0.04s  
  ✓ DataValidationService - Validation History → it records validation history                                         0.07s  
  ✓ DataValidationService - Validation History → it limits history to 100 entries                                      0.05s  
  ✓ DataValidationService - Validation Statistics → it calculates validation statistics                                0.04s  
  ✓ DataValidationService - Unknown Data Type → it handles unknown data type gracefully                                0.04s  
  ✓ DataValidationService - Edge Cases → it handles non-array data                                                     0.04s  
  ✓ DataValidationService - Edge Cases → it handles empty arrays                                                       0.07s  
  ✓ DataValidationService - Edge Cases → it handles mixed valid and invalid data                                       0.04s  

   PASS  Tests\Unit\Services\ExternalAPI\ExternalAPIServiceTest
  ✓ API Source Configuration → it initializes API sources correctly                                                    0.06s  
  ✓ API Source Configuration → it returns sorted API sources by priority                                               0.04s  
  ✓ API Source Configuration → it can enable a disabled source                                                         0.07s  
  ✓ API Source Configuration → it can disable an enabled source                                                        0.04s  
  ✓ API Source Configuration → it returns false when enabling non-existent source                                      0.04s  
  ✓ API Source Configuration → it returns false when disabling non-existent source                                     0.04s  
  ✓ Rate Limiting → it allows requests within rate limit                                                               0.04s  
  ✓ Rate Limiting → it blocks requests exceeding rate limit                                                            0.08s  
  ✓ Rate Limiting → it tracks rate limits per source independently                                                     0.05s  
  ✓ Circuit Breaker → it starts with circuit breaker closed                                                            0.05s  
  ✓ Circuit Breaker → it opens circuit breaker after threshold failures                                                0.04s  
  ✓ Circuit Breaker → it resets circuit breaker on success                                                             0.04s  
  ✓ Circuit Breaker → it tracks circuit breaker status for all sources                                                 0.07s  
  ✓ Request Logging → it logs successful requests                                                                      0.04s  
  ✓ Request Logging → it logs failed requests                                                                          0.04s  
  ✓ Request Logging → it logs rate limited requests                                                                    0.05s  
  ✓ Timeout Handling → it uses configured timeout for requests                                                         0.04s  
  ✓ Timeout Handling → it handles timeout exceptions                                                                   0.07s  
  ✓ Automatic Failover → it falls back to secondary source when primary fails                                          0.04s  
  ✓ Automatic Failover → it tries all sources before failing                                                           0.04s  
  ✓ Automatic Failover → it skips disabled sources during fallback                                                     0.05s  
  ✓ Automatic Failover → it skips sources with open circuit breaker                                                    0.04s  
  ✓ Health Status → it returns health status for all sources                                                           0.07s  
  ✓ Health Status → it reflects circuit breaker status in health check                                                 0.04s  
  ✓ Response Metadata → it includes response time in metadata                                                          0.04s  
  ✓ Response Metadata → it includes status code in metadata                                                            0.04s  
  ✓ Response Metadata → it includes fetched timestamp in metadata                                                      0.04s  

   PASS  Tests\Unit\Services\ExternalAPI\ResponseValidatorTest
  ✓ ResponseValidator - Schema Initialization → it initializes with predefined schemas                                 0.09s  
  ✓ ResponseValidator - Schema Initialization → it can add custom schema                                               0.05s  
  ✓ ResponseValidator - Schema Initialization → it can update existing schema                                          0.04s  
  ✓ ResponseValidator - Valid Responses → it validates valid character array response                                  0.04s  
  ✓ ResponseValidator - Valid Responses → it validates valid single character response                                 0.04s  
  ✓ ResponseValidator - Valid Responses → it validates valid support card response                                     0.07s  
  ✓ ResponseValidator - Valid Responses → it validates response with nullable fields                                   0.04s  
  ✓ ResponseValidator - Valid Responses → it validates empty array response                                            0.04s  
  ✓ ResponseValidator - Invalid Responses → it fails validation when wrapper key is missing                            0.04s  
  ✓ ResponseValidator - Invalid Responses → it fails validation when required field is missing                         0.04s  
  ✓ ResponseValidator - Invalid Responses → it fails validation when field type is incorrect                           0.08s  
  ✓ ResponseValidator - Invalid Responses → it fails validation when enum value is invalid                             0.04s  
  ✓ ResponseValidator - Invalid Responses → it fails validation when data is not an array for array response           0.04s  
  ✓ ResponseValidator - Invalid Responses → it validates each item in array and reports all errors                     0.05s  
  ✓ ResponseValidator - Schema Without Wrapper Key → it validates response without wrapper key                         0.04s  
  ✓ ResponseValidator - Unknown Response Type → it returns valid for unknown response type with warning                0.07s  
  ✓ ResponseValidator - Range Validation → it validates value ranges when schema includes ranges                       0.04s  
  ✓ ResponseValidator - Range Validation → it fails validation when value is below minimum                             0.04s  
  ✓ ResponseValidator - Range Validation → it fails validation when value exceeds maximum                              0.04s  
  ✓ ResponseValidator - Complex Nested Validation → it validates complex nested structures                             0.04s  
  ✓ ResponseValidator - Edge Cases → it handles item that is not an array                                              0.07s  
  ✓ ResponseValidator - Edge Cases → it handles null values in nullable fields correctly                               0.04s  
  ✓ ResponseValidator - Edge Cases → it handles missing optional fields                                                0.04s  

   PASS  Tests\Unit\Services\FriendshipBondServiceTest
  ✓ it gets rainbow training cards for a character                                                                     0.06s  
  ✓ it updates friendship level correctly                                                                              0.08s  
  ✓ it unlocks rainbow training at 80% friendship                                                                      0.05s  
  ✓ it does not exceed maximum friendship level                                                                        0.05s  
  ✓ it checks rainbow training availability correctly                                                                  0.05s  
  ✓ it calculates friendship bonus based on participant count                                                          0.05s  
  ✓ it calculates training bonus with friendship multipliers                                                           0.08s  
  ✓ it calculates skill hint provision rate based on bond level                                                        0.05s  
  ✓ it gets skill hint provision rate for a card                                                                       0.05s  
  ✓ it gets friendship progression for a card                                                                          0.05s  
  ✓ it gets deck friendship overview                                                                                   0.05s  
  ✓ it bulk updates friendship levels                                                                                  0.08s  
  ✓ it resets friendship level                                                                                         0.05s  
  ✓ it sets friendship level directly                                                                                  0.05s  
  ✓ it validates friendship level bounds when setting directly                                                         0.05s  
  ✓ it handles non-existent card gracefully                                                                            0.05s  

   PASS  Tests\Unit\Services\GameMechanicsEnginePropertyTest
  ✓ GameMechanicsEngine Property-Based Tests → Property 11: Facility Level Progression → it progresses by 1 level eve… 0.08s  
  ✓ GameMechanicsEngine Property-Based Tests → Property 7: Stamina Requirement Calculation → it falls within expected… 0.04s  
  ✓ GameMechanicsEngine Property-Based Tests → Property 11: Facility Level Progression → it never exceeds level 5      0.04s  
  ✓ GameMechanicsEngine Property-Based Tests → Property 11: Facility Level Progression → it is always at least level…  0.04s  
  ✓ GameMechanicsEngine Property-Based Tests → Property 11: Facility Level Progression → it is monotonically increasi… 0.04s  
  ✓ GameMechanicsEngine Property-Based Tests → Property 11: Facility Level Progression → it has correct boundaries at… 0.07s  
  ✓ GameMechanicsEngine Property-Based Tests → Property 11: Facility Level Progression → it maintains correct level f… 0.04s  
  ✓ GameMechanicsEngine Property-Based Tests → Property 10: Multi-Training Bonus Calculation → it scales linearly at…  0.04s  
  ✓ GameMechanicsEngine Property-Based Tests → Property 10: Multi-Training Bonus Calculation → it never exceeds 30% r… 0.04s  
  ✓ GameMechanicsEngine Property-Based Tests → Property 10: Multi-Training Bonus Calculation → it is always non-negat… 0.04s  
  ✓ GameMechanicsEngine Property-Based Tests → Property 10: Multi-Training Bonus Calculation → it is monotonically in… 0.07s  
  ✓ GameMechanicsEngine Property-Based Tests → Property 7: Stamina Requirement Calculation → it decreases with less a… 0.04s  
  ✓ GameMechanicsEngine Property-Based Tests → Property 7: Stamina Requirement Calculation → it applies style multipl… 0.04s  
  ✓ GameMechanicsEngine Property-Based Tests → Property 7: Stamina Requirement Calculation → it is always non-negativ… 0.04s  
  ✓ GameMechanicsEngine Property-Based Tests → Property 7: Stamina Requirement Calculation → it decreases with more r… 0.04s  
  ✓ GameMechanicsEngine Property-Based Tests → Property 7: Stamina Requirement Calculation → it increases with longer… 0.07s  
  ✓ GameMechanicsEngine Property-Based Tests → Property 7: Stamina Requirement Calculation → it reduces by approximat… 0.04s  
  ✓ GameMechanicsEngine Property-Based Tests → Property 7: Stamina Requirement Calculation → it is deterministic for…  0.04s  
  ✓ GameMechanicsEngine Property-Based Tests → Property 7: Stamina Requirement Calculation → it handles all valid dis… 0.05s  
  ✓ GameMechanicsEngine Property-Based Tests → Property 5: Skill Hint Level Discount Accuracy → it applies correct hi… 0.04s  
  ✓ GameMechanicsEngine Property-Based Tests → Property 5: Skill Hint Level Discount Accuracy → it applies Fast Learn… 0.07s  
  ✓ GameMechanicsEngine Property-Based Tests → Property 5: Skill Hint Level Discount Accuracy → it applies Fast Learn… 0.04s  
  ✓ GameMechanicsEngine Property-Based Tests → Property 5: Skill Hint Level Discount Accuracy → it always returns non… 0.04s  
  ✓ GameMechanicsEngine Property-Based Tests → Property 5: Skill Hint Level Discount Accuracy → it decreases monotoni… 0.04s  
  ✓ GameMechanicsEngine Property-Based Tests → Property 5: Skill Hint Level Discount Accuracy → it is deterministic f… 0.05s  
  ✓ GameMechanicsEngine Property-Based Tests → Property 5: Skill Hint Level Discount Accuracy → it handles edge case…  0.07s  
  ✓ GameMechanicsEngine Property-Based Tests → Property 5: Skill Hint Level Discount Accuracy → it handles various ba… 0.04s  
  ✓ GameMechanicsEngine Property-Based Tests → Property 5: Skill Hint Level Discount Accuracy → it handles Fast Learn… 0.04s  
  ✓ GameMechanicsEngine Property-Based Tests → Property 5: Skill Hint Level Discount Accuracy → it calculates correct… 0.04s  
  ✓ GameMechanicsEngine Property-Based Tests → Property 5: Skill Hint Level Discount Accuracy → it handles hint level… 0.04s  
  ✓ GameMechanicsEngine Property-Based Tests → Property 5: Skill Hint Level Discount Accuracy → it applies discounts…  0.07s  
  ✓ GameMechanicsEngine Property-Based Tests → Property 5: Skill Hint Level Discount Accuracy → it never increases co… 0.04s  
  ✓ GameMechanicsEngine Property-Based Tests → Property 5: Skill Hint Level Discount Accuracy → it Fast Learner never… 0.04s  
  ✓ GameMechanicsEngine Property-Based Tests → Property 8: Stamina Recovery Skill Adjustment → it reduces stamina req… 0.04s  
  ✓ GameMechanicsEngine Property-Based Tests → Property 8: Stamina Recovery Skill Adjustment → it scales linearly wit… 0.04s  
  ✓ GameMechanicsEngine Property-Based Tests → Property 8: Stamina Recovery Skill Adjustment → it applies recovery re… 0.07s  
  ✓ GameMechanicsEngine Property-Based Tests → Property 8: Stamina Recovery Skill Adjustment → it never results in ne… 0.04s  
  ✓ GameMechanicsEngine Property-Based Tests → Property 8: Stamina Recovery Skill Adjustment → it works with empty re… 0.04s  
  ✓ GameMechanicsEngine Property-Based Tests → Training Gain Properties → it always returns a positive integer for va… 0.04s  
  ✓ GameMechanicsEngine Property-Based Tests → Training Gain Properties → it increases with higher facility levels     0.04s  
  ✓ GameMechanicsEngine Property-Based Tests → Training Gain Properties → it increases with more support cards presen… 0.07s  
  ✓ GameMechanicsEngine Property-Based Tests → Training Gain Properties → it increases with better mood                0.04s  
  ✓ GameMechanicsEngine Property-Based Tests → Training Gain Properties → it is higher with friendship training than…  0.04s  
  ✓ GameMechanicsEngine Property-Based Tests → Training Gain Properties → it adds support card bonuses to the final r… 0.04s  

   PASS  Tests\Unit\Services\GameMechanicsEngineSkillCostTest
  ✓ GameMechanicsEngine::calculateSkillCost → it calculates base cost with no hint and no Fast Learner                 0.10s  
  ✓ GameMechanicsEngine::calculateSkillCost → it applies 10% discount for hint level 1                                 0.04s  
  ✓ GameMechanicsEngine::calculateSkillCost → it applies 20% discount for hint level 2                                 0.04s  
  ✓ GameMechanicsEngine::calculateSkillCost → it applies 30% discount for hint level 3                                 0.04s  
  ✓ GameMechanicsEngine::calculateSkillCost → it applies 35% discount for hint level 4                                 0.04s  
  ✓ GameMechanicsEngine::calculateSkillCost → it applies 40% discount for hint level 5 (max)                           0.07s  
  ✓ GameMechanicsEngine::calculateSkillCost → it applies Fast Learner discount on top of hint discount                 0.04s  
  ✓ GameMechanicsEngine::calculateSkillCost → it applies Fast Learner discount with no hint                            0.04s  
  ✓ GameMechanicsEngine::calculateSkillCost → it applies maximum discount with level 5 hint and Fast Learner           0.04s  
  ✓ GameMechanicsEngine::calculateSkillCost → it handles realistic skill costs                                         0.04s  
  ✓ GameMechanicsEngine::calculateSkillCost → it handles realistic skill costs with Fast Learner                       0.07s  
  ✓ GameMechanicsEngine::calculateSkillCost → it rounds fractional costs correctly                                     0.04s  
  ✓ GameMechanicsEngine::calculateSkillCost → it clamps hint level above 5 to 5                                        0.04s  
  ✓ GameMechanicsEngine::calculateSkillCost → it clamps negative hint level to 0                                       0.04s  
  ✓ GameMechanicsEngine::calculateSkillCost → it handles zero base cost                                                0.04s  
  ✓ GameMechanicsEngine::calculateSkillCost → it handles large base costs                                              0.07s  

   PASS  Tests\Unit\Services\GameMechanicsEngineTest
  ✓ GameMechanicsEngine → calculateTrainingGain → it combines all multipliers correctly                                0.06s  
  ✓ GameMechanicsEngine → calculateTrainingGain → it returns an integer                                                0.04s  
  ✓ GameMechanicsEngine → calculateTrainingGain → it calculates base training gain correctly                           0.04s  
  ✓ GameMechanicsEngine → calculateTrainingGain → it applies facility level multiplier correctly                       0.07s  
  ✓ GameMechanicsEngine → calculateTrainingGain → it applies growth rate correctly                                     0.04s  
  ✓ GameMechanicsEngine → calculateTrainingGain → it applies mood modifier correctly for good mood                     0.04s  
  ✓ GameMechanicsEngine → calculateTrainingGain → it applies mood modifier correctly for great mood                    0.04s  
  ✓ GameMechanicsEngine → calculateTrainingGain → it applies mood modifier correctly for bad mood                      0.04s  
  ✓ GameMechanicsEngine → calculateTrainingGain → it applies mood modifier correctly for very bad mood                 0.07s  
  ✓ GameMechanicsEngine → calculateTrainingGain → it applies support card bonuses correctly                            0.04s  
  ✓ GameMechanicsEngine → calculateTrainingGain → it applies multi-training bonus correctly                            0.04s  
  ✓ GameMechanicsEngine → calculateTrainingGain → it applies friendship training bonus correctly                       0.04s  
  ✓ GameMechanicsEngine → calculateTrainingGain → it handles zero support card bonuses                                 0.04s  
  ✓ GameMechanicsEngine → calculateTrainingGain → it handles low growth rate                                           0.07s  
  ✓ GameMechanicsEngine → calculateStaminaRequirement → it returns an integer                                          0.04s  
  ✓ GameMechanicsEngine → calculateStaminaRequirement → it calculates base requirement for Sprint distance with Escap… 0.04s  
  ✓ GameMechanicsEngine → calculateStaminaRequirement → it calculates base requirement for Mile distance with Escape…  0.04s  
  ✓ GameMechanicsEngine → calculateStaminaRequirement → it calculates base requirement for Medium distance with Escap… 0.04s  
  ✓ GameMechanicsEngine → calculateStaminaRequirement → it calculates base requirement for Long distance with Escape…  0.07s  
  ✓ GameMechanicsEngine → calculateStaminaRequirement → it applies Lead style multiplier correctly                     0.04s  
  ✓ GameMechanicsEngine → calculateStaminaRequirement → it applies Pace style multiplier correctly                     0.04s  
  ✓ GameMechanicsEngine → calculateStaminaRequirement → it applies Chase style multiplier correctly                    0.04s  
  ✓ GameMechanicsEngine → calculateStaminaRequirement → it reduces requirement by 175 per recovery skill               0.04s  
  ✓ GameMechanicsEngine → calculateStaminaRequirement → it handles multiple recovery skills correctly                  0.07s  
  ✓ GameMechanicsEngine → calculateStaminaRequirement → it combines style modifier and recovery skills correctly       0.04s  
  ✓ GameMechanicsEngine → calculateStaminaRequirement → it never returns negative stamina requirement                  0.04s  
  ✓ GameMechanicsEngine → calculateStaminaRequirement → it handles empty recovery skills array                         0.04s  
  ✓ GameMechanicsEngine → calculateStaminaRequirement → it calculates different requirements for all distance-style c… 0.04s  
  ✓ GameMechanicsEngine → calculateSkillCost → it returns an integer                                                   0.07s  
  ✓ GameMechanicsEngine → calculateFailureRate → it returns a float                                                    0.04s  
  ✓ GameMechanicsEngine → calculateFailureRate → it returns very low failure rate for energy 70+                       0.04s  
  ✓ GameMechanicsEngine → calculateFailureRate → it returns very low failure rate for energy exactly 70                0.04s  
  ✓ GameMechanicsEngine → calculateFailureRate → it returns very low failure rate for energy 100                       0.04s  
  ✓ GameMechanicsEngine → calculateFailureRate → it returns low failure rate for energy 50-69                          0.07s  
  ✓ GameMechanicsEngine → calculateFailureRate → it returns low failure rate for energy exactly 50                     0.04s  
  ✓ GameMechanicsEngine → calculateFailureRate → it returns low failure rate for energy 69                             0.04s  
  ✓ GameMechanicsEngine → calculateFailureRate → it reduces failure rate by 1% per support card                        0.04s  
  ✓ GameMechanicsEngine → calculateFailureRate → it returns moderate failure rate for energy 30-49                     0.04s  
  ✓ GameMechanicsEngine → calculateFailureRate → it returns moderate failure rate for energy exactly 30                0.07s  
  ✓ GameMechanicsEngine → calculateFailureRate → it returns moderate failure rate for energy 49                        0.04s  
  ✓ GameMechanicsEngine → calculateFailureRate → it returns high failure rate for energy below 30                      0.04s  
  ✓ GameMechanicsEngine → calculateFailureRate → it returns high failure rate for energy 0                             0.04s  
  ✓ GameMechanicsEngine → calculateFailureRate → it increases failure rate for injury condition                        0.04s  
  ✓ GameMechanicsEngine → calculateFailureRate → it increases failure rate for poor_health condition                   0.07s  
  ✓ GameMechanicsEngine → calculateFailureRate → it increases failure rate for overworked condition                    0.04s  
  ✓ GameMechanicsEngine → calculateFailureRate → it ignores unknown conditions                                         0.04s  
  ✓ GameMechanicsEngine → calculateWinProbability → it returns higher probability when stats exceed requirements       0.05s  
  ✓ GameMechanicsEngine → calculateFailureRate → it combines multiple negative conditions                              0.04s  
  ✓ GameMechanicsEngine → calculateFailureRate → it combines support cards and conditions correctly                    0.08s  
  ✓ GameMechanicsEngine → calculateWinProbability → it returns lower probability when stats are below requirements     0.05s  
  ✓ GameMechanicsEngine → calculateFailureRate → it never returns negative failure rate                                0.04s  
  ✓ GameMechanicsEngine → calculateFailureRate → it never returns failure rate above 1.0                               0.04s  
  ✓ GameMechanicsEngine → calculateFailureRate → it handles empty conditions array                                     0.04s  
  ✓ GameMechanicsEngine → calculateWinProbability → it increases probability with equipped skills                      0.08s  
  ✓ GameMechanicsEngine → calculateFailureRate → it calculates realistic scenario: low energy with support             0.04s  
  ✓ GameMechanicsEngine → calculateFailureRate → it calculates realistic scenario: critical energy with injury         0.04s  
  ✓ GameMechanicsEngine → calculateFailureRate → it calculates realistic scenario: good energy with friendship traini… 0.04s  
  ✓ GameMechanicsEngine → calculateFailureRate → it returns value between 0.0 and 1.0 for all valid inputs             0.05s  
  ✓ GameMechanicsEngine → calculateWinProbability → it calculates different probabilities for different race distance… 0.10s  
  ✓ GameMechanicsEngine → calculateStatEffectiveness → it returns an integer                                           0.04s  
  ✓ GameMechanicsEngine → calculateWinProbability → it returns a float                                                 0.05s  
  ✓ GameMechanicsEngine → calculateWinProbability → it returns value between 0.0 and 1.0                               0.05s  
  ✓ GameMechanicsEngine → calculateStatEffectiveness → it returns value as-is when below soft cap                      0.04s  
  ✓ GameMechanicsEngine → calculateStatEffectiveness → it returns value as-is when exactly at soft cap                 0.08s  
  ✓ GameMechanicsEngine → calculateStatEffectiveness → it applies half-value for amount above 1200                     0.04s  
  ✓ GameMechanicsEngine → calculateStatEffectiveness → it handles odd numbers above soft cap correctly                 0.04s  
  ✓ GameMechanicsEngine → calculateWinProbability → it never returns probability above 1.0 even with many skills       0.05s  
  ✓ GameMechanicsEngine → calculateWinProbability → it returns approximately 50% probability when stats meet requirem… 0.05s  
  ✓ GameMechanicsEngine → calculateStatEffectiveness → it handles very high stat values correctly                      0.07s  
  ✓ GameMechanicsEngine → calculateWinProbability → it handles very low stats gracefully                               0.05s  
  ✓ GameMechanicsEngine → calculateWinProbability → it calculates realistic early game scenario                        0.05s  
  ✓ GameMechanicsEngine → calculateWinProbability → it calculates realistic A+ grade scenario                          0.05s  
  ✓ GameMechanicsEngine → calculateWinProbability → it weighs speed more heavily than other stats                      0.05s  
  ✓ GameMechanicsEngine → calculateStatEffectiveness → it matches documented examples from design                      0.07s  
  ✓ GameMechanicsEngine → calculateStatEffectiveness → it calculates realistic A+ grade stat scenarios                 0.04s  
  ✓ GameMechanicsEngine → calculateWinProbability → it applies soft cap to stats above 1200                            0.05s  
  ✓ GameMechanicsEngine → calculateWinProbability → it handles very high stats gracefully                              0.05s  
  ✓ GameMechanicsEngine → calculateStatEffectiveness → it demonstrates diminishing returns above soft cap              0.04s  
  ✓ GameMechanicsEngine → calculateWinProbability → it handles empty skills array                                      0.08s  
  ✓ GameMechanicsEngine → calculateStatEffectiveness → it handles boundary cases correctly                             0.04s  
  ✓ GameMechanicsEngine → calculateMultiTrainingBonus → it calculates 5% per card correctly                            0.04s  
  ✓ GameMechanicsEngine → calculateMultiTrainingBonus → it returns a float                                             0.04s  
  ✓ GameMechanicsEngine → calculateMultiTrainingBonus → it caps at 30% for 6 or more cards                             0.04s  
  ✓ GameMechanicsEngine → calculateFacilityLevel → it returns an integer                                               0.07s  
  ✓ GameMechanicsEngine → calculateFacilityLevel → it returns minimum level 1 for zero uses                            0.04s  
  ✓ GameMechanicsEngine → calculateFacilityLevel → it calculates level correctly for 0-3 uses                          0.04s  
  ✓ GameMechanicsEngine → calculateFacilityLevel → it calculates level correctly for 4-7 uses                          0.04s  
  ✓ GameMechanicsEngine → calculateFacilityLevel → it calculates level correctly for 8-11 uses                         0.04s  
  ✓ GameMechanicsEngine → calculateFacilityLevel → it calculates level correctly for 12-15 uses                        0.07s  
  ✓ GameMechanicsEngine → calculateFacilityLevel → it caps at level 5 for 16+ uses                                     0.04s  

   PASS  Tests\Unit\Services\PredictionAccuracyTrackerTest
  ✓ PredictionAccuracyTracker → recordTrainingOutcome → it handles empty predicted outcomes                            0.15s  
  ✓ PredictionAccuracyTracker → recordRaceOutcome → it records race outcome with inaccurate prediction                 0.05s  
  ✓ PredictionAccuracyTracker → recordRaceOutcome → it handles medium probability predictions correctly                0.04s  
  ✓ PredictionAccuracyTracker → getPredictionAccuracy → it returns empty metrics when no predictions exist             0.04s  
  ✓ PredictionAccuracyTracker → recordTrainingOutcome → it records training outcome with inaccurate prediction         0.05s  
  ✓ PredictionAccuracyTracker → getPredictionAccuracy → it filters predictions by type                                 0.08s  
  ✓ PredictionAccuracyTracker → recordTrainingOutcome → it records training outcome with accurate prediction           0.04s  
  ✓ PredictionAccuracyTracker → getPredictionAccuracy → it calculates metrics for all predictions                      0.05s  
  ✓ PredictionAccuracyTracker → getPredictionAccuracy → it does not flag for improvement with insufficient prediction… 0.05s  
  ✓ PredictionAccuracyTracker → recordRaceOutcome → it records race outcome with accurate win prediction               0.05s  
  ✓ PredictionAccuracyTracker → getRecentAccuracy → it returns empty metrics when no recent predictions                0.08s  
  ✓ PredictionAccuracyTracker → getModelAccuracy → it returns empty metrics when no predictions exist                  0.04s  
  ✓ PredictionAccuracyTracker → getPredictionAccuracy → it flags for improvement when accuracy is low                  0.05s  
  ✓ PredictionAccuracyTracker → flagModelForReview → it returns false when insufficient predictions                    0.06s  
  ✓ PredictionAccuracyTracker → getRecentAccuracy → it filters by model version                                        0.07s  
  ✓ PredictionAccuracyTracker → getRecentAccuracy → it calculates metrics for recent predictions                       0.09s  
  ✓ PredictionAccuracyTracker → getModelAccuracy → it calculates metrics for specific model version                    0.07s  
  ✓ PredictionAccuracyTracker → flagModelForReview → it returns false when accuracy is above threshold                 0.08s  
  ✓ PredictionAccuracyTracker → flagModelForReview → it accepts custom accuracy threshold                              0.09s  
  ✓ PredictionAccuracyTracker → flagModelForReview → it returns true when accuracy is below threshold                  0.08s  

   PASS  Tests\Unit\Services\RuleBasedAdvisorTest
  ✓ RuleBasedAdvisor → recommendTrainingFacility → Property 4: Energy-Based Rest Recommendations → it recommends rest… 0.09s  
  ✓ RuleBasedAdvisor → recommendTrainingFacility → Property 4: Energy-Based Rest Recommendations → it recommends rest… 0.04s  
  ✓ RuleBasedAdvisor → recommendTrainingFacility → Property 4: Energy-Based Rest Recommendations → it recommends rest… 0.04s  
  ✓ RuleBasedAdvisor → recommendTrainingFacility → Property 4: Energy-Based Rest Recommendations → it does not recomm… 0.04s  
  ✓ RuleBasedAdvisor → recommendTrainingFacility → Property 4: Energy-Based Rest Recommendations → it recommends Wisd… 0.04s  
  ✓ RuleBasedAdvisor → recommendTrainingFacility → Property 4: Energy-Based Rest Recommendations → it recommends Wisd… 0.07s  
  ✓ RuleBasedAdvisor → recommendTrainingFacility → Property 4: Energy-Based Rest Recommendations → it recommends Wisd… 0.04s  
  ✓ RuleBasedAdvisor → recommendTrainingFacility → Property 3: Friendship Training Priority → it prioritizes Friendsh… 0.04s  
  ✓ RuleBasedAdvisor → recommendTrainingFacility → Property 3: Friendship Training Priority → it prioritizes Friendsh… 0.04s  
  ✓ RuleBasedAdvisor → recommendTrainingFacility → Property 3: Friendship Training Priority → it selects facility wit… 0.04s  
  ✓ RuleBasedAdvisor → recommendTrainingFacility → Property 3: Friendship Training Priority → it includes multi-train… 0.07s  
  ✓ RuleBasedAdvisor → recommendTrainingFacility → Property 3: Friendship Training Priority → it includes facility le… 0.04s  
  ✓ RuleBasedAdvisor → recommendTrainingFacility → Property 3: Friendship Training Priority → it does not recommend f… 0.04s  
  ✓ RuleBasedAdvisor → recommendTrainingFacility → Multi-Training Recommendations → it calculates correct multi-train… 0.04s  
  ✓ RuleBasedAdvisor → recommendTrainingFacility → Multi-Training Recommendations → it calculates correct multi-train… 0.04s  
  ✓ RuleBasedAdvisor → recommendTrainingFacility → Storage Mode Consistency → it preserves local storage mode in reco… 0.07s  
  ✓ RuleBasedAdvisor → recommendTrainingFacility → Storage Mode Consistency → it preserves account storage mode in re… 0.04s  
  ✓ RuleBasedAdvisor → recommendTrainingFacility → Multi-Training Recommendations → it recommends facility with most…  0.04s  
  ✓ RuleBasedAdvisor → recommendTrainingFacility → Phase-Based Recommendations → it recommends stat behind target whe… 0.04s  
  ✓ RuleBasedAdvisor → recommendTrainingFacility → Phase-Based Recommendations → it recommends lowest facility level…  0.04s  
  ✓ RuleBasedAdvisor → recommendTrainingFacility → Recommendation Source → it marks all recommendations as rule-based  0.08s  
  ✓ RuleBasedAdvisor → recommendTrainingFacility → Mood Consideration → it considers mood in training context          0.04s  
  ✓ RuleBasedAdvisor → recommendTrainingFacility → Mood Consideration → it handles bad mood                            0.04s  
  ✓ RuleBasedAdvisor → recommendTrainingFacility → Edge Cases → it handles empty support deck                          0.04s  
  ✓ RuleBasedAdvisor → recommendTrainingFacility → Edge Cases → it handles all facilities at same level                0.04s  
  ✓ RuleBasedAdvisor → recommendTrainingFacility → Edge Cases → it handles maximum facility levels                     0.07s  
  ✓ RuleBasedAdvisor → recommendTrainingFacility → Edge Cases → it handles energy at exactly 50 (boundary)             0.04s  
  ✓ RuleBasedAdvisor → recommendTrainingFacility → Multi-Training Recommendations → it includes bond increase expecta… 0.04s  
  ✓ RuleBasedAdvisor → recommendSkillPurchase → Property 6: Gold Skill Prioritization → it recommends gold skill with… 0.04s  
  ✓ RuleBasedAdvisor → recommendSkillPurchase → Property 6: Gold Skill Prioritization → it does not recommend gold sk… 0.04s  
  ✓ RuleBasedAdvisor → recommendSkillPurchase → SP Budget Management → it checks if character has enough SP for gold…  0.07s  
  ✓ RuleBasedAdvisor → recommendSkillPurchase → SP Budget Management → it calculates correct SP remaining after purch… 0.05s  
  ✓ RuleBasedAdvisor → recommendSkillPurchase → Rare Skill Recommendations → it checks SP budget for rare skills       0.04s  
  ✓ RuleBasedAdvisor → recommendSkillPurchase → Skill Categories → it identifies stamina recovery skills               0.04s  
  ✓ RuleBasedAdvisor → recommendSkillPurchase → No Good Options → it returns null when character has no SP             0.04s  
  ✓ RuleBasedAdvisor → recommendSkillPurchase → Recommendation Properties → it sets storage mode to account            0.08s  
  ✓ RuleBasedAdvisor → recommendSkillPurchase → Recommendation Properties → it has no confidence score for rule-based… 0.04s  
  ✓ RuleBasedAdvisor → recommendSkillPurchase → Recommendation Properties → it includes impact in expected outcomes    0.04s  
  ✓ RuleBasedAdvisor → recommendSkillPurchase → Property 6: Gold Skill Prioritization → it prioritizes gold skills wi… 0.04s  
  ✓ RuleBasedAdvisor → recommendSkillPurchase → Property 6: Gold Skill Prioritization → it prioritizes gold skills ov… 0.04s  
  ✓ RuleBasedAdvisor → recommendSkillPurchase → Property 6: Gold Skill Prioritization → it recommends gold skill with… 0.08s  
  ✓ RuleBasedAdvisor → recommendSkillPurchase → Property 6: Gold Skill Prioritization → it does not recommend gold sk… 0.04s  
  ✓ RuleBasedAdvisor → recommendSkillPurchase → Property 6: Gold Skill Prioritization → it does not recommend gold sk… 0.04s  
  ✓ RuleBasedAdvisor → recommendSkillPurchase → SP Budget Management → it recommends skill when character has exact S… 0.13s  
  ✓ RuleBasedAdvisor → recommendSkillPurchase → SP Budget Management → it includes SP cost in expected outcomes        0.06s  
  ✓ RuleBasedAdvisor → recommendSkillPurchase → Rare Skill Recommendations → it recommends rare skills with Level 3+…  0.08s  
  ✓ RuleBasedAdvisor → recommendSkillPurchase → Rare Skill Recommendations → it recommends rare skill with Level 4 hi… 0.04s  
  ✓ RuleBasedAdvisor → recommendSkillPurchase → Rare Skill Recommendations → it recommends rare skill with Level 5 hi… 0.04s  
  ✓ RuleBasedAdvisor → recommendSkillPurchase → Skill Categories → it identifies positioning skills                    0.09s  
  ✓ RuleBasedAdvisor → recommendSkillPurchase → Skill Categories → it identifies acceleration skills                   0.04s  
  ✓ RuleBasedAdvisor → recommendSkillPurchase → No Good Options → it returns null when no skills have Level 3+ hints   0.08s  
  ✓ RuleBasedAdvisor → recommendSkillPurchase → No Good Options → it returns null when skills array is empty           0.04s  
  ✓ RuleBasedAdvisor → recommendSkillPurchase → Recommendation Properties → it marks recommendation as rule-based      0.04s  
  ✓ RuleBasedAdvisor → recommendSkillPurchase → Recommendation Properties → it has empty risks array                   0.04s  
  ✓ RuleBasedAdvisor → recommendSkillPurchase → Multiple Skills Selection → it selects first gold skill when multiple… 0.04s  
  ✓ RuleBasedAdvisor → recommendSkillPurchase → Multiple Skills Selection → it selects first rare skill when multiple… 0.08s  
  ✓ RuleBasedAdvisor → recommendSkillPurchase → Hint Discount Calculation → it applies 30% discount for Level 3 hint   0.04s  
  ✓ RuleBasedAdvisor → recommendSkillPurchase → Hint Discount Calculation → it applies 35% discount for Level 4 hint   0.05s  
  ✓ RuleBasedAdvisor → recommendSkillPurchase → Hint Discount Calculation → it applies 40% discount for Level 5 hint   0.04s  
  ✓ RuleBasedAdvisor → generateRaceStrategy → it generates a race strategy with all required fields                    0.05s  
  ✓ RuleBasedAdvisor → generateRaceStrategy → it recommends escape running style by default                            0.09s  
  ✓ RuleBasedAdvisor → generateRaceStrategy → it recommends race skills                                                0.05s  
  ✓ RuleBasedAdvisor → generateRaceStrategy → it provides preparation advice when stamina is sufficient                0.05s  
  ✓ RuleBasedAdvisor → generateRaceStrategy → it warns about stamina deficit when insufficient                         0.05s  
  ✓ RuleBasedAdvisor → generateRaceStrategy → it provides positive performance estimate when stats are sufficient      0.05s  
  ✓ RuleBasedAdvisor → generateRaceStrategy → it provides negative performance estimate when stamina is insufficient   0.08s  
  ✓ RuleBasedAdvisor → generateRaceStrategy → it identifies stamina deficit as a risk factor                           0.05s  
  ✓ RuleBasedAdvisor → generateRaceStrategy → it has no risk factors when character is well-prepared                   0.05s  
  ✓ RuleBasedAdvisor → generateRaceStrategy → it handles character with null stamina gracefully                        0.05s  
  ✓ RuleBasedAdvisor → generateRaceStrategy → it validates response structure                                          0.05s  
  ✓ RuleBasedAdvisor → generateRaceStrategy → it can convert strategy to array                                         0.08s  
  ✓ RuleBasedAdvisor → generateRaceStrategy → it can generate summary                                                  0.05s  

   PASS  Tests\Unit\Services\ImageProcessingServiceTest
  ✓ ImageProcessingService → it validates valid JPEG image                                                             0.16s  
  ✓ ImageProcessingService → it validates valid PNG image                                                              0.07s  
  ✓ ImageProcessingService → it rejects file that is too large                                                         0.04s  
  ✓ ImageProcessingService → it rejects invalid file extension                                                         0.04s  
  ✓ ImageProcessingService → it rejects image with dimensions too small                                                0.05s  
  ✓ ImageProcessingService → it rejects image with dimensions too large                                                0.34s  
  ✓ ImageProcessingService → it calculates image hash correctly                                                        0.07s  
  ✓ ImageProcessingService → it reports GD library availability                                                        0.04s  
  ✓ ImageProcessingService → it preprocesses image for OCR                                                             0.30s  
  ✓ ImageProcessingService Security → it detects suspicious PHP code in file                                           0.05s  
  ✓ ImageProcessingService Security → it validates actual image format                                                 0.09s  

   PASS  Tests\Unit\Services\MCP\AWS\AWSIntegrationServiceTest
  ✓ AWSIntegrationService → it checks availability of all AWS services                                                 0.05s  
  ✓ AWSIntegrationService → it reports overall availability as true when at least one service is available             0.04s  
  ✓ AWSIntegrationService → it gets comprehensive cost analysis                                                        0.04s  
  ✓ AWSIntegrationService → it gets comprehensive Bedrock guidance                                                     0.05s  
  ✓ AWSIntegrationService → it gets service health dashboard                                                           0.07s  
  ✓ AWSIntegrationService → it detects degraded status when service is not operational                                 0.04s  
  ✓ AWSIntegrationService → it gets optimization recommendations                                                       0.04s  
  ✓ AWSIntegrationService → it searches documentation with related content                                             0.04s  
  ✓ AWSIntegrationService → it gets model comparison                                                                   0.04s  
  ✓ AWSIntegrationService → it clears caches                                                                           0.08s  
  ✓ AWSIntegrationService → it gets integration statistics                                                             0.04s  

   PASS  Tests\Unit\Services\MCP\AWS\AWSPricingServiceTest
  ✓ AWSPricingService → it checks if service is available                                                              0.05s  
  ✓ AWSPricingService → it returns false when MCP server is disabled                                                   0.04s  
  ✓ AWSPricingService → it gets Bedrock pricing data                                                                   0.04s  
  ✓ AWSPricingService → it calculates monthly cost correctly                                                           0.08s  
  ✓ AWSPricingService → it compares pricing across models                                                              0.04s  
  ✓ AWSPricingService → it generates budget optimization recommendations                                               0.04s  
  ✓ AWSPricingService → it forecasts costs based on historical usage                                                   0.04s  
  ✓ AWSPricingService → it handles insufficient data for forecasting                                                   0.04s  
  ✓ AWSPricingService → it caches pricing data                                                                         0.08s  
  ✓ AWSPricingService → it uses fallback when MCP server is unavailable                                                0.04s  
  ✓ AWSPricingService → it generates cost recommendations for high usage                                               0.05s  

   PASS  Tests\Unit\Services\MCP\AgentCommunicationServiceTest
  ✓ sends message successfully                                                                                         0.07s  
  ✓ broadcasts message to multiple agents                                                                              0.06s  
  ✓ receives messages for agent                                                                                        0.08s  
  ✓ prioritizes messages correctly                                                                                     0.04s  
  ✓ marks message as read                                                                                              0.05s  
  ✓ shares data between agents                                                                                         0.05s  
  ✓ creates shared context                                                                                             0.04s  
  ✓ agent joins shared context                                                                                         0.08s  
  ✓ updates shared context                                                                                             0.04s  
  ✓ throws exception when updating nonexistent context                                                                 0.04s  
  ✓ throws exception when non participant updates context                                                              0.04s  

   PASS  Tests\Unit\Services\MCP\AgentCore\AgentCoreServiceTest
  ✓ agent core service checks availability correctly                                                                   0.06s  
  ✓ agent core service deploys agent successfully                                                                      0.10s  
  ✓ agent core service validates agent configuration                                                                   0.06s  
  ✓ agent core service invokes agent successfully                                                                      0.05s  
  ✓ agent core service gets agent status                                                                               0.05s  
  ✓ agent core service terminates agent successfully                                                                   0.04s  
  ✓ agent core service lists deployed agents                                                                           0.09s  
  ✓ agent core service handles unavailable service gracefully                                                          0.05s  
  ✓ agent core service estimates costs correctly                                                                       0.05s  
  ✓ agent core service provides status information                                                                     0.06s  

   PASS  Tests\Unit\Services\MCP\AgentOrchestrationServiceTest
  ✓ creates workflow successfully                                                                                      0.12s  
  ✓ executes sequential workflow                                                                                       0.15s  
  ✓ executes parallel workflow                                                                                         0.06s  
  ✓ executes hierarchical workflow                                                                                     0.06s  
  ✓ executes collaborative workflow                                                                                    0.07s  
  ✓ creates agent successfully                                                                                         0.06s  
  ✓ monitors agent performance                                                                                         0.12s  
  ✓ terminates agent successfully                                                                                      0.06s  
  ✓ generates agent analytics                                                                                          0.06s  
  ✓ throws exception for unknown workflow pattern                                                                      0.06s  
  ✓ throws exception for nonexistent workflow                                                                          0.05s  

   PASS  Tests\Unit\Services\MCP\AgentRoutingServiceTest
  ✓ Complexity Detection → it detects simple requests correctly                                                        0.10s  
  ✓ Complexity Detection → it detects moderate requests correctly                                                      0.04s  
  ✓ Complexity Detection → it detects complex requests correctly                                                       0.04s  
  ✓ Complexity Detection → it detects specialized requests correctly                                                   0.04s  
  ✓ Provider Selection → it selects Ollama for simple requests when available                                          0.06s  
  ✓ Provider Selection → it selects Bedrock for complex requests                                                       0.08s  
  ✓ Provider Selection → it selects agent for specialized requests                                                     0.04s  
  ✓ Provider Selection → it falls back to Ollama when budget is exceeded                                               0.05s  
  ✓ Route Caching → it caches routing decisions                                                                        0.04s  
  ✓ Execution with Fallback → it executes request successfully with primary provider                                   0.04s  
  ✓ Token Estimation → it estimates token count correctly                                                              0.08s  
  ✓ Routing Analytics → it returns empty analytics when no data exists                                                 0.04s  
  ✓ Performance Thresholds → it checks performance acceptability correctly                                             0.04s  

   PASS  Tests\Unit\Services\MCP\Tools\AWSPricingServiceTest
  ✓ get status returns service info                                                                                    0.55s  
  ✓ service unavailable when disabled                                                                                  0.52s  
  ✓ get spending analysis returns structure                                                                            0.55s  
  ✓ recommendations include expected types                                                                             0.50s  
  ✓ calculate ai cost for nova lite                                                                                    0.59s  
  ✓ pricing data is cached                                                                                             0.72s  
  ✓ service availability check                                                                                         0.77s  
  ✓ get cost optimization recommendations                                                                              0.67s  
  ✓ get bedrock pricing returns fallback data                                                                          0.54s  
  ✓ calculate ai cost for unknown model                                                                                0.55s  
  ✓ calculate ai cost for claude sonnet                                                                                0.50s  

   PASS  Tests\Unit\Services\MCP\CostManagementServiceTest
  ✓ Cost Calculation → it calculates Ollama cost as zero                                                               0.33s  
  ✓ Cost Calculation → it calculates Bedrock Nova Lite cost correctly                                                  0.04s  
  ✓ Cost Calculation → it calculates Bedrock Sonnet cost correctly                                                     0.04s  
  ✓ Cost Calculation → it calculates Bedrock Opus cost correctly                                                       0.04s  
  ✓ Cost Calculation → it defaults to Sonnet pricing for unknown models                                                0.08s  
  ✓ Cost Tracking → it tracks AI operation cost successfully                                                           0.04s  
  ✓ Cost Tracking → it updates cached totals when tracking cost                                                        0.04s  
  ✓ Budget Status → it returns correct budget status when under limit                                                  0.04s  
  ✓ Budget Status → it returns warning alert when approaching limit                                                    0.04s  
  ✓ Budget Status → it returns critical alert when near limit                                                          0.08s  
  ✓ Budget Status → it returns exceeded status when over limit                                                         0.04s  
  ✓ Cost Breakdown → it returns cost breakdown by provider                                                             0.04s  
  ✓ Cost Breakdown → it returns cost breakdown by model                                                                0.04s  
  ✓ Daily Cost Trend → it returns daily cost trend                                                                     0.04s  
  ✓ Optimization Recommendations → it recommends using Ollama when only using Bedrock                                  0.08s  
  ✓ Optimization Recommendations → it recommends reviewing expensive model usage                                       0.04s  
  ✓ Optimization Recommendations → it alerts when budget is exceeded                                                   0.04s  
  ✓ Usage Analytics → it returns comprehensive usage analytics                                                         0.05s  
  ✓ Budget Alerts → it should send alert when threshold is reached                                                     0.06s  
  ✓ Budget Alerts → it should not send duplicate alerts                                                                0.10s  
  ✓ Budget Alerts → it generates correct alert message                                                                 0.04s  
  ✓ Monthly Reset → it resets monthly costs and alerts                                                                 0.04s  

   PASS  Tests\Unit\Services\MCP\MCPClientServiceTest
  ✓ MCPClientService → isEnabled → it returns true when MCP is enabled                                                 0.07s  
  ✓ MCPClientService → isEnabled → it returns false when MCP is disabled                                               0.09s  
  ✓ MCPClientService → getServers → it returns all configured servers                                                  0.04s  
  ✓ MCPClientService → getServer → it returns server configuration by name                                             0.04s  
  ✓ MCPClientService → getServer → it returns null for non-existent server                                             0.05s  
  ✓ MCPClientService → isServerEnabled → it returns true for enabled server                                            0.04s  
  ✓ MCPClientService → isServerEnabled → it returns false for disabled server                                          0.09s  
  ✓ MCPClientService → isServerEnabled → it returns false for non-existent server                                      0.05s  
  ✓ MCPClientService → getServerCapabilities → it returns capabilities for server                                      0.05s  
  ✓ MCPClientService → getServerCapabilities → it returns empty array for non-existent server                          0.04s  
  ✓ MCPClientService → healthCheck → it returns health status for all servers                                          0.05s  
  ✓ MCPClientService → healthCheck → it marks disabled servers as disabled                                             0.08s  
  ✓ MCPClientService → healthCheck → it returns healthy status for properly configured servers                         0.06s  
  ✓ MCPClientService → isServerHealthy → it returns false for unknown server                                           0.04s  
  ✓ MCPClientService → isServerHealthy → it returns health status based on consecutive failures                        0.05s  
  ✓ MCPClientService → isStrandsAgentsAvailable → it returns true when strands-agents is enabled and healthy           0.05s  
  ✓ MCPClientService → isStrandsAgentsAvailable → it returns false when strands-agents is disabled                     0.12s  
  ✓ MCPClientService → isAgentCoreAvailable → it returns true when agentcore is enabled and healthy                    0.06s  
  ✓ MCPClientService → getAIServicesStatus → it returns status for both AI services                                    0.06s  
  ✓ MCPClientService → getAllServerHealth → it returns health tracking for all servers                                 0.06s  
  ✓ MCPClientService → resetServerHealth → it resets health tracking for a server                                      0.07s  
  ✓ MCPClientService → getConnectionTimeout → it returns configured connection timeout                                 0.11s  
  ✓ MCPClientService → getMaxConcurrentCalls → it returns configured max concurrent calls                              0.07s  
  ✓ MCPClientService → executeAgent → it executes agent and returns result                                             0.06s  
  ✓ MCPClientService → registerAgent → it registers an agent successfully                                              0.06s  
  ✓ MCPClientService → unregisterAgent → it unregisters an agent successfully                                          0.06s  
  ✓ MCPClientService → fetch operations → isFetchAvailable → it returns true when fetch server is enabled and healthy  0.12s  
  ✓ MCPClientService → fetch operations → isFetchAvailable → it returns false when fetch server is disabled            0.05s  
  ✓ MCPClientService → fetch operations → getFetchServerConfig → it returns fetch server configuration                 0.05s  
  ✓ MCPClientService → fetch operations → callTool → it calls MCP tool successfully                                    0.05s  
  ✓ MCPClientService → fetch operations → callTool → it throws exception when MCP is disabled                          0.04s  
  ✓ MCPClientService → fetch operations → callTool → it throws exception when server is not enabled                    0.08s  
  ✓ MCPClientService → fetch operations → get → it performs GET request successfully                                   0.04s  
  ✓ MCPClientService → fetch operations → get → it includes custom headers in request                                  0.04s  
  ✓ MCPClientService → fetch operations → get → it respects timeout parameter                                          0.06s  
  ✓ MCPClientService → fetch operations → post → it performs POST request successfully                                 0.05s  
  ✓ MCPClientService → fetch operations → post → it includes data in POST request                                      0.08s  
  ✓ MCPClientService → fetch operations → put → it performs PUT request successfully                                   0.04s  
  ✓ MCPClientService → fetch operations → delete → it performs DELETE request successfully                             0.04s  
  ✓ MCPClientService → fetch operations → patch → it performs PATCH request successfully                               0.05s  
  ✓ MCPClientService → fetch operations → fetch → it validates URL format                                              3.06s  
  ✓ MCPClientService → fetch operations → fetch → it includes default headers                                          0.09s  
  ✓ MCPClientService → fetch operations → fetch → it merges custom headers with defaults                               0.04s  
  ✓ MCPClientService → fetch operations → fetch → it adds Content-Type for POST requests                               0.04s  
  ✓ MCPClientService → fetch operations → fetchJson → it decodes JSON response successfully                            0.05s  
  ✓ MCPClientService → fetch operations → fetchJson → it throws exception on JSON decode error                         0.05s  
  ✓ MCPClientService → fetch operations → fetchJson → it supports POST requests with JSON                              0.08s  
  ✓ MCPClientService → fetch operations → error handling → it throws exception when fetch server is not enabled        0.05s  

   PASS  Tests\Unit\Services\Neuron\NeuronAIServiceTest
  ✓ NeuronAIService → generateRecommendation → it generates recommendation using Ollama when available                 0.13s  
  ✓ NeuronAIService → generateRecommendation → it falls back to Bedrock when Ollama fails                              0.13s  
  ✓ NeuronAIService → generateRecommendation → it handles timeout parameter                                            0.05s  
  ✓ NeuronAIService → generateRecommendation → it throws exception when AI service fails                               0.05s  
  ✓ NeuronAIService → generateMultipleRecommendations → it generates multiple recommendations                          0.05s  
  ✓ NeuronAIService → generateRecommendationWithFallback → it returns recommendation on success                        0.05s  
  ✓ NeuronAIService → generateRecommendationWithFallback → it attempts fallback parsing on failure                     0.09s  
  ✓ NeuronAIService → generateRecommendationWithFallback → it returns null when all attempts fail                      0.04s  
  ✓ NeuronAIService → isAvailable → it returns true when Ollama is enabled                                             0.05s  
  ✓ NeuronAIService → isAvailable → it returns true when Bedrock is enabled                                            0.06s  
  ✓ NeuronAIService → isAvailable → it returns true when both are enabled                                              0.04s  
  ✓ NeuronAIService → isAvailable → it returns false when both are disabled                                            0.08s  
  ✓ NeuronAIService → getStatus → it returns comprehensive status information                                          0.04s  
  ✓ NeuronAIService → testService → it returns success when service is working                                         0.04s  
  ✓ NeuronAIService → testService → it returns failure when service is down                                            0.04s  
  ✓ NeuronAIService → getRecommendedTimeout → it returns appropriate timeout for simple requests                       0.04s  
  ✓ NeuronAIService → getRecommendedTimeout → it returns appropriate timeout for medium requests                       0.08s  
  ✓ NeuronAIService → getRecommendedTimeout → it returns appropriate timeout for complex requests                      0.05s  
  ✓ NeuronAIService → getRecommendedTimeout → it returns default timeout for unknown complexity                        0.04s  

   PASS  Tests\Unit\Services\OCR\Parsers\CharacterStatsParserTest
  ✓ CharacterStatsParser → it returns correct screen type                                                              0.07s  
  ✓ CharacterStatsParser → it parses complete character stats successfully                                             0.05s  
  ✓ CharacterStatsParser → it parses English stat names                                                                0.08s  
  ✓ CharacterStatsParser → it handles partial stats extraction                                                         0.05s  
  ✓ CharacterStatsParser → it validates stat values correctly                                                          0.04s  
  ✓ CharacterStatsParser → it rejects invalid stat values                                                              0.04s  
  ✓ CharacterStatsParser → it normalizes Japanese mood values                                                          0.04s  
  ✓ CharacterStatsParser → it normalizes English mood values                                                           0.08s  
  ✓ CharacterStatsParser → it calculates confidence based on stats found                                               0.05s  

   PASS  Tests\Unit\Services\OCR\Parsers\RaceResultParserTest
  ✓ RaceResultParser → it returns correct screen type                                                                  0.05s  
  ✓ RaceResultParser → it parses complete race result                                                                  0.04s  
  ✓ RaceResultParser → it categorizes distances correctly                                                              0.04s  
  ✓ RaceResultParser → it determines race outcomes correctly                                                           0.09s  
  ✓ RaceResultParser → it parses dirt surface correctly                                                                0.04s  
  ✓ RaceResultParser → it validates position correctly                                                                 0.04s  
  ✓ RaceResultParser → it parses Pre-OP and OP races                                                                   0.04s  

   PASS  Tests\Unit\Services\OCR\Parsers\SkillListParserTest
  ✓ SkillListParser → it returns correct screen type                                                                   0.05s  
  ✓ SkillListParser → it parses skill list with multiple skills                                                        0.08s  
  ✓ SkillListParser → it determines skill types correctly                                                              0.04s  
  ✓ SkillListParser → it validates total SP correctly                                                                  0.04s  
  ✓ SkillListParser → it validates skill SP costs                                                                      0.04s  
  ✓ SkillListParser → it handles skills without hint levels                                                            0.04s  

   PASS  Tests\Unit\Services\OCR\Parsers\TrainingSessionParserTest
  ✓ TrainingSessionParser → it returns correct screen type                                                             0.09s  
  ✓ TrainingSessionParser → it parses training session with stat gains                                                 0.04s  
  ✓ TrainingSessionParser → it detects Spirit Burst indicator                                                          0.04s  
  ✓ TrainingSessionParser → it parses English training types                                                           0.04s  
  ✓ TrainingSessionParser → it validates training type correctly                                                       0.04s  
  ✓ TrainingSessionParser → it rejects invalid stat gains                                                              0.08s  
  ✓ TrainingSessionParser → it handles rest and infirmary training types                                               0.04s  

   PASS  Tests\Unit\Services\OCR\ScreenTypeDetectorTest
  ✓ ScreenTypeDetector → it detects character stats screen correctly                                                   0.05s  
  ✓ ScreenTypeDetector → it detects training session screen correctly                                                  0.05s  
  ✓ ScreenTypeDetector → it detects race result screen correctly                                                       0.06s  
  ✓ ScreenTypeDetector → it detects skill list screen correctly                                                        0.09s  
  ✓ ScreenTypeDetector → it returns null for unrecognizable text                                                       0.05s  
  ✓ ScreenTypeDetector → it validates screen type correctly                                                            0.05s  
  ✓ ScreenTypeDetector → it returns false for mismatched screen type                                                   0.05s  
  ✓ ScreenTypeDetector → it returns all supported types                                                                0.04s  

   PASS  Tests\Unit\Services\RaceConditionServiceTest
  ✓ RaceConditionService → Power Penalty Calculations → it returns no penalty for firm conditions on turf              0.08s  
  ✓ RaceConditionService → Power Penalty Calculations → it returns no penalty for firm conditions on dirt              0.05s  
  ✓ RaceConditionService → Power Penalty Calculations → it returns -50 penalty for good conditions on turf             0.04s  
  ✓ RaceConditionService → Power Penalty Calculations → it returns -50 penalty for good conditions on dirt             0.05s  
  ✓ RaceConditionService → Power Penalty Calculations → it returns -50 penalty for soft conditions on turf             0.05s  
  ✓ RaceConditionService → Power Penalty Calculations → it returns -100 penalty for soft conditions on dirt            0.09s  
  ✓ RaceConditionService → Power Penalty Calculations → it returns -50 penalty for heavy conditions on turf            0.04s  
  ✓ RaceConditionService → Power Penalty Calculations → it returns -100 penalty for heavy conditions on dirt           0.04s  
  ✓ RaceConditionService → Speed Penalty Calculations → it returns no penalty for firm conditions                      0.04s  
  ✓ RaceConditionService → Speed Penalty Calculations → it returns no penalty for good conditions                      0.06s  
  ✓ RaceConditionService → Speed Penalty Calculations → it returns no penalty for soft conditions                      0.11s  
  ✓ RaceConditionService → Speed Penalty Calculations → it returns -50 penalty for heavy conditions on turf            0.05s  
  ✓ RaceConditionService → Speed Penalty Calculations → it returns -50 penalty for heavy conditions on dirt            0.04s  
  ✓ RaceConditionService → Stamina Drain Calculations → it returns no drain for firm conditions                        0.04s  
  ✓ RaceConditionService → Stamina Drain Calculations → it returns no drain for good conditions                        0.04s  
  ✓ RaceConditionService → Stamina Drain Calculations → it returns 2% drain for soft conditions on turf                0.08s  
  ✓ RaceConditionService → Stamina Drain Calculations → it returns 2% drain for soft conditions on dirt                0.04s  
  ✓ RaceConditionService → Stamina Drain Calculations → it returns 2% drain for heavy conditions on turf               0.04s  
  ✓ RaceConditionService → Stamina Drain Calculations → it returns 2% drain for heavy conditions on dirt               0.04s  
  ✓ RaceConditionService → Apply Condition Penalties → it does not modify stats for firm conditions                    0.04s  
  ✓ RaceConditionService → Apply Condition Penalties → it applies power penalty for good conditions on turf            0.08s  
  ✓ RaceConditionService → Apply Condition Penalties → it applies both power and speed penalties for heavy conditions… 0.04s  
  ✓ RaceConditionService → Apply Condition Penalties → it prevents stats from going below zero                         0.04s  
  ✓ RaceConditionService → Wet Condition Detection → it identifies firm as not wet                                     0.04s  
  ✓ RaceConditionService → Wet Condition Detection → it identifies good as wet                                         0.04s  
  ✓ RaceConditionService → Wet Condition Detection → it identifies soft as wet                                         0.08s  
  ✓ RaceConditionService → Wet Condition Detection → it identifies heavy as wet                                        0.04s  
  ✓ RaceConditionService → Condition Severity → it returns correct severity levels                                     0.04s  
  ✓ RaceConditionService → Condition Severity → it returns 0 for invalid conditions                                    0.04s  
  ✓ RaceConditionService → Condition Impact Description → it describes optimal conditions                              0.04s  
  ✓ RaceConditionService → Condition Impact Description → it describes good conditions on turf                         0.08s  
  ✓ RaceConditionService → Condition Impact Description → it describes heavy conditions on dirt                        0.04s  
  ✓ RaceConditionService → Condition Impact Description → it describes soft conditions on turf                         0.04s  
  ✓ RaceConditionService → Performance Impact Score → it returns 100 for optimal conditions                            0.04s  
  ✓ RaceConditionService → Performance Impact Score → it calculates impact for good conditions on turf                 0.04s  
  ✓ RaceConditionService → Performance Impact Score → it calculates impact for soft conditions on dirt                 0.08s  
  ✓ RaceConditionService → Performance Impact Score → it calculates impact for heavy conditions on dirt                0.05s  
  ✓ RaceConditionService → Performance Impact Score → it never returns negative scores                                 0.04s  
  ✓ RaceConditionService → Performance Impact Score → it never returns scores above 100                                0.04s  
  ✓ RaceConditionService → Recommended Skills → it recommends sunny day skill for sunny weather                        0.04s  
  ✓ RaceConditionService → Recommended Skills → it recommends cloudy day skill for cloudy weather                      0.08s  
  ✓ RaceConditionService → Recommended Skills → it recommends rainy day skill for rainy weather                        0.04s  
  ✓ RaceConditionService → Recommended Skills → it recommends snowy day skill for snowy weather                        0.04s  
  ✓ RaceConditionService → Recommended Skills → it recommends firm conditions skill for firm track                     0.04s  
  ✓ RaceConditionService → Recommended Skills → it recommends wet conditions skill for good track                      0.04s  
  ✓ RaceConditionService → Recommended Skills → it recommends wet conditions skill for soft track                      0.08s  
  ✓ RaceConditionService → Recommended Skills → it recommends wet conditions skill for heavy track                     0.04s  
  ✓ RaceConditionService → Recommended Skills → it handles null weather gracefully                                     0.04s  
  ✓ RaceConditionService → Validation Methods → it validates track conditions                                          0.04s  
  ✓ RaceConditionService → Validation Methods → it validates surface types                                             0.04s  
  ✓ RaceConditionService → Validation Methods → it validates weather types                                             0.08s  

   PASS  Tests\Unit\Services\SkillAnalysisServiceTest
  ✓ SkillAnalysisService → analyzeSynergies → it returns empty array for skills without synergies                      0.08s  
  ✓ SkillAnalysisService → analyzeSynergies → it identifies synergy pairs between skills                               0.04s  
  ✓ SkillAnalysisService → analyzeSynergies → it calculates synergy strength correctly                                 0.08s  
  ✓ SkillAnalysisService → recommendAcquisitionOrder → it returns empty array when no skills can be afforded           0.05s  
  ✓ SkillAnalysisService → recommendAcquisitionOrder → it prioritizes evolvable skills                                 0.04s  
  ✓ SkillAnalysisService → recommendAcquisitionOrder → it includes reasoning for each recommendation                   0.04s  
  ✓ SkillAnalysisService → recommendAcquisitionOrder → it calculates min and max costs correctly                       0.04s  
  ✓ SkillAnalysisService → analyzeSkillBuild → it returns comprehensive build analysis                                 0.08s  
  ✓ SkillAnalysisService → analyzeSkillBuild → it analyzes skill type distribution                                     0.05s  
  ✓ SkillAnalysisService → analyzeSkillBuild → it analyzes meta tier distribution                                      0.05s  
  ✓ SkillAnalysisService → analyzeSkillBuild → it analyzes evolution potential                                         0.05s  
  ✓ SkillAnalysisService → analyzeSkillBuild → it generates build recommendations                                      0.04s  

   PASS  Tests\Unit\Services\SkillCatalogCacheServiceTest
  ✓ SkillCatalogCacheService → getSkillCatalog → it includes required fields for advisory                              0.09s  
  ✓ SkillCatalogCacheService → getSkillsByType → it filters skills by type                                             0.04s  
  ✓ SkillCatalogCacheService → getSkillsByRarity → it filters skills by rarity                                         0.04s  
  ✓ SkillCatalogCacheService → cache key format → it uses correct cache key format with version                        0.04s  
  ✓ SkillCatalogCacheService → cache key format → it allows custom version in cache key                                0.04s  
  ✓ SkillCatalogCacheService → cache TTL → it has 24-hour TTL (86400 seconds)                                          0.08s  
  ✓ SkillCatalogCacheService → getSkillCatalog → it returns collection of skills                                       0.05s  
  ✓ SkillCatalogCacheService → getSkillCatalog → it caches the skill catalog                                           0.05s  
  ✓ SkillCatalogCacheService → getSkillCatalog → it returns cached data on subsequent calls                            0.05s  
  ✓ SkillCatalogCacheService → getSkillCatalog → it only includes active skills                                        0.04s  
  ✓ SkillCatalogCacheService → getSkillsByMetaTier → it filters skills by meta tier                                    0.08s  
  ✓ SkillCatalogCacheService → getGoldSkillsForAdvisory → it returns high-tier skills (unique and rare with S/A meta…  0.05s  
  ✓ SkillCatalogCacheService → getGoldSkillsForAdvisory → it sorts gold skills by meta tier priority                   0.04s  
  ✓ SkillCatalogCacheService → getRecoverySkills → it returns recovery type skills                                     0.04s  
  ✓ SkillCatalogCacheService → getSkillById → it returns skill by ID from cache                                        0.04s  
  ✓ SkillCatalogCacheService → getSkillById → it returns null for non-existent skill                                   0.10s  
  ✓ SkillCatalogCacheService → searchSkillsByName → it searches skills by name case-insensitively                      0.05s  
  ✓ SkillCatalogCacheService → searchSkillsByName → it searches in both name and name_en fields                        0.05s  
  ✓ SkillCatalogCacheService → invalidateCache → it removes cached skill catalog                                       0.05s  
  ✓ SkillCatalogCacheService → invalidateCache → it can invalidate specific version                                    0.04s  
  ✓ SkillCatalogCacheService → isCached → it returns false when not cached                                             0.08s  
  ✓ SkillCatalogCacheService → isCached → it returns true when cached                                                  0.04s  
  ✓ SkillCatalogCacheService → getCacheStats → it returns cache statistics                                             0.04s  
  ✓ SkillCatalogCacheService → getCurrentVersion → it returns current catalog version                                  0.04s  

   PASS  Tests\Unit\Services\SkillEvolutionServiceTest
  ✓ SkillEvolutionService → canEvolve → it returns false when character has not acquired the skill                     0.10s  
  ✓ SkillEvolutionService → canEvolve → it returns false for skill without evolution capability                        0.05s  
  ✓ SkillEvolutionService → canEvolve → it returns true when all prerequisites are met                                 0.05s  
  ✓ SkillEvolutionService → checkEvolutionPrerequisites → it returns false when stat requirements not met              0.05s  
  ✓ SkillEvolutionService → checkEvolutionPrerequisites → it returns true when stat requirements are met               0.05s  
  ✓ SkillEvolutionService → evolveSkill → it returns failure when skill cannot evolve                                  0.08s  
  ✓ SkillEvolutionService → evolveSkill → it successfully evolves a skill when prerequisites are met                   0.05s  
  ✓ SkillEvolutionService → calculateEvolutionEfficiency → it returns no evolution message for non-evolvable skill     0.04s  
  ✓ SkillEvolutionService → calculateEvolutionEfficiency → it calculates efficiency comparison for evolvable skill     0.04s  
  ✓ SkillEvolutionService → getEvolutionChain → it returns evolution chain for normal skill                            0.05s  

   PASS  Tests\Unit\Services\SupportDeckServiceTest
  ✓ SupportDeckService → getRecommendations → it returns recommendations for character                                 0.09s  
  ✓ SupportDeckService → saveDeck → it saves valid deck for character                                                  0.06s  
  ✓ SupportDeckService → validateDeck → it validates complete deck with 6 cards                                        0.05s  
  ✓ SupportDeckService → validateDeck → it returns error for incomplete deck                                           0.05s  
  ✓ SupportDeckService → validateDeck → it returns error for too many friend cards                                     0.05s  
  ✓ SupportDeckService → validateDeck → it returns error for duplicate cards                                           0.08s  
  ✓ SupportDeckService → validateDeck → it returns warning for low specialization diversity                            0.05s  
  ✓ SupportDeckService → saveDeck → it returns false for invalid deck                                                  0.04s  
  ✓ SupportDeckService → saveDeck → it replaces existing deck when saving new one                                      0.06s  
  ✓ SupportDeckService → getRecommendations → it filters recommendations by focus stat                                 0.05s  
  ✓ SupportDeckService → calculateDeckTier → it returns Unranked for empty deck                                        0.08s  
  ✓ SupportDeckService → calculateDeckTier → it calculates tier based on card meta tiers                               0.05s  

   PASS  Tests\Unit\Services\TrainingAdvisoryServiceTest
  ✓ TrainingAdvisoryService → it has all required public methods                                                       0.06s  
  ✓ TrainingAdvisoryService → getRaceStrategy → it falls back to rule-based advisor when AI is unavailable             0.05s  
  ✓ TrainingAdvisoryService → getRaceStrategy → it falls back to rule-based advisor when AI generation fails           0.09s  
  ✓ TrainingAdvisoryService → getRaceStrategy → it builds correct race strategy prompt with character and race data    0.05s  
  ✓ TrainingAdvisoryService → it can be instantiated with dependencies                                                 0.04s  
  ✓ TrainingAdvisoryService → getRaceStrategy → it generates race strategy using AI when available                     0.05s  

   PASS  Tests\Unit\Enums\PriorityTest
  ✓ Priority Enum → cases → it has all expected priority levels                                                        0.05s  
  ✓ Priority Enum → cases → it has correct string values                                                               0.08s  
  ✓ Priority Enum → label → it returns correct labels                                                                  0.04s  
  ✓ Priority Enum → description → it returns correct descriptions                                                      0.04s  
  ✓ Priority Enum → color → it returns correct color classes                                                           0.04s  
  ✓ Priority Enum → weight → it returns correct weights                                                                0.04s  
  ✓ Priority Enum → weight → it has weights in descending order                                                        0.09s  
  ✓ Priority Enum → comparison methods → isHigherThan → it correctly compares priorities                               0.04s  
  ✓ Priority Enum → comparison methods → isHigherThan → it returns false when comparing equal priorities               0.04s  
  ✓ Priority Enum → comparison methods → isHigherThan → it returns false when comparing lower priorities               0.04s  
  ✓ Priority Enum → comparison methods → isLowerThan → it correctly compares priorities                                0.04s  
  ✓ Priority Enum → comparison methods → isLowerThan → it returns false when comparing equal priorities                0.08s  
  ✓ Priority Enum → comparison methods → isLowerThan → it returns false when comparing higher priorities               0.04s  
  ✓ Priority Enum → comparison methods → isEqualTo → it returns true for same priorities                               0.04s  
  ✓ Priority Enum → comparison methods → isEqualTo → it returns false for different priorities                         0.04s  
  ✓ Priority Enum → comparison methods → isAtLeast → it returns true for higher or equal priorities                    0.04s  
  ✓ Priority Enum → comparison methods → isAtLeast → it returns false for lower priorities                             0.08s  
  ✓ Priority Enum → comparison methods → isAtMost → it returns true for lower or equal priorities                      0.04s  
  ✓ Priority Enum → comparison methods → isAtMost → it returns false for higher priorities                             0.04s  
  ✓ Priority Enum → convenience methods → isCritical → it returns true only for CRITICAL priority                      0.04s  
  ✓ Priority Enum → convenience methods → isHighOrCritical → it returns true for HIGH and CRITICAL priorities          0.04s  
  ✓ Priority Enum → convenience methods → isLow → it returns true only for LOW priority                                0.08s  
  ✓ Priority Enum → static comparison methods → max → it returns the higher priority                                   0.04s  
  ✓ Priority Enum → static comparison methods → max → it returns the same priority when both are equal                 0.04s  
  ✓ Priority Enum → static comparison methods → min → it returns the lower priority                                    0.04s  
  ✓ Priority Enum → static comparison methods → min → it returns the same priority when both are equal                 0.04s  
  ✓ Priority Enum → static helper methods → ordered → it returns priorities in descending order                        0.08s  
  ✓ Priority Enum → static helper methods → all → it returns all priority cases                                        0.04s  
  ✓ Priority Enum → static helper methods → values → it returns all priority string values                             0.04s  
  ✓ Priority Enum → BackedEnum methods → it can be created from string value                                           0.04s  
  ✓ Priority Enum → BackedEnum methods → it throws exception for invalid value                                         0.04s  
  ✓ Priority Enum → BackedEnum methods → it can try to create from string value                                        0.08s  
  ✓ Priority Enum → sorting behavior → it can sort priorities by weight                                                0.04s  

   PASS  Tests\Unit\Services\SkillServiceTest
  ✓ SkillService → calculateFinalCost → it returns base cost when no hints                                             0.08s  
  ✓ SkillService → calculateFinalCost → it applies 10% discount with 1 hint                                            0.04s  
  ✓ SkillService → calculateFinalCost → it applies 20% discount with 2 hints                                           0.08s  
  ✓ SkillService → calculateFinalCost → it applies 30% discount with 3 hints                                           0.04s  
  ✓ SkillService → calculateFinalCost → it applies 35% discount with 4 hints                                           0.05s  
  ✓ SkillService → calculateFinalCost → it applies 40% max discount with 5 hints                                       0.04s  
  ✓ SkillService → calculateFinalCost → it caps discount at 40% with 6+ hints                                          0.04s  
  ✓ SkillService → calculateFinalCost → it handles odd base costs correctly                                            0.08s  
  ✓ SkillService → calculateFinalCost → it never returns negative cost                                                 0.04s  
  ✓ SkillService → getDiscountPercentage → it returns 0% for no hints                                                  0.04s  
  ✓ SkillService → getDiscountPercentage → it returns 10% for 1 hint                                                   0.04s  
  ✓ SkillService → getDiscountPercentage → it returns 20% for 2 hints                                                  0.04s  
  ✓ SkillService → getDiscountPercentage → it returns 30% for 3 hints                                                  0.08s  
  ✓ SkillService → getDiscountPercentage → it returns 35% for 4 hints                                                  0.04s  
  ✓ SkillService → getDiscountPercentage → it returns 40% for 5 hints                                                  0.04s  
  ✓ SkillService → getDiscountPercentage → it caps at 40% for 6+ hints                                                 0.04s  

   PASS  Tests\Unit\Services\SupportCardMetaServiceTest
  ✓ SupportCardMetaService → getTopCardsByType → it returns top cards for a given type                                 0.11s  
  ✓ SupportCardMetaService → getTopCardsByType → it returns empty collection for non-existent type                     0.04s  
  ✓ SupportCardMetaService → getTopCardsByType → it respects limit parameter                                           0.05s  
  ✓ SupportCardMetaService → getCardsByTier → it returns cards grouped by meta tier                                    0.05s  
  ✓ SupportCardMetaService → getCardSynergies → it returns synergy data for a card                                     0.04s  
  ✓ SupportCardMetaService → getCardSynergies → it returns empty synergies for card without synergies                  0.04s  
  ✓ SupportCardMetaService → updateMetaTier → it updates meta tier for a card                                          0.08s  
  ✓ SupportCardMetaService → updateMetaTier → it updates meta tier with metadata                                       0.04s  
  ✓ SupportCardMetaService → getSkillProvisionMapping → it returns skill provision mapping for a card                  0.04s  
  ✓ SupportCardMetaService → getAllSkillProvisionMappings → it returns all skill provision mappings                    0.04s  
  ✓ SupportCardMetaService → findCardsBySkill → it finds cards that provide a specific skill                           0.05s  
  ✓ SupportCardMetaService → getRecommendedCardsForScenario → it returns recommended cards for a scenario              0.09s  
  ✓ SupportCardMetaService → bulkUpdateMetaTiers → it bulk updates meta tiers                                          0.05s  
  ✓ SupportCardMetaService → bulkUpdateMetaTiers → it handles missing cards gracefully                                 0.04s  
  ✓ SupportCardMetaService → caching → it caches top cards results                                                     0.05s  

   PASS  Tests\Unit\Services\SynergyScoreTest
  ✓ SynergyScorer → calculateDeckScore → it returns zero score for empty deck                                          0.09s  
  ✓ SynergyScorer → calculateDeckScore → it calculates score with support cards in deck                                0.05s  
  ✓ SynergyScorer → calculateDeckScore → it provides recommendations based on scores                                   0.05s  
  ✓ SynergyScorer → score components → it scores meta quality based on card tiers                                      0.05s  
  ✓ SynergyScorer → score components → it scores type diversity based on unique card types                             0.05s  
  ✓ SynergyScorer → score components → it scores limit break levels correctly                                          0.05s  
  ✓ SynergyScorer → score components → it scores friendship levels correctly                                           0.09s  

   PASS  Tests\Unit\Services\TesseractServiceTest
  ✓ TesseractService → it checks if Tesseract is available                                                             0.09s  
  ✓ TesseractService → it validates image before processing                                                            0.05s  
  ✓ TesseractService → it creates OCR extraction record when validation passes                                         0.63s  
  ✓ TesseractService → it detects duplicate images by hash                                                             0.10s  
  ✓ TesseractService → it extracts stats from OCR text                                                                 0.06s  
  ✓ TesseractService → it extracts stats from English OCR text                                                         0.06s  
  ✓ TesseractService → it validates stat ranges                                                                        0.04s  
  ✓ TesseractService → it extracts additional data from OCR text                                                       0.04s  
  ✓ TesseractService → it normalizes Japanese mood status                                                              0.04s  
  ✓ TesseractService → it normalizes English mood status                                                               0.08s  
  ✓ TesseractService → it calculates confidence score correctly                                                        0.04s  

   PASS  Tests\Unit\Services\TrainingCalculationServiceTest
  ✓ Verified Formula Components (Phase 4) → it applies training effect from support card traits                        0.05s  
  ✓ Verified Formula Components (Phase 4) → it calculates total multiplier as product of all components                0.04s  
  ✓ Base Stat Gain Calculations → it calculates speed training gains correctly                                         0.09s  
  ✓ Verified Formula Components (Phase 4) → it calculates support card presence multiplier correctly                   0.04s  
  ✓ Verified Formula Components (Phase 4) → it caps support card presence multiplier at 6 cards                        0.05s  
  ✓ Verified Formula Components (Phase 4) → it calculates friendship multiplier as product not sum                     0.04s  
  ✓ Verified Formula Components (Phase 4) → it applies facility bonus for Unity Cup scenario                           0.04s  
  ✓ Base Stat Gain Calculations → it calculates stamina training gains correctly                                       0.09s  
  ✓ Base Stat Gain Calculations → it calculates power training gains correctly                                         0.04s  
  ✓ Energy Cost Calculations → it calculates base energy cost for training                                             0.04s  
  ✓ Verified Formula Components (Phase 4) → it does not apply facility bonus for URA Finale scenario                   0.04s  
  ✓ Base Stat Gain Calculations → it calculates guts training gains correctly                                          0.04s  
  ✓ Energy Cost Calculations → it increases failure risk with low energy                                               0.08s  
  ✓ Mood Effects → it applies mood bonus for good mood                                                                 0.05s  
  ✓ Verified Formula Components (Phase 4) → it applies per-training cap of +100 for stats below 1200                   0.06s  
  ✓ Verified Formula Components (Phase 4) → it applies per-training cap of +50 for stats above 1200                    0.06s  
  ✓ Base Stat Gain Calculations → it calculates wit training gains correctly                                           0.05s  
  ✓ Mood Effects → it applies mood penalty for bad mood                                                                0.08s  
  ✓ Mood Effects → it applies great mood bonus correctly                                                               0.05s  
  ✓ Mood Effects → it applies awful mood penalty correctly                                                             0.05s  
  ✓ Growth Rate Multipliers → it applies growth rate multiplier to stat gains                                          0.05s  
  ✓ Batch Predictions → it calculates predictions for all training types                                               0.05s  
  ✓ Training Recommendations → it returns recommended training with reason                                             0.09s  

   PASS  Tests\Unit\Services\TrainingPredictionServiceTest
  ✓ TrainingPredictionService → it gets base predictions without support deck                                          0.06s  
  ✓ TrainingPredictionService → it gets predictions with support deck                                                  0.06s  
  ✓ TrainingPredictionService → it gets prediction for specific facility                                               0.05s  
  ✓ TrainingPredictionService → it applies growth rates to base gains                                                  0.07s  
  ✓ TrainingPredictionService → it recommends training based on lowest stat                                            0.11s  
  ✓ TrainingPredictionService → it recommends training based on stat gaps                                              0.05s  
  ✓ TrainingPredictionService → it recommends training when all goals are met                                          0.05s  

   PASS  Tests\Unit\Services\Training\SkillHintServiceTest
  ✓ SkillHintService → it gets hint summary for character                                                              0.08s  
  ✓ SkillHintService → it gets skills with hints for character                                                         0.26s  
  ✓ SkillHintService → it records hint for skill acquisition                                                           0.05s  
  ✓ SkillHintService → it increments hint level on second hint                                                         0.08s  
  ✓ SkillHintService → it continues to level 5 for maximum discount                                                    0.07s  
  ✓ SkillHintService → it does not exceed maximum hint level                                                           0.11s  
  ✓ SkillHintService → it gets hint probability based on bond level                                                    0.09s  

   PASS  Tests\Unit\View\Components\CareerStatusComponentsTest
  ✓ TurnCounter Component → it calculates stage correctly                                                              0.16s  
  ✓ TurnCounter Component → it calculates progress percentage                                                          0.07s  
  ✓ TurnCounter Component → it returns correct size classes                                                            0.05s  
  ✓ ConditionBadge Component → it renders with default condition                                                       0.06s  
  ✓ ConditionBadge Component → it accepts all valid conditions                                                         0.06s  
  ✓ ConditionBadge Component → it returns correct color classes for each condition                                     0.13s  
  ✓ ConditionBadge Component → it returns correct trend icons                                                          0.06s  
  ✓ ConditionBadge Component → it normalizes condition to uppercase                                                    0.06s  
  ✓ ConditionBadge Component → it returns correct label for each condition                                             0.06s  
  ✓ ConditionBadge Component → it returns correct size classes                                                         0.05s  
  ✓ EnergyGauge Component → it returns correct energy state based on value                                             0.09s  
  ✓ EnergyGauge Component → it renders with default values                                                             0.05s  
  ✓ EnergyGauge Component → it clamps energy value to 0-100 range                                                      0.05s  
  ✓ EnergyGauge Component → it returns correct color classes for each state                                            0.05s  
  ✓ EnergyGauge Component → it returns correct trend icon                                                              0.05s  
  ✓ EnergyGauge Component → it calculates percentage correctly                                                         0.09s  
  ✓ EnergyGauge Component → it returns correct size classes                                                            0.04s  
  ✓ EnergyGauge Component → it handles edge case values                                                                0.04s  
  ✓ TurnCounter Component → it renders with default values                                                             0.04s  
  ✓ TurnCounter Component → it accepts custom turn values                                                              0.04s  
  ✓ TurnCounter Component → it renders component view                                                                  0.13s  
  ✓ ConditionBadge Component → it renders component view                                                               0.09s  
  ✓ EnergyGauge Component → it renders component view                                                                  0.08s  

   PASS  Tests\Unit\View\Components\BreadcrumbTest
  ✓ it renders breadcrumb component view successfully                                                                  0.21s  
  ✓ it returns all items with home prepended when showHome is true                                                     0.08s  
  ✓ it returns only provided items when showHome is false                                                              0.04s  
  ✓ it generates valid json-ld schema                                                                                  0.04s  

   PASS  Tests\Unit\Services\Training\BondProgressionServiceTest
  ✓ BondProgressionService → it updates bond levels for participating cards                                            0.06s  
  ✓ BondProgressionService → it caps bond level at 100                                                                 0.05s  
  ✓ BondProgressionService → it handles empty participating cards list                                                 0.09s  
  ✓ BondProgressionService → it sets bond level for a specific card                                                    0.06s  
  ✓ BondProgressionService → it gets bond level for a specific card                                                    0.06s  
  ✓ BondProgressionService → it gets bond summary for deck                                                             0.06s  

   PASS  Tests\Unit\Services\Training\SupportBonusCalculatorTest
  ✓ SupportBonusCalculator → it calculates bonuses for empty deck                                                      0.09s  
  ✓ SupportBonusCalculator → it calculates bonuses for SSR card                                                        0.05s  
  ✓ SupportBonusCalculator → it calculates bonuses for SR card                                                         0.05s  
  ✓ SupportBonusCalculator → it calculates bonuses for R card                                                          0.05s  
  ✓ SupportBonusCalculator → it applies limit break multiplier                                                         0.05s  
  ✓ SupportBonusCalculator → it applies friendship multiplier with 3+ cards at 80+ bond                                0.05s  
  ✓ SupportBonusCalculator → it does not apply friendship multiplier with less than 3 cards at 80+ bond                0.10s  
  ✓ SupportBonusCalculator → it applies bonuses to stat gains                                                          0.04s  
  ✓ SupportBonusCalculator → it applies bonuses to multiple stats                                                      0.04s  

   PASS  Tests\Unit\View\Components\CharacterDisplayComponentsTest
  ✓ CharacterPortrait Component → it returns correct size classes                                                      0.07s  
  ✓ CharacterPortrait Component → it returns correct badge position classes                                            0.06s  
  ✓ CharacterPortrait Component → it includes border classes when showBorder is true                                   0.09s  
  ✓ CharacterPortrait Component → it excludes border classes when showBorder is false                                  0.05s  
  ✓ CharacterPortrait Component → it includes rounded classes when rounded is true                                     0.05s  
  ✓ CharacterPortrait Component → it renders image with alt text                                                       0.25s  
  ✓ CharacterPortrait Component → it renders badge when provided                                                       0.29s  
  ✓ AptitudeDisplay Component → it normalizes type and grade to correct case                                           0.20s  
  ✓ AptitudeDisplay Component → it returns correct grade colors                                                        0.12s  
  ✓ AptitudeDisplay Component → it returns correct type labels                                                         0.16s  
  ✓ AptitudeDisplay Component → it returns correct layout classes                                                      0.13s  
  ✓ AptitudeDisplay Component → it renders grade and type label                                                        0.47s  
  ✓ AptitudeDisplay Component → it shows bonus percentage when provided                                                0.30s  
  ✓ AptitudeDisplay Component → it hides label when showLabel is false                                                 0.25s  

   PASS  Tests\Unit\View\Components\GoalProgressTest
  ✓ GoalProgress Component → it renders with default values                                                            0.05s  
  ✓ GoalProgress Component → it returns correct color classes for G1 goal                                              0.04s  
  ✓ GoalProgress Component → it returns correct color classes for G2 goal                                              0.05s  
  ✓ GoalProgress Component → it returns correct color classes for G3 goal                                              0.10s  
  ✓ GoalProgress Component → it returns correct color classes for OP goal                                              0.04s  
  ✓ GoalProgress Component → it returns correct background color for G1                                                0.05s  
  ✓ GoalProgress Component → it returns correct background color for G2                                                0.05s  
  ✓ GoalProgress Component → it returns correct background color for G3                                                0.04s  
  ✓ GoalProgress Component → it returns correct background color for OP                                                0.12s  
  ✓ GoalProgress Component → it calculates correct percentage for partial progress                                     0.04s  
  ✓ GoalProgress Component → it calculates 100% when current equals target                                             0.04s  
  ✓ GoalProgress Component → it calculates 0% when current is 0                                                        0.04s  
  ✓ GoalProgress Component → it returns 0 when target is 0 to avoid division by zero                                   0.04s  
  ✓ GoalProgress Component → it detects completion when current equals target                                          0.08s  
  ✓ GoalProgress Component → it detects non-completion when current less than target                                   0.04s  
  ✓ GoalProgress Component → it detects completion when current exceeds target                                         0.04s  
  ✓ GoalProgress Component → it returns correct size classes for sm                                                    0.04s  
  ✓ GoalProgress Component → it returns correct size classes for md                                                    0.04s  
  ✓ GoalProgress Component → it returns correct size classes for lg                                                    0.08s  
  ✓ GoalProgress Component → it hides label when showLabel is false                                                    0.04s  

   PASS  Tests\Unit\View\Components\LayoutComponentsTest
  ✓ CharacterProfile Component → it returns correct layout classes for row layout                                      0.05s  
  ✓ CharacterProfile Component → it returns correct layout classes for column layout                                   0.04s  
  ✓ CharacterProfile Component → it returns correct image section classes                                              0.04s  
  ✓ CharacterProfile Component → it returns correct content section classes                                            0.08s  
  ✓ CharacterProfile Component → it returns correct image size classes                                                 0.04s  
  ✓ CharacterProfile Component → it renders with image and text                                                        0.31s  
  ✓ CharacterProfile Component → it renders with slot content                                                          0.21s  
  ✓ MemoriesGrid Component → it returns correct grid classes                                                           0.04s  
  ✓ MemoriesGrid Component → it determines lock status correctly                                                       0.09s  
  ✓ MemoriesGrid Component → it determines new flag correctly                                                          0.05s  
  ✓ MemoriesGrid Component → it retrieves item URL correctly                                                           0.05s  
  ✓ MemoriesGrid Component → it renders grid with items                                                                0.20s  
  ✓ MemoriesGrid Component → it renders empty state when no items                                                      0.22s  
  ✓ MemoriesGrid Component → it hides lock icons when showLockIcons is false                                           0.23s  

   PASS  Tests\Unit\View\Components\ProgressBarTest
  ✓ ProgressBar Component → it clamps current value to max                                                             0.05s  
  ✓ ProgressBar Component → it calculates percentage correctly                                                         0.04s  
  ✓ ProgressBar Component → it handles division by zero gracefully                                                     0.04s  
  ✓ ProgressBar Component → it returns correct stat color classes                                                      0.04s  
  ✓ ProgressBar Component → it returns correct semantic color classes                                                  0.10s  
  ✓ ProgressBar Component → it returns correct size classes                                                            0.06s  
  ✓ ProgressBar Component → it renders progress bar with correct width                                                 0.22s  
  ✓ ProgressBar Component → it shows label when enabled                                                                0.24s  
  ✓ ProgressBar Component → it shows current and max values when enabled                                               0.20s  
  ✓ ProgressBar Component → it applies animation class when enabled                                                    0.27s  

   PASS  Tests\Unit\View\Components\RaceDayBadgeTest
  ✓ RaceDayBadge Component → it returns correct color classes for amber when days between 4 and 7                      0.07s  
  ✓ RaceDayBadge Component → it returns correct color classes for orange when days between 2 and 3                     0.05s  
  ✓ RaceDayBadge Component → it returns correct color classes for red when days is 1                                   0.05s  
  ✓ RaceDayBadge Component → it returns correct color classes for red when isRaceDay is true                           0.05s  
  ✓ RaceDayBadge Component → it returns correct size classes for lg                                                    0.10s  
  ✓ RaceDayBadge Component → it returns correct size classes for sm                                                    0.05s  
  ✓ RaceDayBadge Component → it returns correct size classes for md                                                    0.07s  
  ✓ RaceDayBadge Component → it returns correct color classes for blue when days > 7                                   0.07s  
  ✓ RaceDayBadge Component → it renders with default values                                                            0.05s  
  ✓ RaceDayBadge Component → it sets isRaceDay to true when daysUntil is 0                                             0.09s  
  ✓ RaceDayBadge Component → it clamps negative days to 0                                                              0.06s  
  ✓ RaceDayBadge Component → it returns RACE DAY label when isRaceDay is true                                          0.05s  
  ✓ RaceDayBadge Component → it returns Tomorrow label when days is 1                                                  0.06s  
  ✓ RaceDayBadge Component → it returns In X days label for multiple days                                              0.05s  
  ✓ RaceDayBadge Component → it hides countdown text when showCountdown is false                                       0.13s  

   PASS  Tests\Unit\View\Components\RatingComponentsTest
  ✓ StarRating Component → it clamps stars to valid range                                                              0.06s  
  ✓ StarRating Component → it returns correct size classes                                                             0.06s  
  ✓ StarRating Component → it renders with correct number of stars                                                     0.33s  
  ✓ StarRating Component → it shows count when enabled                                                                 0.30s  
  ✓ PotentialBadge Component → it clamps level to valid range 1-9                                                      0.11s  
  ✓ PotentialBadge Component → it returns correct color for level ranges                                               0.06s  
  ✓ PotentialBadge Component → it returns correct size classes                                                         0.08s  
  ✓ PotentialBadge Component → it renders with level number                                                            0.25s  
  ✓ PotentialBadge Component → it hides label when showLabel is false                                                  0.22s  

   PASS  Tests\Unit\View\Components\StatRadarChartTest
  ✓ StatRadarChart Component → it calculates stat percentages correctly                                                0.09s  
  ✓ StatRadarChart Component → it returns correct SVG fill colors                                                      0.04s  
  ✓ StatRadarChart Component → it accepts custom stats values                                                          0.04s  
  ✓ StatRadarChart Component → it normalizes stat keys to lowercase                                                    0.04s  
  ✓ StatRadarChart Component → it returns clamped stat values                                                          0.04s  
  ✓ StatRadarChart Component → it returns correct stat colors                                                          0.09s  
  ✓ StatRadarChart Component → it renders with default values                                                          0.04s  
  ✓ StatRadarChart Component → it returns correct size classes                                                         0.04s  
  ✓ StatRadarChart Component → it returns stat names in correct order                                                  0.05s  
  ✓ StatRadarChart Component → it calculates pentagon points correctly                                                 0.05s  
  ✓ StatRadarChart Component → it generates grid points for reference levels                                           0.09s  
  ✓ StatRadarChart Component → it renders component view                                                               0.09s  
  ✓ StatRadarChart Component → it handles missing stats gracefully                                                     0.04s  
  ✓ StatRadarChart Component → it supports all size variants with correct proportions                                  0.04s  

   PASS  Tests\Unit\View\Components\TraineeEventBannerTest
  ✓ TraineeEventBanner Component → it renders with default values                                                      0.05s  
  ✓ TraineeEventBanner Component → it returns correct background color for event type                                  0.08s  
  ✓ TraineeEventBanner Component → it returns correct background color for warning type                                0.04s  
  ✓ TraineeEventBanner Component → it returns correct background color for achievement type                            0.04s  
  ✓ TraineeEventBanner Component → it returns correct background color for training type                               0.04s  
  ✓ TraineeEventBanner Component → it returns correct text color for event type                                        0.04s  
  ✓ TraineeEventBanner Component → it returns correct text color for warning type                                      0.08s  
  ✓ TraineeEventBanner Component → it returns correct text color for training type                                     0.04s  
  ✓ TraineeEventBanner Component → it returns correct accent color for event type                                      0.04s  
  ✓ TraineeEventBanner Component → it returns correct accent color for warning type                                    0.04s  
  ✓ TraineeEventBanner Component → it returns correct text color for achievement type                                  0.04s  
  ✓ TraineeEventBanner Component → it returns correct accent color for training type                                   0.08s  
  ✓ TraineeEventBanner Component → it returns correct accent color for achievement type                                0.04s  
  ✓ TraineeEventBanner Component → it returns warning emoji for warning type                                           0.04s  
  ✓ TraineeEventBanner Component → it returns achievement emoji for achievement type                                   0.04s  
  ✓ TraineeEventBanner Component → it returns training emoji for training type                                         0.04s  
  ✓ TraineeEventBanner Component → it returns default event emoji when icon not provided                               0.08s  
  ✓ TraineeEventBanner Component → it returns event type with emoji fallback for event type                            0.04s  
  ✓ TraineeEventBanner Component → it returns custom icon when provided                                                0.04s  
  ✓ TraineeEventBanner Component → it accepts custom title                                                             0.05s  
  ✓ TraineeEventBanner Component → it accepts custom message                                                           0.04s  
  ✓ TraineeEventBanner Component → it allows dismissible to be set to false                                            0.08s  
  ✓ TraineeEventBanner Component → it correctly renders border color based on type                                     0.04s  

   PASS  Tests\Unit\View\Components\TypeIconTest
  ✓ TypeIcon Component → it returns correct labels for each type                                                       0.07s  
  ✓ TypeIcon Component → it renders with default type (speed)                                                          0.05s  
  ✓ TypeIcon Component → it normalizes type to lowercase                                                               0.05s  
  ✓ TypeIcon Component → it returns correct color classes for each stat type                                           0.09s  
  ✓ TypeIcon Component → it returns correct size classes                                                               0.04s  
  ✓ TypeIcon Component → it returns correct icon symbols for each type                                                 0.04s  
  ✓ TypeIcon Component → it returns correct background colors for each type                                            0.04s  
  ✓ TypeIcon Component → it renders component view correctly                                                           0.13s  
  ✓ TypeIcon Component → it accepts custom constructor parameters                                                      0.04s  

   PASS  Tests\Unit\Components\RecommendationCardComponentTest
  ✓ it renders recommendation card with required attributes                                                            0.05s  
  ✓ it initializes Alpine.js with correct default state                                                                0.05s  
  ✓ it respects expanded prop when set to true                                                                         0.14s  
  ✓ it includes x-show directive for dismissal                                                                         0.05s  
  ✓ it includes x-collapse directive for expand/collapse animation                                                     0.06s  
  ✓ it includes click handler for expand/collapse                                                                      0.05s  
  ✓ it includes click handler for dismiss button                                                                       0.06s  
  ✓ it binds aria-expanded to Alpine.js state                                                                          0.10s  
  ✓ it includes transition directives for smooth animations                                                            0.05s  
  ✓ it applies correct priority color classes                                                                          0.17s  
  ✓ it displays priority icon based on priority level                                                                  0.11s  
  ✓ it displays confidence score when provided                                                                         0.05s  
  ✓ it hides confidence score when not provided                                                                        0.09s  
  ✓ it displays reasoning section when provided                                                                        0.06s  
  ✓ it displays expected outcomes section when provided                                                                0.07s  
  ✓ it displays risks section when provided                                                                            0.07s  
  ✓ it includes action buttons when showActions is true                                                                0.06s  
  ✓ it hides action buttons when showActions is false                                                                  0.14s  
  ✓ it includes Livewire wire:click for apply action                                                                   0.07s  
  ✓ it includes Livewire wire:click for feedback action                                                                0.04s  
  ✓ it has proper keyboard navigation attributes                                                                       0.05s  
  ✓ it includes focus ring classes for accessibility                                                                   0.04s  
  ✓ it includes dark mode classes                                                                                      0.10s  
  ✓ it generates unique card ID for each instance                                                                      0.05s  
  ✓ it renders without errors                                                                                          0.05s  
  ✓ it renders complete HTML structure                                                                                 0.04s  
  ✓ it handles empty expected outcomes array gracefully                                                                0.05s  
  ✓ it handles empty risks array gracefully                                                                            0.09s  
  ✓ it rotates chevron icon based on expanded state                                                                    0.05s  

   PASS  Tests\Feature\AIChatTest
  ✓ AI Chat Interface → it prevents accessing other users characters                                                   0.10s  
  ✓ Send Message API → it includes character context in request                                                        0.06s  
  ✓ AI Chat Interface → it displays character context when character_id is provided                                    0.13s  
  ✓ AI Chat Interface → it displays the chat interface for authenticated users                                         0.09s  
  ✓ AI Chat Interface → it requires authentication to access chat interface                                            0.05s  
  ✓ Send Message API → it sends a message and receives AI response                                                     0.06s  
  ✓ Send Message API → it validates message length                                                                     0.10s  
  ✓ Send Message API → it requires message field                                                                       0.05s  
  ✓ Send Message API → it logs conversation to database                                                                0.05s  
  ✓ Send Message API → it handles provider preference                                                                  0.05s  
  ✓ Send Message API → it handles agent type selection                                                                 0.10s  
  ✓ Send Message API → it streams a message response                                                                   0.05s  
  ✓ Server Status API → it returns MCP server status                                                                   0.06s  
  ✓ Server Status API → it handles server status errors gracefully                                                     0.06s  
  ✓ Workflow Status API → it returns current workflow status                                                           0.10s  
  ✓ Workflow Status API → it returns null when no active workflow                                                      0.05s  
  ✓ Tool Usage API → it returns active tool usage                                                                      0.05s  
  ✓ Tool Usage API → it returns empty array when no active tools                                                       0.05s  
  ✓ User Preferences API → it returns default preferences for new users                                                0.10s  
  ✓ User Preferences API → it saves user preferences                                                                   0.05s  
  ✓ User Preferences API → it retrieves saved preferences                                                              0.05s  

   PASS  Tests\Feature\APIMonitoringDashboardTest
  ✓ API Performance Metrics Service → it records response time correctly                                               0.12s  
  ✓ API Performance Metrics Service → it provides health status summary                                                0.04s  
  ✓ API Monitoring Dashboard → it returns response time statistics for specific source                                 0.05s  
  ✓ API Performance Metrics Service → it records cache hits and misses                                                 0.04s  
  ✓ API Performance Metrics Service → it records errors correctly                                                      0.04s  
  ✓ API Performance Metrics Service → it resets metrics correctly                                                      0.08s  
  ✓ API Monitoring Dashboard → it returns response time statistics                                                     0.04s  
  ✓ API Monitoring Dashboard → it returns cache performance metrics                                                    0.04s  
  ✓ API Monitoring Dashboard → it returns 404 for non-existent alert                                                   0.04s  
  ✓ API Monitoring Dashboard → it returns real-time metrics                                                            0.04s  
  ✓ API Monitoring Dashboard → it resets metrics for specific source                                                   0.09s  
  ✓ API Monitoring Dashboard → it acknowledges an alert                                                                0.04s  
  ✓ API Monitoring Dashboard → it resets all metrics                                                                   0.04s  
  ✓ API Monitoring Dashboard → it returns request volume statistics                                                    0.04s  
  ✓ API Monitoring Dashboard → it resets circuit breaker for specific source                                           0.04s  
  ✓ API Monitoring Dashboard → it resets all circuit breakers                                                          0.09s  
  ✓ API Monitoring Dashboard → it returns error rate statistics                                                        0.04s  
  ✓ API Monitoring Dashboard → it returns active alerts                                                                0.05s  
  ✓ API Performance Metrics Service → it calculates percentiles correctly                                              0.05s  
  ✓ API Monitoring Dashboard → it returns performance recommendations                                                  1.21s  
  ✓ API Monitoring Dashboard → it returns health status summary                                                        0.95s  
  ✓ API Monitoring Dashboard → it returns comprehensive dashboard metrics                                              0.81s  
  ✓ API Monitoring Dashboard → it returns circuit breaker status                                                       0.80s  

   PASS  Tests\Feature\Admin\AdminAccessTest
  ✓ non-admin users cannot access admin routes                                                                         0.11s  
  ✓ admin can view queue monitor                                                                                       0.05s  
  ✓ admin can view logs                                                                                                0.11s  
  ✓ admin can view system settings                                                                                     0.07s  
  ✓ admin users can access admin routes                                                                                0.05s  
  ✓ admin can view database maintenance                                                                                0.14s  
  ✓ guests cannot access admin routes                                                                                  0.05s  

   PASS  Tests\Feature\AdvisoryPanelArrowNavigationTest
  ✓ advisory panel component renders with keyboard navigation support                                                  0.05s  
  ✓ advisory panel has proper ARIA attributes for keyboard navigation                                                  0.10s  
  ✓ advisory panel toggle button has keyboard shortcut hint                                                            0.05s  
  ✓ keyboard navigation footer hint is displayed                                                                       0.05s  
  ✓ close button has proper aria-label for keyboard users                                                              0.05s  
  ✓ panel displays turn number for context                                                                             0.10s  
  ✓ empty state is displayed when no content available                                                                 0.05s  
  ✓ panel has proper complementary role for accessibility                                                              0.05s  
  ✓ expandable buttons have proper aria-expanded state                                                                 0.05s  
  ✓ panel supports keyboard shortcut documentation                                                                     0.09s  
  ✓ panel Alpine component includes arrow key navigation methods                                                       0.05s  
  ✓ panel has proper focus trap for keyboard navigation                                                                0.05s  
  ✓ panel has screen reader only class for announcements                                                               0.05s  
  ✓ dismiss buttons have proper aria-labels for keyboard users                                                         0.10s  
  ✓ expandable items have data-expandable attribute for keyboard interaction                                           0.07s  
  ✓ panel sections have unique IDs for aria-controls                                                                   0.06s  
  ✓ panel can be opened with openPanel method                                                                          0.05s  
  ✓ section headers have proper aria-expanded attributes                                                               0.10s  
  ✓ panel works in both local and account storage modes                                                                0.06s  
  ✓ panel can be toggled programmatically                                                                              0.06s  
  ✓ sections can be toggled for keyboard navigation                                                                    0.06s  
  ✓ panel maintains focus management state                                                                             0.10s  
  ✓ panel can be closed with closePanel method                                                                         0.07s  

   PASS  Tests\Feature\AccessibilityComplianceTest
  ✓ WCAG 2.2 AA Accessibility Compliance → Robust - Compatible Markup → it ARIA attributes are valid                   0.14s  
  ✓ WCAG 2.2 AA Accessibility Compliance → Perceivable - Text Alternatives → it form inputs have associated labels     0.08s  
  ✓ WCAG 2.2 AA Accessibility Compliance → Perceivable - Text Alternatives → it all images have alt text               0.07s  
  ✓ WCAG 2.2 AA Accessibility Compliance → Perceivable - Color Contrast → it text has sufficient color contrast        0.18s  
  ✓ WCAG 2.2 AA Accessibility Compliance → Perceivable - Color Contrast → it focus indicators are visible              0.11s  
  ✓ WCAG 2.2 AA Accessibility Compliance → Operable - Keyboard Navigation → it interactive elements are keyboard acce… 0.13s  
  ✓ WCAG 2.2 AA Accessibility Compliance → Operable - Keyboard Navigation → it skip links are present for main conten… 0.18s  
  ✓ WCAG 2.2 AA Accessibility Compliance → Operable - Keyboard Navigation → it no keyboard traps exist                 0.10s  
  ✓ WCAG 2.2 AA Accessibility Compliance → Understandable - Readable Content → it page has language attribute          0.10s  
  ✓ WCAG 2.2 AA Accessibility Compliance → Understandable - Readable Content → it error messages are descriptive       0.07s  
  ✓ WCAG 2.2 AA Accessibility Compliance → Understandable - Predictable Navigation → it navigation is consistent acro… 0.19s  
  ✓ WCAG 2.2 AA Accessibility Compliance → Robust - Compatible Markup → it uses semantic HTML elements                 0.08s  
  ✓ Component Accessibility Tests → Button Component → it icon-only buttons have aria-label                            0.11s  
  ✓ WCAG 2.2 AA Accessibility Compliance → Robust - Compatible Markup → it form elements have proper ARIA labels       0.07s  
  ✓ WCAG 2.2 AA Accessibility Compliance → PWA Accessibility → it offline page is accessible                           0.05s  
  ✓ WCAG 2.2 AA Accessibility Compliance → PWA Accessibility → it service worker does not break accessibility          0.06s  
  ✓ Component Accessibility Tests → Button Component → it buttons have accessible names                                0.12s  
  ✓ Component Accessibility Tests → Form Components → it required fields are marked                                    0.07s  
  ✓ Component Accessibility Tests → Form Components → it error states are announced                                    0.05s  
  ✓ Component Accessibility Tests → Modal/Dialog Components → it dialogs have proper ARIA attributes                   0.12s  
  ✓ Component Accessibility Tests → Table Components → it tables have proper headers                                   0.07s  

   PASS  Tests\Feature\Admin\ApmDashboardTest
  ✓ it notification includes slack channel when configured                                                             0.06s  
  ✓ it requires authentication to access APM dashboard                                                                 0.09s  
  ✓ it denies access to non-admin users                                                                                0.05s  
  ✓ it allows admin users to access APM dashboard                                                                      0.11s  
  ✓ it displays APM Dashboard heading                                                                                  0.06s  
  ✓ it renders the ApmDashboard livewire component                                                                     0.05s  
  ✓ it displays health score section                                                                                   0.05s  
  ✓ it displays key metric cards                                                                                       0.10s  
  ✓ it displays system and database metrics sections                                                                   0.05s  
  ✓ it displays alert statistics section                                                                               0.05s  
  ✓ it displays configured thresholds table                                                                            0.05s  
  ✓ it can change time range                                                                                           0.11s  
  ✓ it rejects invalid time range                                                                                      0.06s  
  ✓ it can refresh metrics                                                                                             0.06s  
  ✓ it can run alert check                                                                                             0.65s  
  ✓ it loads thresholds from config                                                                                    0.05s  
  ✓ it sends notification to admin users on warning alert                                                              0.04s  
  ✓ it sends notification to admin users on critical alert                                                             0.05s  
  ✓ it does not send notification for info severity alerts                                                             0.04s  
  ✓ it notification includes correct data in database channel                                                          0.04s  
  ✓ it notification includes mail channel when configured                                                              0.04s  
  ✓ it shows APM link in admin navigation                                                                              0.12s  

   PASS  Tests\Feature\AdvisoryPanelColorContrastTest
  ✓ Advisory Panel Color Contrast - Light Mode → risks section has sufficient contrast in light mode                   0.06s  
  ✓ Advisory Panel Color Contrast - Light Mode → medium priority recommendation has sufficient contrast in light mode  0.05s  
  ✓ Advisory Panel Color Contrast - Light Mode → expected outcomes section has sufficient contrast in light mode       0.05s  
  ✓ Advisory Panel Color Contrast - Dark Mode → high priority recommendation has sufficient contrast in dark mode      0.05s  
  ✓ Advisory Panel Color Contrast - Light Mode → low priority recommendation has sufficient contrast in light mode     0.05s  
  ✓ Advisory Panel Color Contrast - Light Mode → high priority recommendation has sufficient contrast in light mode    0.05s  
  ✓ Advisory Panel Color Contrast - Light Mode → critical alert section has sufficient contrast in light mode          0.05s  
  ✓ Advisory Panel Color Contrast - Light Mode → primary button has sufficient contrast in light mode                  0.05s  
  ✓ Advisory Panel Color Contrast - Light Mode → critical alert badge has sufficient contrast in light mode            0.05s  
  ✓ Advisory Panel Color Contrast - Dark Mode → critical alert badge has sufficient contrast in dark mode              0.06s  
  ✓ Advisory Panel Color Contrast - Dark Mode → risks section has sufficient contrast in dark mode                     0.05s  
  ✓ Advisory Panel Color Contrast - Light Mode → interactive elements have sufficient hover contrast in light mode     0.05s  
  ✓ Advisory Panel Color Contrast - Light Mode → focus indicators have sufficient contrast in light mode               0.05s  
  ✓ Advisory Panel Color Contrast - Dark Mode → interactive elements have sufficient hover contrast in dark mode       0.05s  
  ✓ Advisory Panel Color Contrast - Accessibility Compliance → all text elements meet WCAG 2.2 AA minimum contrast ra… 0.05s  
  ✓ Advisory Panel Color Contrast - Accessibility Compliance → color is not the only means of conveying information    0.08s  
  ✓ Advisory Panel Color Contrast - Dark Mode → critical alert section has sufficient contrast in dark mode            0.09s  
  ✓ Advisory Panel Color Contrast - Dark Mode → medium priority recommendation has sufficient contrast in dark mode    0.05s  
  ✓ Advisory Panel Color Contrast - Dark Mode → expected outcomes section has sufficient contrast in dark mode         0.05s  
  ✓ Advisory Panel Color Contrast - Light Mode → panel header has sufficient contrast in light mode                    0.05s  
  ✓ Advisory Panel Color Contrast - Accessibility Compliance → all status indicators meet WCAG 2.2 AA contrast requir… 0.18s  
  ✓ Advisory Panel Color Contrast - Light Mode → footer has sufficient contrast in light mode                          0.05s  
  ✓ Advisory Panel Color Contrast - Light Mode → empty state has sufficient contrast in light mode                     0.05s  
  ✓ Advisory Panel Color Contrast - Dark Mode → primary button has sufficient contrast in dark mode                    0.05s  
  ✓ Advisory Panel Color Contrast - Dark Mode → low priority recommendation has sufficient contrast in dark mode       0.05s  
  ✓ Advisory Panel Color Contrast - Dark Mode → panel header has sufficient contrast in dark mode                      0.05s  
  ✓ Advisory Panel Color Contrast - Dark Mode → footer has sufficient contrast in dark mode                            0.05s  
  ✓ Advisory Panel Color Contrast - Dark Mode → empty state has sufficient contrast in dark mode                       0.07s  
  ✓ Advisory Panel Color Contrast - Dark Mode → focus indicators have sufficient contrast in dark mode                 0.07s  
  ✓ Advisory Panel Color Contrast - Dark Mode → panel background has sufficient contrast in dark mode                  0.08s  
  ✓ Advisory Panel Color Contrast - Accessibility Compliance → all interactive elements meet WCAG 2.2 AA contrast req… 0.07s  
  ✓ Advisory Panel Color Contrast - Accessibility Compliance → all color combinations are tested in both light and da… 0.07s  

   PASS  Tests\Feature\AIDashboardViewTest
  ✓ ai dashboard page loads                                                                                            0.14s  
  ✓ ai dashboard has semantic structure                                                                                0.24s  

   PASS  Tests\Feature\AI\ConversationManagementTest
  ✓ ConversationManagementService → can create a new conversation                                                      0.06s  
  ✓ ConversationManagementService → can add a message to conversation                                                  0.05s  
  ✓ ConversationManagementService → can add message with agent attribution                                             0.05s  
  ✓ ConversationManagementService → can create conversation branch                                                     0.06s  
  ✓ ConversationManagementService → can add message to branch                                                          0.06s  
  ✓ ConversationManagementService → can get conversation history                                                       0.07s  
  ✓ ConversationManagementService → can get conversation analytics                                                     0.07s  
  ✓ ConversationManagementService → can export workflow                                                                0.11s  
  ✓ ConversationManagementService → can add agent feedback                                                             0.08s  
  ✓ ConversationAnalyticsService → can get agent effectiveness metrics                                                 0.09s  
  ✓ ConversationAnalyticsService → can get user satisfaction metrics                                                   0.07s  
  ✓ ConversationAnalyticsService → can get conversation completion metrics                                             0.18s  
  ✓ ConversationAnalyticsService → can get tool usage analytics                                                        0.07s  
  ✓ ConversationAnalyticsService → can get branching analytics                                                         0.08s  
  ✓ ConversationAnalyticsService → can get cost analytics                                                              0.08s  
  ✓ ConversationAnalyticsService → can get dashboard metrics                                                           0.74s  
  ✓ WorkflowExportService → can export workflow as JSON                                                                0.05s  
  ✓ WorkflowExportService → can export workflow as Markdown                                                            0.05s  
  ✓ WorkflowExportService → can save workflow to file                                                                  0.05s  
  ✓ AgentFeedbackService → can record feedback for agent message                                                       0.06s  
  ✓ AgentFeedbackService → can get agent performance summary                                                           0.05s  
  ✓ AgentFeedbackService → can get improvement recommendations                                                         0.05s  
  ✓ AgentFeedbackService → can get feedback trends                                                                     0.05s  
  ✓ AgentFeedbackService → can compare multiple agents                                                                 0.11s  

   PASS  Tests\Feature\AccessibilitySettingsPanelTest
  ✓ Accessibility Settings Panel Rendering → it renders accessibility settings panel component                         0.09s  
  ✓ Accessibility Settings Panel Rendering → it includes proper ARIA attributes for dialog                             0.06s  
  ✓ Accessibility Settings Panel Rendering → it has accessible title                                                   0.07s  
  ✓ Accessibility Controls → it includes text size control                                                             0.07s  
  ✓ Accessibility Controls → it includes high contrast toggle                                                          0.07s  
  ✓ Accessibility Controls → it includes reduced motion toggle                                                         0.07s  
  ✓ Accessibility Controls → it includes keyboard navigation toggle                                                    0.07s  
  ✓ Keyboard Shortcuts Documentation → it displays keyboard shortcuts information                                      0.07s  
  ✓ Panel Actions → it has close button with accessible label                                                          0.06s  
  ✓ Panel Actions → it has reset to defaults button                                                                    0.07s  
  ✓ Panel Actions → it has done button                                                                                 0.07s  
  ✓ WCAG Compliance → it uses aria-describedby for form controls                                                       0.06s  
  ✓ WCAG Compliance → it uses aria-live for dynamic content                                                            0.16s  
  ✓ WCAG Compliance → it has proper heading structure                                                                  0.07s  
  ✓ Settings Status Display → it displays current settings status                                                      0.06s  
  ✓ Alpine.js Integration → it uses Alpine.js persist for settings                                                     0.07s  
  ✓ Alpine.js Integration → it has escape key handler for closing                                                      0.07s  

   PASS  Tests\Feature\AdvisoryPanelKeyboardNavigationTest
  ✓ Interactive Elements Keyboard Accessibility → toggle button has proper keyboard attributes                         0.06s  
  ✓ Interactive Elements Keyboard Accessibility → close button has proper keyboard attributes                          0.05s  
  ✓ Interactive Elements Keyboard Accessibility → all interactive elements have focus indicators                       0.05s  
  ✓ Interactive Elements Keyboard Accessibility → keyboard shortcut hints are visible                                  0.05s  
  ✓ Focus Management → panel has complementary role for accessibility                                                  0.06s  
  ✓ Focus Management → Alpine component initializes with focus management                                              0.07s  
  ✓ Focus Management → click outside closes panel                                                                      0.08s  
  ✓ Interactive Elements Keyboard Accessibility → section headers are keyboard accessible                              0.06s  
  ✓ Interactive Elements Keyboard Accessibility → dismiss buttons are keyboard accessible                              0.13s  
  ✓ Interactive Elements Keyboard Accessibility → expandable items have proper keyboard attributes                     0.06s  
  ✓ Focus Management → sections have unique IDs for aria-controls                                                      0.05s  
  ✓ Focus Management → expandable items maintain focus state                                                           0.08s  
  ✓ Screen Reader Announcements → screen reader announcer element exists                                               0.08s  
  ✓ Screen Reader Announcements → empty state has descriptive text                                                     0.05s  
  ✓ Screen Reader Announcements → icons have aria-hidden attribute                                                     0.05s  
  ✓ Screen Reader Announcements → turn number and storage mode are announced                                           0.06s  
  ✓ WCAG 2.2 AA Compliance → keyboard navigation is documented                                                         0.05s  
  ✓ WCAG 2.2 AA Compliance → status messages use appropriate ARIA roles                                                0.05s  
  ✓ Screen Reader Announcements → alerts have proper role and aria-live                                                0.14s  
  ✓ Screen Reader Announcements → section headings have proper IDs for aria-labelledby                                 0.10s  
  ✓ Screen Reader Announcements → confidence scores are announced                                                      0.07s  
  ✓ WCAG 2.2 AA Compliance → expandable regions are properly marked                                                    0.07s  
  ✓ Focus Management → panel has proper dialog role and attributes                                                     0.14s  
  ✓ WCAG 2.2 AA Compliance → all buttons have accessible names                                                         0.06s  
  ✓ WCAG 2.2 AA Compliance → focus order is logical                                                                    0.06s  
  ✓ Screen Reader Announcements → priority badges have descriptive text                                                0.06s  
  ✓ WCAG 2.2 AA Compliance → panel works in both storage modes                                                         0.11s  
  ✓ Focus Management → focus returns to toggle button when panel closes                                                0.06s  

   PASS  Tests\Feature\ApiEndpointCoverageTest
  ✓ API Endpoint Coverage → it has all training prediction routes accessible                                           0.07s  
  ✓ API Endpoint Coverage → it has all AI dashboard routes accessible                                                  0.15s  
  ✓ API Endpoint Coverage → it has all authentication routes accessible                                                0.05s  
  ✓ API Endpoint Coverage → it has all character routes accessible                                                     0.12s  
  ✓ API Endpoint Coverage → it has all connectivity routes accessible                                                  1.83s  
  ✓ API Endpoint Coverage → it has all profile routes accessible                                                       0.05s  
  ✓ API Endpoint Coverage → it has all cache monitoring routes accessible                                              0.05s  
  ✓ API Endpoint Coverage → it has all monitoring dashboard routes accessible                                          0.80s  
  ✓ API Endpoint Coverage → it has all cache invalidation routes accessible                                            0.10s  
  ✓ API Endpoint Coverage → it has all skill management routes accessible                                              0.05s  
  ✓ API Endpoint Coverage → it has all MCP dashboard routes accessible                                                 0.08s  
  ✓ API Endpoint Coverage → it has all AI chat routes accessible                                                       0.06s  
  ✓ API Endpoint Coverage → it has all MCP monitoring routes accessible                                                0.10s  
  ✓ API Endpoint Coverage → it has all OCR routes accessible                                                           0.23s  
  ✓ API Endpoint Coverage → it has all data import routes accessible                                                   0.07s  
  ✓ API Endpoint Coverage → it has all data export routes accessible                                                   0.07s  
  ✓ API Endpoint Coverage → it has all migration routes accessible                                                     0.14s  
  ✓ API Endpoint Coverage → it has all fallback and recovery routes accessible                                         1.84s  
  ✓ API Endpoint Coverage → it has all backup routes accessible                                                        0.05s  
  ✓ API Endpoint Coverage → it has all data management routes accessible                                               0.11s  
  ✓ API Endpoint Coverage → it has all Neuron AI routes accessible                                                     0.08s  
  ✓ API Endpoint Coverage → it has all V1 API routes accessible                                                        0.07s  
  ✓ API Endpoint Coverage → it has all cache management routes accessible                                              0.86s  
  ✓ API Endpoint Coverage → it has all performance monitoring routes accessible                                        0.09s  
  ✓ API Endpoint Coverage → it has all connectivity public routes accessible                                           0.80s  
  ✓ API Endpoint Coverage → it has all training advisor routes accessible                                              0.13s  
  ✓ API Endpoint Coverage → it has all race strategy routes accessible                                                 0.06s  
  ✓ API Endpoint Coverage → it has all skill recommendation routes accessible                                          0.05s  
  ✓ API Endpoint Coverage → it counts all registered API routes                                                        0.04s  
  ✓ API Endpoint Coverage → it ensures all routes have proper middleware                                               0.10s  
  ✓ API Endpoint Coverage → it ensures protected routes require authentication                                         0.05s  
  ✓ API Endpoint Coverage → it has all career comparison routes accessible                                             0.06s  

   PASS  Tests\Feature\Api\AdvisoryOutcomeApiTest
  ✓ Training Outcome Recording → requires authentication                                                               0.07s  
  ✓ Training Outcome Recording → validates required fields for training outcome                                        0.11s  
  ✓ Training Outcome Recording → validates career_run_id is a positive integer                                         0.05s  
  ✓ Training Outcome Recording → validates turn_number is within valid range                                           0.08s  
  ✓ Training Outcome Recording → validates recommendation type is valid                                                0.07s  
  ✓ Training Outcome Recording → validates recommendation priority is valid                                            0.10s  
  ✓ Training Outcome Recording → validates actual_outcome facility is valid                                            0.05s  
  ✓ Training Outcome Recording → validates stat_gains are within valid range                                           0.06s  
  ✓ Training Outcome Recording → can record training outcome with failure                                              0.06s  
  ✓ Training Outcome Recording → can record training outcome with injury                                               0.07s  
  ✓ Race Outcome Recording → validates required fields for race outcome                                                0.14s  
  ✓ Race Outcome Recording → validates running style is valid                                                          0.05s  
  ✓ Race Outcome Recording → validates win_probability is between 0 and 1                                              0.05s  
  ✓ Race Outcome Recording → can record race outcome with loss                                                         0.05s  
  ✓ Race Outcome Recording → can record race outcome with placed but not win                                           0.10s  
  ✓ Race Outcome Recording → requires authentication                                                                   0.04s  
  ✓ Training Outcome Recording → can record training outcome with valid data                                           0.05s  
  ✓ Training Outcome Recording → validates confidence_score is between 0 and 1                                         0.05s  
  ✓ Race Outcome Recording → can record race outcome with valid data                                                   0.08s  
  ✓ Race Outcome Recording → validates placement is within valid range                                                 0.14s  
  ✓ Race Outcome Recording → respects rate limiting                                                                    0.11s  
  ✓ Training Outcome Recording → respects rate limiting                                                                0.10s  

   PASS  Tests\Feature\Api\Advisory\CriticalDetectionTest
  ✓ POST /api/advisory/critical/detect → it validates context is required                                              0.07s  
  ✓ POST /api/advisory/critical/detect → it returns critical alerts for valid request                                  0.10s  
  ✓ POST /api/advisory/critical/detect → it returns alerts with expected structure                                     0.05s  
  ✓ POST /api/advisory/critical/detect → it returns alerts with minimal required fields                                0.05s  
  ✓ POST /api/advisory/critical/detect → it validates career_run_id is required                                        0.05s  
  ✓ POST /api/advisory/critical/detect → it validates turn_number is required                                          0.10s  
  ✓ POST /api/advisory/critical/detect → it validates turn_number is within valid range                                0.06s  
  ✓ POST /api/advisory/critical/detect → it validates context.stats is required                                        0.05s  
  ✓ POST /api/advisory/critical/detect → it validates all stats are required                                           0.07s  
  ✓ POST /api/advisory/critical/detect → it validates stats are within valid range                                     0.05s  
  ✓ POST /api/advisory/critical/detect → it validates context.energy is required                                       0.10s  
  ✓ POST /api/advisory/critical/detect → it validates energy is within valid range                                     0.05s  
  ✓ POST /api/advisory/critical/detect → it validates upcoming_races have required fields                              0.05s  
  ✓ POST /api/advisory/critical/detect → it validates upcoming_race distance must be valid                             0.05s  
  ✓ POST /api/advisory/critical/detect → it validates support_bonds cannot have more than 6 entries                    0.05s  
  ✓ POST /api/advisory/critical/detect → it validates support_bonds values are within valid range                      0.10s  
  ✓ POST /api/advisory/critical/detect → it requires authentication                                                    0.05s  
  ✓ POST /api/advisory/critical/detect → it accepts local storage mode with UUID career_run_id                         0.05s  
  ✓ POST /api/advisory/critical/detect → it returns response within acceptable time bounds                             0.05s  
  ✓ POST /api/advisory/critical/detect → it detects stamina crisis for low stamina with upcoming race                  0.05s  
  ✓ POST /api/advisory/critical/detect → it detects energy critical for low energy                                     0.09s  
  ✓ POST /api/advisory/critical/detect → it handles all valid race distances                                           0.06s  
  ✓ POST /api/advisory/critical/detect → it handles optional context fields                                            0.05s  
  ✓ POST /api/advisory/critical/detect → it validates optional mood must be valid                                      0.05s  
  ✓ POST /api/advisory/critical/detect → it validates optional phase must be valid                                     0.05s  
  ✓ POST /api/advisory/critical/detect → it validates facility levels are within valid range                           0.10s  
  ✓ POST /api/advisory/critical/detect → it validates skill hints have required fields                                 0.05s  
  ✓ POST /api/advisory/critical/detect → it returns empty alerts array when no critical situations detected            0.05s  

   PASS  Tests\Feature\Api\Advisory\RaceStrategyTest
  ✓ POST /api/advisory/race/strategy → it requires authentication                                                      0.06s  
  ✓ POST /api/advisory/race/strategy → it returns race strategy for valid request                                      0.10s  
  ✓ POST /api/advisory/race/strategy → it validates race_details surface must be valid                                 0.05s  
  ✓ POST /api/advisory/race/strategy → it validates race_details track_condition must be valid                         0.05s  
  ✓ POST /api/advisory/race/strategy → it validates race_details competition_level must be valid                       0.05s  
  ✓ POST /api/advisory/race/strategy → it uses default aptitudes when not provided                                     0.05s  
  ✓ POST /api/advisory/race/strategy → it accepts UUID character_id                                                    0.09s  
  ✓ POST /api/advisory/race/strategy → it returns response within acceptable time bounds                               0.05s  
  ✓ POST /api/advisory/race/strategy → it recommends escape style when escape aptitude is highest                      0.05s  
  ✓ POST /api/advisory/race/strategy → it identifies stamina risk when stamina is insufficient                         0.04s  
  ✓ POST /api/advisory/race/strategy → it identifies surface aptitude risk when aptitude is low                        0.05s  
  ✓ POST /api/advisory/race/strategy → it generates preparation checklist with stamina check                           0.09s  
  ✓ POST /api/advisory/race/strategy → it returns readiness assessment with overall status                             0.05s  
  ✓ POST /api/advisory/race/strategy → it returns win probability between 0 and 1                                      0.05s  
  ✓ POST /api/advisory/race/strategy → it returns ai_provider in response                                              0.05s  
  ✓ POST /api/advisory/race/strategy → it returns strategy with minimal required fields                                0.05s  
  ✓ POST /api/advisory/race/strategy → it validates character_id is required                                           0.10s  
  ✓ POST /api/advisory/race/strategy → it validates race_id is required                                                0.05s  
  ✓ POST /api/advisory/race/strategy → it validates all stats are required                                             0.05s  
  ✓ POST /api/advisory/race/strategy → it validates stats are within valid range                                       0.05s  
  ✓ POST /api/advisory/race/strategy → it validates aptitude grades must be valid                                      0.05s  
  ✓ POST /api/advisory/race/strategy → it validates race_details distance must be valid                                0.10s  
  ✓ POST /api/advisory/race/strategy → it validates skills must be an array of integers                                0.07s  
  ✓ POST /api/advisory/race/strategy → it recommends chase style when chase aptitude is highest                        0.05s  
  ✓ POST /api/advisory/race/strategy → it returns higher win probability for better stats                              0.05s  
  ✓ POST /api/advisory/race/strategy → it applies track condition penalty for heavy track                              0.05s  
  ✓ POST /api/advisory/race/strategy → it handles all valid distance categories                                        0.11s  
  ✓ POST /api/advisory/race/strategy → it handles all valid competition levels                                         0.06s  
  ✓ POST /api/advisory/race/strategy → it handles all valid aptitude grades                                            0.08s  

   PASS  Tests\Feature\Api\Advisory\SkillAdviceTest
  ✓ POST /api/advisory/skills/advice → it returns skill purchase advice for valid request                              0.12s  
  ✓ POST /api/advisory/skills/advice → it returns recommendations with minimal required fields                         0.06s  
  ✓ POST /api/advisory/skills/advice → it validates character_id is required                                           0.05s  
  ✓ POST /api/advisory/skills/advice → it validates storage_mode must be local or account                              0.05s  
  ✓ POST /api/advisory/skills/advice → it validates sp_available is required                                           0.05s  
  ✓ POST /api/advisory/skills/advice → it validates sp_available is within valid range                                 0.10s  
  ✓ POST /api/advisory/skills/advice → it validates available_skills is required                                       0.04s  
  ✓ POST /api/advisory/skills/advice → it validates available_skills must have at least one skill                      0.04s  
  ✓ POST /api/advisory/skills/advice → it validates available_skills have required fields                              0.05s  
  ✓ POST /api/advisory/skills/advice → it validates skill tier must be valid                                           0.05s  
  ✓ POST /api/advisory/skills/advice → it validates hint_level is within valid range                                   0.10s  
  ✓ POST /api/advisory/skills/advice → it validates base_cost is within valid range                                    0.05s  
  ✓ POST /api/advisory/skills/advice → it validates skill category must be valid when provided                         0.20s  
  ✓ POST /api/advisory/skills/advice → it validates target_distance must be valid when provided                        0.08s  
  ✓ POST /api/advisory/skills/advice → it validates running_style must be valid when provided                          0.06s  
  ✓ POST /api/advisory/skills/advice → it handles all valid skill categories                                           0.14s  
  ✓ POST /api/advisory/skills/advice → it requires authentication                                                      0.10s  
  ✓ POST /api/advisory/skills/advice → it accepts local storage mode with UUID character_id                            0.10s  
  ✓ POST /api/advisory/skills/advice → it returns response within acceptable time bounds                               0.08s  
  ✓ POST /api/advisory/skills/advice → it returns recommendations with expected structure                              0.07s  
  ✓ POST /api/advisory/skills/advice → it handles all valid skill tiers                                                0.17s  
  ✓ POST /api/advisory/skills/advice → it handles all valid target distances                                           0.10s  
  ✓ POST /api/advisory/skills/advice → it handles all valid running styles                                             0.07s  
  ✓ POST /api/advisory/skills/advice → it handles multiple available skills                                            0.07s  
  ✓ POST /api/advisory/skills/advice → it returns SP budget analysis with correct structure                            0.13s  
  ✓ POST /api/advisory/skills/advice → it handles acquired_skills array correctly                                      0.05s  
  ✓ POST /api/advisory/skills/advice → it validates acquired_skills contains valid integers                            0.05s  

   PASS  Tests\Feature\Api\Advisory\TrainingRecommendationsTest
  ✓ POST /api/advisory/training/recommendations → it requires authentication                                           0.06s  
  ✓ POST /api/advisory/training/recommendations → it returns recommendations with minimal required fields              0.10s  
  ✓ POST /api/advisory/training/recommendations → it validates storage_mode must be local or account                   0.06s  
  ✓ POST /api/advisory/training/recommendations → it validates all stats are required                                  0.06s  
  ✓ POST /api/advisory/training/recommendations → it validates mood must be a valid mood value                         0.05s  
  ✓ POST /api/advisory/training/recommendations → it accepts local storage mode with UUID career_run_id                0.05s  
  ✓ POST /api/advisory/training/recommendations → it returns recommendations with expected structure                   0.10s  
  ✓ POST /api/advisory/training/recommendations → it validates career_run_id is required                               0.05s  
  ✓ POST /api/advisory/training/recommendations → it validates phase must be a valid career phase                      0.05s  
  ✓ POST /api/advisory/training/recommendations → it detects critical alerts for low energy                            0.05s  
  ✓ POST /api/advisory/training/recommendations → it validates skill hints have required fields                        0.05s  
  ✓ POST /api/advisory/training/recommendations → it validates skill hint levels are within valid range                0.10s  
  ✓ POST /api/advisory/training/recommendations → it returns training recommendations for valid request                0.05s  
  ✓ POST /api/advisory/training/recommendations → it validates stats are within valid range                            0.05s  
  ✓ POST /api/advisory/training/recommendations → it validates support deck cards have required fields                 0.05s  
  ✓ POST /api/advisory/training/recommendations → it validates upcoming races have required fields                     0.05s  
  ✓ POST /api/advisory/training/recommendations → it validates upcoming race distance must be valid                    0.10s  
  ✓ POST /api/advisory/training/recommendations → it returns response within acceptable time bounds                    0.05s  
  ✓ POST /api/advisory/training/recommendations → it validates turn_number is within valid range                       0.05s  
  ✓ POST /api/advisory/training/recommendations → it validates energy is within valid range                            0.05s  
  ✓ POST /api/advisory/training/recommendations → it validates facility levels are within valid range                  0.05s  
  ✓ POST /api/advisory/training/recommendations → it validates support deck cannot have more than 6 cards              0.10s  
  ✓ POST /api/advisory/training/recommendations → it handles all valid career phases                                   0.06s  
  ✓ POST /api/advisory/training/recommendations → it handles all valid mood values                                     0.06s  

   PASS  Tests\Feature\Api\CareerApiTest
  ✓ Career API Endpoints → GET /api/v1/careers/{id} → it returns 404 for non-existent career                           0.12s  
  ✓ Career API Endpoints → POST /api/v1/careers → it validates required fields                                         0.05s  
  ✓ Career API Endpoints → GET /api/v1/careers → it returns 401 for unauthenticated request                            0.05s  
  ✓ Career API Endpoints → POST /api/v1/careers → it validates scenario type                                           0.05s  
  ✓ Career API Endpoints → POST /api/v1/careers → it creates a new career                                              0.10s  
  ✓ Career API Endpoints → PUT /api/v1/careers/{id} → it updates career status                                         0.05s  
  ✓ Career API Endpoints → DELETE /api/v1/careers/{id} → it deletes a career                                           0.05s  
  ✓ Career API Endpoints → GET /api/v1/careers/{id} → it returns career details                                        0.05s  
  ✓ Career API Endpoints → GET /api/v1/careers/{id} → it returns 403 for career belonging to another user              0.05s  
  ✓ Career API Endpoints → GET /api/v1/careers → it returns list of careers for authenticated user                     0.11s  
  ✓ Career API Endpoints → GET /api/v1/careers → it filters by status                                                  0.06s  
  ✓ Career API Endpoints → GET /api/v1/careers/{id}/races → it returns races for career                                0.06s  
  ✓ Career API Endpoints → GET /api/v1/careers/{id}/training-sessions → it returns training sessions for career        0.12s  
  ✓ Career API Endpoints → GET /api/v1/careers → it paginates results                                                  0.09s  
  ✓ Career API Endpoints → GET /api/v1/careers/{id}/statistics → it returns career statistics                          0.09s  

   PASS  Tests\Feature\AlertBannerComponentTest
  ✓ AlertBanner Component → it renders with default type (info)                                                        0.05s  
  ✓ AlertBanner Component → it renders success type                                                                    0.10s  
  ✓ AlertBanner Component → it renders error type                                                                      0.04s  
  ✓ AlertBanner Component → it renders warning type                                                                    0.04s  
  ✓ AlertBanner Component → it renders with title                                                                      0.04s  
  ✓ AlertBanner Component → it renders dismiss button when dismissible                                                 0.04s  
  ✓ AlertBanner Component → it hides dismiss button when not dismissible                                               0.10s  
  ✓ AlertBanner Component → it includes Alpine.js show/hide transitions                                                0.06s  
  ✓ AlertBanner Component → it renders appropriate icon for each type                                                  0.06s  
  ✓ AlertBanner Component → it merges additional attributes                                                            0.05s  

   PASS  Tests\Feature\ApiPerformanceTest
  ✓ API Performance Monitoring Service → it records request start and end correctly                                    0.12s  
  ✓ API Performance Monitoring Service → it returns overview metrics with correct structure                            0.05s  
  ✓ API Performance Monitoring Service → it identifies bottlenecks correctly                                           0.04s  
  ✓ API Performance Monitoring Service → it returns performance trends with hourly and daily data                      0.04s  
  ✓ API Performance Monitoring Service → it returns resource utilization metrics                                       0.04s  
  ✓ API Performance Monitoring Service → it clears metrics successfully                                                0.10s  
  ✓ API Response Caching Service → it generates consistent cache keys for same requests                                0.05s  
  ✓ API Response Caching Service → it generates different cache keys for different requests                            0.05s  
  ✓ API Response Caching Service → it stores and retrieves cached responses                                            0.08s  
  ✓ API Response Caching Service → it invalidates cache by tags                                                        0.06s  
  ✓ API Response Caching Service → it returns cache statistics                                                         0.10s  
  ✓ API Response Caching Service → it warms cache for specified endpoints                                              0.05s  
  ✓ API Performance Controller Endpoints → it returns API performance dashboard                                        0.06s  
  ✓ API Performance Controller Endpoints → it returns API performance overview                                         0.05s  
  ✓ API Performance Controller Endpoints → it returns endpoint metrics                                                 0.12s  
  ✓ API Performance Controller Endpoints → it returns bottleneck analysis                                              0.06s  
  ✓ API Performance Controller Endpoints → it returns slow requests                                                    0.05s  
  ✓ API Performance Controller Endpoints → it returns performance trends                                               0.10s  
  ✓ API Performance Controller Endpoints → it returns batching recommendations                                         0.05s  
  ✓ API Performance Controller Endpoints → it returns resource utilization                                             0.05s  
  ✓ API Performance Controller Endpoints → it clears API metrics                                                       0.05s  
  ✓ API Performance Controller Endpoints → it returns API configuration                                                0.14s  
  ✓ API Cache Controller Endpoints → it returns API cache statistics                                                   0.08s  
  ✓ API Cache Controller Endpoints → it invalidates API cache by tags                                                  0.07s  
  ✓ API Cache Controller Endpoints → it invalidates API cache by data type                                             0.06s  
  ✓ API Cache Controller Endpoints → it warms API cache                                                                0.14s  
  ✓ API Cache Controller Endpoints → it requires tags or data_type for invalidation                                    0.05s  
  ✓ Rate Limiting Status Endpoint → it returns rate limiting status for authenticated user                             0.06s  
  ✓ API Performance Configuration → it has correct default compression settings                                        0.04s  
  ✓ API Performance Configuration → it has correct default rate limiting tiers                                         0.10s  
  ✓ API Performance Configuration → it has correct default cache settings                                              0.04s  
  ✓ API Performance Configuration → it has correct monitoring thresholds                                               0.04s  

   PASS  Tests\Feature\Api\ConnectivityControllerTest
  ✓ it returns connectivity status via API                                                                             1.03s  
  ✓ it forces connectivity check via API                                                                               0.86s  
  ✓ it returns offline mode information via API                                                                        0.92s  
  ✓ it returns connectivity recommendations via API                                                                    0.83s  
  ✓ it returns comprehensive connectivity report via API                                                               0.93s  
  ✓ it caches connectivity status between requests                                                                     0.92s  
  ✓ it bypasses cache when forcing check                                                                               2.82s  

   PASS  Tests\Feature\Api\ControllerStubReplacementTest
  ✓ SkillManagementController agentPerformance() → it returns zero metrics for character with no data                  0.06s  
  ✓ SkillManagementController agentPerformance() → it returns real metrics from acquisitions and MCP usage             1.08s  
  ✓ APIMonitoringController historical() → it validates period parameter                                               0.06s  
  ✓ APIMonitoringController historical() → it validates metric parameter                                               0.05s  
  ✓ SkillManagementController agentPerformance() → it includes build planning metrics from SkillBuild model            0.05s  
  ✓ APIMonitoringController historical() → it returns historical metrics with default parameters                       0.05s  
  ✓ APIMonitoringController historical() → it accepts valid period and metric parameters                               0.21s  
  ✓ DashboardController getRecentResults() → it includes training sessions in recent results                           0.91s  
  ✓ DashboardController getRecentResults() → it includes race results in recent results                                0.76s  
  ✓ DashboardController getRecentResults() → it includes skill acquisitions in recent results                          0.75s  

   PASS  Tests\Feature\Api\SkillApiTest
  ✓ Skill API Endpoints → Character Skill Acquisitions → POST /api/v1/characters/{id}/skills → it validates sufficien… 0.05s  
  ✓ Skill API Endpoints → Character Skill Acquisitions → DELETE /api/v1/characters/{id}/skills/{skillId} → it removes… 0.05s  
  ✓ Skill API Endpoints → Character Skill Acquisitions → POST /api/v1/characters/{id}/skills → it prevents duplicate…  0.06s  
  ✓ Skill API Endpoints → Character Skill Acquisitions → POST /api/v1/characters/{id}/skills → it acquires skill for…  0.13s  
  ✓ Skill API Endpoints → Character Skill Acquisitions → GET /api/v1/characters/{id}/skills → it returns character ac… 0.05s  
  ✓ Skill API Endpoints → Skill Analysis → GET /api/v1/skills/analysis/recommendations → it returns skill recommendat… 0.06s  
  ✓ Skill API Endpoints → GET /api/v1/skills → it returns list of skills                                               0.05s  
  ✓ Skill API Endpoints → GET /api/v1/skills → it filters by skill type                                                0.05s  
  ✓ Skill API Endpoints → GET /api/v1/skills → it searches by name                                                     0.05s  
  ✓ Skill API Endpoints → GET /api/v1/skills → it filters by SP cost range                                             0.05s  
  ✓ Skill API Endpoints → GET /api/v1/skills/{id} → it returns skill details                                           0.05s  
  ✓ Skill API Endpoints → GET /api/v1/skills/{id} → it returns 404 for non-existent skill                              0.05s  
  ✓ Skill API Endpoints → GET /api/v1/skills/{id}/hints → it returns skill hints                                       0.05s  
  ✓ Skill API Endpoints → Skill Analysis → GET /api/v1/skills/analysis/evolution → it returns skill evolution paths    0.05s  

   PASS  Tests\Feature\Api\SkillBuildApiTest
  ✓ Skill Build API → DELETE /api/skills/builds/{id} → it cannot delete another users build                            0.13s  
  ✓ Skill Build API → POST /api/skills/apply-build → it skips already acquired skills                                  0.14s  
  ✓ Skill Build API → DELETE /api/skills/builds/{id} → it cannot delete template builds                                0.11s  
  ✓ Skill Build API → POST /api/skills/save-build → it validates required fields                                       0.12s  
  ✓ Skill Build API → DELETE /api/skills/builds/{id} → it deletes own build                                            0.11s  
  ✓ Skill Build API → POST /api/skills/build-optimization → it validates skill_ids are required                        0.11s  
  ✓ Skill Build API → GET /api/skills/saved-builds → it does not return other users builds                             0.11s  
  ✓ Skill Build API → POST /api/skills/apply-build → it returns build preview without character_id                     0.11s  
  ✓ Skill Build API → GET /api/skills/build-templates → it returns database templates when they exist                  0.11s  
  ✓ Skill Build API → GET /api/skills/saved-builds → it returns saved builds for authenticated user                    0.12s  
  ✓ Skill Build API → POST /api/skills/save-build → it saves a new build                                               0.11s  
  ✓ Skill Build API → POST /api/skills/build-optimization → it returns optimization data for selected skills           0.10s  
  ✓ Skill Build API → GET /api/skills/build-templates → it returns auto-generated templates from skills                0.12s  
  ✓ Skill Build API → POST /api/skills/apply-build → it applies build to character                                     0.14s  
  ✓ Skill Build API → POST /api/skills/apply-build → it returns 404 for non-existent build                             0.11s  

   PASS  Tests\Feature\Api\SkillHintApiTest
  ✓ it returns consistent discount calculations via API with (2)                                                       0.15s  
  ✓ it returns consistent discount calculations via API with (3)                                                       0.05s  
  ✓ it returns consistent discount calculations via API with (1)                                                       0.05s  
  ✓ it returns consistent discount calculations via API with (0)                                                       0.05s  
  ✓ it calculates and returns correct SP savings via API with (120, 1)                                                 0.05s  
  ✓ it calculates and returns correct SP savings via API with (180, 2)                                                 0.05s  
  ✓ it calculates and returns correct SP savings via API with (180, 1)                                                 0.05s  
  ✓ it calculates and returns correct SP savings via API with (240, 2)                                                 0.05s  
  ✓ it calculates and returns correct SP savings via API with (120, 2)                                                 0.05s  
  ✓ Cost Breakdown and Statistics → it provides cost breakdown for a skill                                             0.05s  
  ✓ Skill Hint CRUD Operations → it filters hints by skill                                                             0.05s  
  ✓ Skill Hint CRUD Operations → it creates a new skill hint                                                           0.05s  
  ✓ Skill Hint CRUD Operations → it validates required fields when creating hint                                       0.05s  
  ✓ Skill Hint CRUD Operations → it shows a specific hint                                                              0.05s  
  ✓ Skill Hint CRUD Operations → it deletes a hint                                                                     0.05s  
  ✓ Cost Breakdown and Statistics → it provides comprehensive statistics                                               0.05s  
  ✓ Hint Prediction and Opportunities → it predicts hint opportunities for training                                    0.05s  
  ✓ Hint Prediction and Opportunities → it validates training type for predictions                                     0.06s  
  ✓ Collection Strategy → it provides hint collection strategy                                                         0.05s  
  ✓ Skill Hint CRUD Operations → it lists all hints for a character                                                    0.06s  
  ✓ Optimal Sequence Calculation → it calculates optimal hint collection sequence                                      0.05s  
  ✓ Optimal Sequence Calculation → it validates available turns                                                        0.05s  
  ✓ Efficiency Evaluation → it evaluates hint collection efficiency                                                    0.05s  
  ✓ Mark Hints as Used → it marks hints as used when skill is acquired                                                 0.05s  
  ✓ Mark Hints as Used → it requires confirmation to mark hints as used                                                0.05s  

   PASS  Tests\Feature\Api\SkillRecommendationTest
  ✓ it allows access to seeded characters for any authenticated user                                                   1.58s  
  ✓ it returns 404 for non-existent character                                                                          0.05s  
  ✓ it prevents access to other users characters                                                                       0.05s  
  ✓ it requires authentication for skill recommendations                                                               0.05s  
  ✓ it returns skill recommendations for authenticated user                                                            1.52s  

   PASS  Tests\Feature\Api\SupportCardApiTest
  ✓ Support Card API Endpoints → Character Support Card Deck → POST /api/v1/characters/{id}/deck → it validates posit… 0.06s  
  ✓ Support Card API Endpoints → Character Support Card Deck → DELETE /api/v1/characters/{id}/deck/{slot} → it remove… 0.05s  
  ✓ Support Card API Endpoints → Character Support Card Deck → POST /api/v1/characters/{id}/deck → it adds card to de… 0.05s  
  ✓ Support Card API Endpoints → Character Support Card Deck → GET /api/v1/characters/{id}/deck → it returns characte… 0.06s  
  ✓ Support Card API Endpoints → GET /api/v1/support-cards → it returns list of support card definitions               0.06s  
  ✓ Support Card API Endpoints → GET /api/v1/support-cards → it filters by card type                                   0.05s  
  ✓ Support Card API Endpoints → GET /api/v1/support-cards → it filters by rarity                                      0.06s  
  ✓ Support Card API Endpoints → GET /api/v1/support-cards → it filters by meta tier                                   0.05s  
  ✓ Support Card API Endpoints → GET /api/v1/support-cards → it searches by name                                       0.05s  
  ✓ Support Card API Endpoints → GET /api/v1/support-cards/{id} → it returns support card details                      0.05s  
  ✓ Support Card API Endpoints → GET /api/v1/support-cards/{id} → it returns 404 for non-existent card                 0.05s  
  ✓ Support Card API Endpoints → GET /api/v1/support-cards/meta-ranking → it returns cards ranked by meta tier         0.06s  
  ✓ Support Card API Endpoints → GET /api/v1/support-cards/{id}/synergies → it returns synergy data for card           0.05s  
  ✓ Support Card API Endpoints → GET /api/v1/support-cards/{id}/synergies → it returns 404 for non-existent card syne… 0.05s  
  ✓ Support Card API Endpoints → GET /api/v1/support-cards/{id}/synergies → it returns synergy cards sorted by score   0.13s  

   PASS  Tests\Feature\Api\V1\CareerControllerStubReplacementTest
  ✓ it prevents unauthorized access to career endpoints                                                                0.06s  
  ✓ it stores training session via TrainingService::executeTraining                                                    0.05s  
  ✓ it returns report with real average gains instead of hardcoded value                                               0.05s  
  ✓ it returns available races from real Race model queries                                                            0.06s  
  ✓ it returns zero average gains when no training sessions exist                                                      0.05s  
  ✓ it stores race with real data from request                                                                         0.05s  
  ✓ it returns training predictions from TrainingCalculationService                                                    0.06s  
  ✓ it stores bulk training sessions with real calculations                                                            0.06s  
  ✓ it returns recommendations with ai_recommendations key                                                             0.06s  
  ✓ it returns patterns using CareerAnalyticsService                                                                   0.06s  

   PASS  Tests\Feature\ApmApiEndpointsTest
  ✓ APM API Endpoints → APM Dashboard Endpoints → it returns dashboard data for authenticated user                     0.05s  
  ✓ APM API Endpoints → APM Dashboard Endpoints → it returns health score                                              0.11s  
  ✓ APM API Endpoints → APM Dashboard Endpoints → it returns overview metrics                                          0.05s  
  ✓ APM API Endpoints → APM Dashboard Endpoints → it returns performance trends                                        0.05s  
  ✓ APM API Endpoints → APM Dashboard Endpoints → it returns aggregated metrics for specific metric type               0.05s  
  ✓ APM API Endpoints → APM Dashboard Endpoints → it clears APM data                                                   0.05s  
  ✓ APM API Endpoints → APM Dashboard Endpoints → it requires authentication for dashboard                             0.05s  
  ✓ APM API Endpoints → Alert Endpoints → it checks alert conditions                                                   0.05s  
  ✓ APM API Endpoints → Alert Endpoints → it lists all alerts                                                          0.10s  
  ✓ APM API Endpoints → Alert Endpoints → it lists unacknowledged alerts                                               0.05s  
  ✓ APM API Endpoints → Alert Endpoints → it returns alert statistics                                                  0.05s  
  ✓ APM API Endpoints → Alert Endpoints → it acknowledges an alert                                                     0.05s  
  ✓ APM API Endpoints → Alert Endpoints → it clears all alerts                                                         0.10s  
  ✓ APM API Endpoints → Regression Endpoints → it checks for regressions                                               0.05s  
  ✓ APM API Endpoints → Regression Endpoints → it lists all regressions                                                0.05s  
  ✓ APM API Endpoints → Regression Endpoints → it lists active regressions                                             0.11s  
  ✓ APM API Endpoints → Regression Endpoints → it returns regression statistics                                        0.05s  
  ✓ APM API Endpoints → Regression Endpoints → it gets baseline for a metric                                           0.05s  
  ✓ APM API Endpoints → Regression Endpoints → it calculates baseline for a metric                                     0.05s  
  ✓ APM API Endpoints → Regression Endpoints → it updates regression status                                            0.10s  
  ✓ APM API Endpoints → Regression Endpoints → it validates regression status update                                   0.04s  
  ✓ APM API Endpoints → Regression Endpoints → it generates regression report                                          0.05s  
  ✓ APM API Endpoints → Regression Endpoints → it clears all regression data                                           0.05s  

   PASS  Tests\Feature\ApmServiceTest
  ✓ APM Service → Dashboard Data → it returns comprehensive dashboard data structure                                   0.11s  
  ✓ APM Service → Dashboard Data → it caches dashboard data for configured interval                                    0.05s  
  ✓ APM Service → Health Score Calculation → it calculates health score with all components                            0.06s  
  ✓ APM Service → Health Score Calculation → it returns excellent status for high scores                               0.05s  
  ✓ APM Service → Health Score Calculation → it includes component scores with status and values                       0.05s  
  ✓ APM Service → Overview Metrics → it returns overview metrics with required fields                                  0.13s  
  ✓ APM Service → Overview Metrics → it returns numeric values for all metrics                                         0.06s  
  ✓ APM Service → Database Metrics → it returns database metrics with required fields                                  0.04s  
  ✓ APM Service → Cache Metrics → it returns cache metrics with required fields                                        0.04s  
  ✓ APM Service → System Metrics → it returns system metrics with required fields                                      0.04s  
  ✓ APM Service → Metric Recording → it records metric data points                                                     0.10s  
  ✓ APM Service → Metric Recording → it returns empty aggregation for non-existent metrics                             0.04s  
  ✓ APM Service → Data Clearing → it clears all APM data                                                               0.04s  

   PASS  Tests\Feature\Auth\AuthenticationTest
  ✓ users can register                                                                                                 0.76s  
  ✓ authenticated users can access protected routes                                                                    1.05s  
  ✓ users can login                                                                                                    0.59s  
  ✓ users can logout                                                                                                   0.56s  
  ✓ users cannot login with invalid credentials                                                                        0.76s  

   PASS  Tests\Feature\CareerAnalyticsServiceTest
  ✓ Goal Completion Tracking → it returns empty result when character has no goals                                     0.37s  
  ✓ Career Performance Metrics → it returns empty result when character has no careers                                 0.05s  
  ✓ Training Effectiveness Analysis → it returns empty result when character has no training sessions                  0.04s  
  ✓ Career Performance Metrics → it calculates completion rate correctly                                               0.05s  
  ✓ Career Performance Metrics → it calculates metrics by scenario type                                                0.05s  
  ✓ Career Performance Metrics → it caches career performance metrics                                                  0.10s  
  ✓ Training Effectiveness Analysis → it calculates average gains per turn correctly                                   0.05s  
  ✓ Training Effectiveness Analysis → it identifies best training type                                                 0.06s  
  ✓ Training Effectiveness Analysis → it calculates training type effectiveness                                        0.06s  
  ✓ Training By Phase Analysis → it analyzes training by career phase                                                  0.05s  
  ✓ Training By Phase Analysis → it provides phase-specific recommendations                                            0.10s  
  ✓ Goal Completion Tracking → it calculates timeline analysis for goals                                               0.04s  
  ✓ Goal Completion Tracking → it identifies at-risk goals                                                             0.05s  
  ✓ Prediction Accuracy Measurement → it returns empty result when no prediction data exists                           0.04s  
  ✓ Cache Management → it clears all analytics cache for a character                                                   0.05s  
  ✓ Goal Completion Tracking → it tracks stat goal completion                                                          0.10s  
  ✓ Prediction Accuracy Measurement → it calculates stat prediction accuracy from training sessions                    0.05s  
  ✓ Prediction Accuracy Measurement → it calculates race prediction accuracy                                           0.05s  
  ✓ Prediction Accuracy Measurement → it tracks prediction improvement over time                                       0.06s  
  ✓ Prediction Accuracy Measurement → it calculates accuracy trend over time periods                                   0.06s  
  ✓ Comprehensive Analytics → it returns all analytics components                                                      0.11s  
  ✓ Comprehensive Analytics → it calculates overall analytics score                                                    0.06s  
  ✓ Comprehensive Analytics → it generates analytics-based recommendations                                             0.06s  

   PASS  Tests\Feature\Auth\LogoutRouteTest
  ✓ it header logout form uses correct web route                                                                       0.14s  
  ✓ it resolves web logout route correctly                                                                             0.04s  
  ✓ it resolves api logout route correctly                                                                             0.04s  
  ✓ it web logout logs out user and redirects to welcome                                                               0.05s  

   PASS  Tests\Feature\BedrockHealthCheckTest
  ✓ bedrock is enabled                                                                                                 0.04s  
  ✓ bedrock models are configured                                                                                      0.10s  
  ✓ bedrock credentials are configured                                                                                 0.04s  
  ✓ bedrock configuration service validates credentials                                                                0.04s  
  ✓ bedrock api connectivity                                                                                           0.04s  
  ✓ bedrock service can be instantiated                                                                                0.10s  

   PASS  Tests\Feature\BackupTest
  ✓ BackupService → it creates a full backup successfully                                                              0.06s  
  ✓ BackupService → it creates a compressed backup                                                                     0.07s  
  ✓ BackupService → it creates an encrypted backup                                                                     0.07s  
  ✓ BackupService → it lists backups for a user                                                                        0.07s  
  ✓ BackupService → it gets backup details                                                                             0.13s  
  ✓ BackupService → it deletes a backup                                                                                0.07s  
  ✓ BackupService → it prevents unauthorized backup access                                                             0.07s  
  ✓ Backup Scheduling → it creates a backup schedule                                                                   0.06s  
  ✓ Backup Scheduling → it lists backup schedules                                                                      0.11s  
  ✓ Backup Scheduling → it updates a backup schedule                                                                   0.04s  
  ✓ Backup Scheduling → it deletes a backup schedule                                                                   0.04s  
  ✓ Backup Restore → it restores from backup with dry run                                                              0.07s  
  ✓ Backup Restore → it prevents restore of non-existent backup                                                        0.04s  
  ✓ Backup Restore → it prevents unauthorized restore                                                                  0.12s  
  ✓ Backup Statistics → it returns backup statistics                                                                   0.06s  
  ✓ Backup API Endpoints → it creates backup via API                                                                   0.07s  
  ✓ Backup API Endpoints → it lists backups via API                                                                    0.13s  
  ✓ Backup API Endpoints → it gets backup details via API                                                              0.14s  
  ✓ Backup API Endpoints → it deletes backup via API                                                                   0.08s  
  ✓ Backup API Endpoints → it creates schedule via API                                                                 0.06s  
  ✓ Backup API Endpoints → it gets schedules via API                                                                   0.06s  
  ✓ Backup API Endpoints → it gets statistics via API                                                                  0.10s  
  ✓ Backup Validation → it validates backup create request                                                             0.05s  
  ✓ Backup Validation → it requires encryption key when encrypt is true                                                0.05s  
  ✓ Backup Validation → it validates schedule frequency                                                                0.05s  
  ✓ Backup Validation → it validates schedule time format                                                              0.10s  
  ✓ Backup Validation → it validates retention days range                                                              0.04s  
  ✓ Backup Cleanup → it cleans up old backups                                                                          0.06s  
  ✓ Backup Cleanup → it cleans up via API                                                                              0.07s  

   PASS  Tests\Feature\BenchmarkingServiceTest
  ✓ Community Benchmark Data → it returns insufficient data result when fewer than 10 careers exist                    0.14s  
  ✓ Community Benchmark Data → it calculates community benchmarks with sufficient data                                 0.29s  
  ✓ Community Benchmark Data → it calculates overall benchmarks with statistics                                        0.21s  
  ✓ Community Benchmark Data → it calculates benchmarks by scenario type                                               0.13s  
  ✓ Community Benchmark Data → it calculates percentile thresholds                                                     0.27s  
  ✓ Community Benchmark Data → it caches community benchmark results                                                   0.12s  
  ✓ User Performance Comparison → it returns no user data result when user has no careers                              0.05s  
  ✓ User Performance Comparison → it compares user performance against community benchmarks                            0.36s  
  ✓ User Performance Comparison → it calculates user metrics correctly                                                 0.22s  
  ✓ Percentile Rankings → it calculates user percentile rankings                                                       0.28s  
  ✓ Percentile Rankings → it determines ranking tier based on percentile                                               0.23s  
  ✓ Performance Summary → it generates performance summary with strengths and weaknesses                               0.31s  
  ✓ Performance Summary → it identifies improvement areas                                                              0.20s  
  ✓ Benchmark Trend Analysis → it returns insufficient data when not enough recent careers                             0.05s  
  ✓ Benchmark Trend Analysis → it analyzes benchmark trends with sufficient data                                       0.47s  
  ✓ Benchmark Trend Analysis → it identifies meta shifts in training preferences                                       0.21s  
  ✓ Cache Management → it clears benchmark cache                                                                       0.14s  
  ✓ Cache Management → it clears user-specific benchmark cache                                                         0.15s  

   PASS  Tests\Feature\ButtonComponentTest
  ✓ Button Component → it renders primary button with default size                                                     0.05s  
  ✓ Button Component → it renders secondary button                                                                     0.10s  
  ✓ Button Component → it renders outline button                                                                       0.05s  
  ✓ Button Component → it renders small button                                                                         0.05s  
  ✓ Button Component → it renders medium button                                                                        0.04s  
  ✓ Button Component → it renders large button                                                                         0.05s  
  ✓ Button Component → it renders disabled button                                                                      0.10s  
  ✓ Button Component → it renders loading button with spinner                                                          0.04s  
  ✓ Button Component → it renders button as link when href is provided                                                 0.04s  
  ✓ Button Component → it renders button with aria-label                                                               0.04s  
  ✓ Button Component → it renders submit button when type is submit                                                    0.04s  
  ✓ Button Component → it applies custom classes                                                                       0.12s  
  ✓ Button Component → it renders loading button as disabled                                                           0.05s  
  ✓ Button Component → it does not render link when disabled                                                           0.04s  
  ✓ Button Component → it does not render link when loading                                                            0.04s  
  ✓ Button Component → it passes through additional attributes                                                         0.04s  
  ✓ Button Component → it renders with all size variants                                                               0.10s  
  ✓ Button Component → it renders with all variant types                                                               0.05s  

   PASS  Tests\Feature\CacheManagementTest
  ✓ remember method caches callback result                                                                             0.05s  
  ✓ cache warming warms multiple keys successfully                                                                     0.04s  
  ✓ cache warming handles missing callbacks                                                                            0.10s  
  ✓ cache warming skips already cached keys                                                                            0.04s  
  ✓ invalidate removes single key from cache                                                                           0.04s  
  ✓ invalidate removes multiple keys from cache                                                                        0.04s  
  ✓ get hit rate statistics returns correct metrics                                                                    0.04s  
  ✓ get detailed metrics returns per-key statistics                                                                    0.10s  
  ✓ get cost optimized strategy returns recommendations                                                                0.04s  
  ✓ record api response time stores metrics                                                                            0.06s  
  ✓ get api response time stats calculates percentiles                                                                 0.07s  
  ✓ clear all removes all application caches                                                                           0.06s  
  ✓ cache manager integrates with mcp health monitoring                                                                0.10s  
  ✓ cache warming processes large batches efficiently                                                                  0.04s  

   PASS  Tests\Feature\CareerComparisonServiceTest
  ✓ Career Comparison Service → compareCareers → it requires at least 2 careers for comparison                         0.05s  
  ✓ Career Comparison Service → compareCareers → it compares multiple careers successfully                             0.09s  
  ✓ Career Comparison Service → compareCareers → it calculates comparison summary correctly                            0.11s  
  ✓ Career Comparison Service → compareCareers → it identifies best performer                                          0.07s  
  ✓ Career Comparison Service → identifySuccessPatterns → it identifies training patterns from careers                 0.11s  
  ✓ Career Comparison Service → identifySuccessPatterns → it returns empty result for insufficient data                0.04s  
  ✓ Career Comparison Service → analyzeSuccessFactors → it requires minimum 5 careers for analysis                     0.05s  
  ✓ Career Comparison Service → analyzeSuccessFactors → it calculates factor importance with sufficient data           0.18s  
  ✓ Career Comparison Service → performStatisticalTests → it requires minimum 5 careers for statistical testing        0.05s  
  ✓ Career Comparison Service → performStatisticalTests → it performs t-tests with sufficient data                     0.15s  
  ✓ Career Comparison Service → performStatisticalTests → it calculates effect sizes correctly                         0.12s  
  ✓ Career Comparison Service → getComprehensiveAnalysis → it returns all analysis components                          0.36s  
  ✓ Career Comparison Service → clearCache → it clears cache without errors                                            0.15s  
  ✓ Career Comparison API → it requires authentication for comparison endpoints                                        0.06s  
  ✓ Career Comparison API → it validates career_ids are required                                                       0.05s  
  ✓ Career Comparison API → it validates minimum 2 careers for comparison                                              0.05s  
  ✓ Career Comparison API → it compares careers successfully via API                                                   0.15s  
  ✓ Career Comparison API → it returns patterns via API                                                                0.14s  
  ✓ Career Comparison API → it validates minimum 5 careers for success factors                                         0.07s  
  ✓ Career Comparison API → it returns comprehensive analysis via API                                                  0.16s  

   PASS  Tests\Feature\CareerReportControllerTest
  ✓ API Endpoints → it returns character report data via API                                                           0.12s  
  ✓ Character Report View → it denies access to other users character report                                           0.07s  
  ✓ Character Report View → it displays character report for authorized user                                           0.21s  
  ✓ Career Report View → it displays career report for authorized user                                                 0.13s  
  ✓ Career Report View → it shows report with all sections                                                             0.11s  
  ✓ Reports Index → it shows only user own characters                                                                  0.13s  
  ✓ Export Functionality → it exports career report as PDF view                                                        0.10s  
  ✓ Reports Index → it redirects unauthenticated users to welcome                                                      0.05s  
  ✓ Career Report View → it denies access to other users career report                                                 0.13s  
  ✓ Export Functionality → it exports career report as JSON                                                            0.06s  
  ✓ Export Functionality → it exports career report as CSV                                                             0.06s  
  ✓ Export Functionality → it denies export access to unauthorized users                                               0.13s  
  ✓ API Endpoints → it returns career report data via API                                                              0.06s  
  ✓ API Endpoints → it clears cache via API                                                                            0.05s  
  ✓ API Endpoints → it returns 403 for unauthorized API access                                                         0.05s  
  ✓ Reports Index → it displays reports index page for authenticated user                                              0.85s  

   PASS  Tests\Feature\Api\ExternalDataControllerTest
  ✓ it fetches skills from local database                                                                              0.06s  
  ✓ it fetches characters from umapyoi API                                                                             0.05s  
  ✓ it fetches support cards from umapyoi API                                                                          0.05s  
  ✓ it fetches news from umapyoi API                                                                                   0.05s  
  ✓ it checks API status                                                                                               1.02s  
  ✓ it clears API cache                                                                                                0.05s  
  ✓ it allows public access to external data endpoints                                                                 0.06s  
  ✓ it handles API errors gracefully                                                                                   0.05s  

   PASS  Tests\Feature\CareerReportingServiceTest
  ✓ Character Report Generation → it includes correct character info                                                   0.07s  
  ✓ Character Report Generation → it generates comprehensive character report                                          0.08s  
  ✓ Career Summary Report Generation → it generates comprehensive career summary report                                0.07s  
  ✓ Career Summary Report Generation → it includes correct report metadata                                             0.05s  
  ✓ Career Summary Report Generation → it calculates executive summary correctly                                       0.06s  
  ✓ Career Summary Report Generation → it builds performance overview with stat distribution                           0.06s  
  ✓ Career Summary Report Generation → it caches career summary report                                                 0.16s  
  ✓ Training Analysis → it analyzes training type breakdown                                                            0.08s  
  ✓ Training Analysis → it tracks training failures                                                                    0.10s  
  ✓ Training Analysis → it calculates friendship training statistics                                                   0.10s  
  ✓ Race Analysis → it analyzes race performance                                                                       0.06s  
  ✓ Race Analysis → it analyzes performance by race grade                                                              0.06s  
  ✓ Race Analysis → it identifies best and worst races                                                                 0.07s  
  ✓ Export Functionality → it exports report to JSON format                                                            0.06s  
  ✓ Export Functionality → it exports report to CSV format                                                             0.09s  
  ✓ Cache Management → it clears character report cache                                                                0.09s  
  ✓ Character Report Generation → it identifies performance trends                                                     0.09s  
  ✓ Character Report Generation → it calculates aggregate statistics across careers                                    0.09s  
  ✓ Export Functionality → it exports report to PDF format                                                             0.06s  
  ✓ Cache Management → it clears career report cache                                                                   0.06s  
  ✓ Statistical Analysis → it calculates stat statistics correctly                                                     0.07s  
  ✓ Statistical Analysis → it performs correlation analysis                                                            0.10s  
  ✓ Insights and Recommendations → it generates key insights based on performance                                      0.11s  
  ✓ Insights and Recommendations → it generates improvement recommendations                                            0.15s  

   PASS  Tests\Feature\CharacterApiTest
  ✓ it lists characters for the authenticated user                                                                     0.07s  
  ✓ it deletes a character                                                                                             0.05s  
  ✓ it creates a new character                                                                                         0.05s  
  ✓ it shows a specific character                                                                                      0.05s  
  ✓ it updates a character                                                                                             0.05s  

   PASS  Tests\Feature\CharacterCreationTest
  ✓ character name is required                                                                                         0.06s  
  ✓ scenario type must be valid                                                                                        0.05s  
  ✓ all required aptitudes must be provided                                                                            0.05s  
  ✓ aptitude grades must be valid                                                                                      0.05s  
  ✓ stats must be within valid range                                                                                   0.15s  
  ✓ character can be created with valid data                                                                           0.06s  
  ✓ character creation page can be accessed                                                                            0.07s  

   PASS  Tests\Feature\CharacterEditingTest
  ✓ user can delete their character                                                                                    0.05s  
  ✓ user can update character stats                                                                                    0.05s  
  ✓ user can update energy and mood                                                                                    0.05s  
  ✓ energy level must be between 0 and 100                                                                             0.05s  
  ✓ user cannot edit another users character                                                                           0.05s  
  ✓ stat values must be between 0 and 1200                                                                             0.05s  
  ✓ user can update character goals                                                                                    0.05s  
  ✓ user cannot delete another users character                                                                         0.05s  
  ✓ character notes can be up to 5000 characters                                                                       0.05s  
  ✓ character notes cannot exceed 5000 characters                                                                      0.05s  
  ✓ user can update character basic information                                                                        0.05s  
  ✓ user can view edit page for their character                                                                        0.07s  

   PASS  Tests\Feature\Components\AI\RecommendationCardTest
  ✓ RecommendationCard Component → it validates required recommendation properties                                     0.05s  
  ✓ RecommendationCard Component → it validates priority values                                                        0.04s  
  ✓ RecommendationCard Component → it renders with all sections populated                                              0.04s  
  ✓ RecommendationCard Component → it accepts all valid priority levels                                                0.05s  
  ✓ RecommendationCard Component → it renders collapsed by default                                                     0.13s  
  ✓ RecommendationCard Component → it can be rendered expanded                                                         0.04s  
  ✓ RecommendationCard Component → it shows action buttons by default                                                  0.04s  
  ✓ RecommendationCard Component → it can hide action buttons                                                          0.04s  
  ✓ RecommendationCard Component → it handles missing optional properties gracefully                                   0.04s  
  ✓ RecommendationCard Component → it includes proper ARIA attributes                                                  0.04s  
  ✓ RecommendationCard Component → it includes keyboard navigation support                                             0.04s  
  ✓ RecommendationCard Component → it renders action buttons with proper attributes                                    0.04s  
  ✓ RecommendationCard Component → it handles array expected outcomes                                                  0.04s  
  ✓ RecommendationCard Component → it handles associative array expected outcomes                                      0.04s  
  ✓ RecommendationCard Component → it formats multi-line reasoning correctly                                           0.05s  
  ✓ RecommendationCard Component → it includes dismiss functionality                                                   0.04s  
  ✓ RecommendationCard Component → it supports custom CSS classes                                                      0.04s  
  ✓ RecommendationCard Component → it renders with minimum required properties                                         0.04s  
  ✓ RecommendationCard Component → it applies correct priority colors                                                  0.05s  

   PASS  Tests\Feature\CharacterManagementWorkflowTest
  ✓ it completes full character management workflow from creation to deck building                                     1.24s  

   PASS  Tests\Feature\CharacterSeedingTest
  ✓ Character Seeding → it can query characters by aptitude grade                                                      1.73s  
  ✓ Character Seeding → it maintains character-aptitude relationship integrity                                         1.17s  
  ✓ Character Seeding → it aptitude types are properly categorized                                                     1.14s  
  ✓ Character Seeding → it seeds characters with aptitudes successfully                                                1.14s  
  ✓ Character Seeding → it seeds characters with valid aptitude grades                                                 1.15s  
  ✓ Character Seeding → it creates characters with correct aptitude structure                                          1.14s  

   PASS  Tests\Feature\CharacterShowViewTest
  ✓ it can display character show page without description attribute error                                             0.86s  
  ✓ it displays factors correctly in character show view                                                               0.84s  

   PASS  Tests\Feature\Components\AI\CriticalAlertBadgeTest
  ✓ CriticalAlertBadge Component → it renders with multiple alerts                                                     0.05s  
  ✓ CriticalAlertBadge Component → it renders with single alert                                                        0.05s  
  ✓ CriticalAlertBadge Component → it renders with no alerts                                                           0.05s  
  ✓ CriticalAlertBadge Component → it displays 99+ for counts over 99                                                  0.04s  
  ✓ CriticalAlertBadge Component → it applies correct size classes                                                     0.05s  
  ✓ CriticalAlertBadge Component → it includes proper ARIA attributes                                                  0.05s  
  ✓ CriticalAlertBadge Component → it dispatches open-advisory-panel event on click                                    0.04s  
  ✓ CriticalAlertBadge Component → it includes screen reader text                                                      0.04s  
  ✓ CriticalAlertBadge Component → it has proper title attribute for tooltip                                           0.05s  
  ✓ CriticalAlertBadge Component → it uses singular form for single alert                                              0.05s  
  ✓ CriticalAlertBadge Component → it uses plural form for multiple alerts                                             0.05s  
  ✓ CriticalAlertBadge Component → it includes vite directive for CSS                                                  0.04s  
  ✓ CriticalAlertBadge Component → it applies pulsing animation class when alerts exist                                0.05s  
  ✓ CriticalAlertBadge Component → it does not apply pulsing animation when no alerts                                  0.04s  
  ✓ CriticalAlertBadge Component → it accepts custom attributes                                                        0.04s  
  ✓ CriticalAlertBadge Component → it merges custom classes with default classes                                       0.04s  
  ✓ CriticalAlertBadge Component → it renders as a button element                                                      0.04s  
  ✓ CriticalAlertBadge Component → it has proper color classes for critical state                                      0.05s  
  ✓ CriticalAlertBadge Component → it has proper color classes for normal state                                        0.04s  
  ✓ CriticalAlertBadge Component → it includes SVG alert icon                                                          0.17s  
  ✓ CriticalAlertBadge Component → it badge has proper styling classes                                                 0.04s  

   PASS  Tests\Feature\ConnectivityMonitorTest
  ✓ Connectivity Status → it returns connectivity status                                                               0.06s  
  ✓ Connectivity Status → it caches connectivity status                                                                0.04s  
  ✓ Connectivity Status → it forces connectivity check bypassing cache                                                 0.04s  
  ✓ Online/Offline Detection → it detects online status                                                                0.04s  
  ✓ Online/Offline Detection → it detects offline status                                                               0.04s  
  ✓ Online/Offline Detection → it can manually set offline mode                                                        0.04s  
  ✓ Online/Offline Detection → it can disable offline mode                                                             0.04s  
  ✓ Offline Mode Information → it returns offline mode information                                                     0.04s  
  ✓ Offline Mode Information → it tracks offline duration                                                              0.04s  
  ✓ Connectivity Recommendations → it returns recommendations based on connectivity status                             0.04s  
  ✓ Connectivity Recommendations → it provides recommendations when online                                             0.04s  
  ✓ Connectivity Report → it returns comprehensive connectivity report                                                 0.04s  
  ✓ Connectivity Report → it includes status in report                                                                 0.04s  
  ✓ Connectivity Report → it includes offline info in report                                                           0.04s  
  ✓ Last Successful Connection → it tracks last successful connection                                                  0.04s  
  ✓ Offline Mode Scenarios → it handles degraded API status                                                            0.04s  

   PASS  Tests\Feature\CriticalAlertApiTest
  ✓ it returns multiple alerts for multiple issues                                                                     0.06s  
  ✓ it prioritizes alerts correctly                                                                                    0.05s  
  ✓ it requires authentication for API access                                                                          0.04s  
  ✓ it returns empty alerts for healthy character                                                                      0.05s  
  ✓ it detects stamina crisis via API                                                                                  0.05s  
  ✓ it detects energy critical via API                                                                                 0.05s  
  ✓ it includes detailed analysis in alerts                                                                            0.05s  
  ✓ it calculates turns until critical correctly                                                                       0.05s  
  ✓ it validates required fields in API request                                                                        0.05s  
  ✓ it detects SP shortage via API                                                                                     0.05s  

   PASS  Tests\Feature\DataExportTest
  ✓ DataExportService → it converts data to CSV format correctly                                                       0.05s  
  ✓ DataExportService → it converts data to JSON format correctly                                                      0.04s  
  ✓ DataExportService → it generates PDF HTML content                                                                  0.04s  
  ✓ DataExportService → it returns export templates                                                                    0.04s  
  ✓ DataExportService → it returns field mapping for export types                                                      0.04s  
  ✓ ExportController API → it returns export templates                                                                 0.04s  
  ✓ DataExportService → it exports character data to JSON format                                                       0.05s  
  ✓ DataExportService → it exports career data with filters                                                            0.05s  
  ✓ DataExportService → it generates full backup export                                                                0.05s  
  ✓ ExportController API → it generates export via API                                                                 0.05s  
  ✓ ExportController API → it validates export type                                                                    0.15s  
  ✓ ExportController API → it validates export format                                                                  0.05s  
  ✓ ExportController API → it returns export history                                                                   0.04s  
  ✓ ExportController API → it previews export data                                                                     0.05s  
  ✓ ExportController API → it schedules automated export                                                               0.04s  
  ✓ ExportController API → it validates schedule frequency                                                             0.04s  
  ✓ ExportController API → it returns scheduled exports                                                                0.04s  
  ✓ ExportController API → it deletes scheduled export                                                                 0.04s  
  ✓ Export Filters → it filters by scenario type                                                                       0.05s  
  ✓ Export Filters → it filters by date range                                                                          0.05s  
  ✓ Export Filters → it validates date range order                                                                     0.05s  
  ✓ Export View → it displays export page                                                                              0.07s  

   PASS  Tests\Feature\DataMigrationTest
  ✓ DataMigrationService → Legacy Format Detection → it detects v1 JSON format                                         0.06s  
  ✓ DataMigrationService → Legacy Format Detection → it detects CSV format                                             0.04s  
  ✓ DataMigrationService → Legacy Format Detection → it detects Google Sheets TSV format                               0.04s  
  ✓ DataMigrationService → Conflict Detection → it detects duplicate character names                                   0.04s  
  ✓ DataMigrationService → Legacy Format Detection → it returns unknown for empty content                              0.04s  
  ✓ DataMigrationService → Legacy Format Conversion → it converts v1 JSON format to current format                     0.04s  
  ✓ DataMigrationService → Legacy Format Conversion → it converts v1 CSV format to current format                      0.04s  
  ✓ DataMigrationService → Legacy Format Conversion → it clamps stat values to valid range                             0.04s  
  ✓ DataMigrationService → Legacy Format Conversion → it normalizes scenario type values                               0.04s  
  ✓ DataMigrationService → Legacy Format Conversion → it returns errors for invalid format                             0.04s  
  ✓ DataMigrationService → Data Validation → it validates character data correctly                                     0.05s  
  ✓ DataMigrationService → Data Validation → it identifies invalid records                                             0.05s  
  ✓ DataMigrationService → Data Validation → it cleans and normalizes data during validation                           0.04s  
  ✓ DataMigrationService → Batch Import Processing → it starts a batch import successfully                             0.04s  
  ✓ DataMigrationService → Batch Import Processing → it retrieves batch status correctly                               0.04s  
  ✓ DataMigrationService → Batch Import Processing → it returns null for non-existent batch                            0.05s  
  ✓ DataMigrationService → Batch Import Processing → it cancels a batch import                                         0.04s  
  ✓ DataMigrationService → Batch Import Processing → it cannot cancel completed batch                                  0.04s  
  ✓ DataMigrationService → Conflict Detection → it returns no conflict for new records                                 0.04s  
  ✓ DataMigrationService → Conflict Resolution → it skips duplicate records with skip strategy                         0.14s  
  ✓ DataMigrationService → Conflict Resolution → it renames and imports with rename strategy                           0.05s  
  ✓ DataMigrationService → Migration Report → it generates migration report for completed batch                        0.05s  
  ✓ DataMigrationService → Migration Report → it returns error for non-existent batch                                  0.05s  
  ✓ DataMigrationService → Transformation Rules → it returns transformation rules for character type                   0.04s  
  ✓ DataMigrationService → Transformation Rules → it returns transformation rules for career type                      0.04s  
  ✓ MigrationController API → it converts legacy data via API                                                          0.05s  
  ✓ MigrationController API → it detects format via API                                                                0.05s  
  ✓ MigrationController API → it starts batch import via API                                                           0.05s  
  ✓ MigrationController API → it gets batch status via API                                                             0.05s  
  ✓ MigrationController API → it validates data via API                                                                0.05s  
  ✓ MigrationController API → it returns 404 for non-existent batch                                                    0.05s  
  ✓ MigrationController API → it gets transformation rules via API                                                     0.05s  
  ✓ MigrationController API → it requires authentication for migration endpoints                                       0.05s  

   PASS  Tests\Feature\CriticalAlertBadgeIntegrationTest
  ✓ critical alert badge shows correct alert count in navigation                                                       0.09s  
  ✓ critical alert badge dispatches open advisory panel event on click                                                 0.07s  
  ✓ critical alert badge is accessible with proper aria labels                                                         0.06s  
  ✓ critical alert badge icon is visible                                                                               0.06s  
  ✓ critical alert badge has correct styling classes                                                                   0.07s  
  ✓ critical alert badge is present in navigation header                                                               0.06s  

   PASS  Tests\Feature\DashboardControllerTest
  ✓ dashboard loads successfully with no characters                                                                    0.07s  
  ✓ dashboard handles character with null race_schedule                                                                0.89s  
  ✓ dashboard handles character with string goals                                                                      0.99s  
  ✓ dashboard handles character with string current_stats                                                              1.52s  
  ✓ dashboard loads successfully with character                                                                        0.96s  
  ✓ dashboard handles character with string race_schedule                                                              0.90s  
  ✓ dashboard handles character with invalid race_schedule                                                             0.94s  

   PASS  Tests\Feature\DashboardTest
  ✓ it displays dashboard with character data when characters exist                                                    0.93s  
  ✓ it displays stats snapshot with correct values                                                                     0.98s  
  ✓ it displays mood and energy correctly                                                                              1.34s  
  ✓ it allows selecting a specific character via query parameter                                                       1.15s  
  ✓ it displays correct metrics for selected character                                                                 0.94s  
  ✓ it displays dashboard with empty state when no characters exist                                                    0.07s  

   PASS  Tests\Feature\DashboardGridComponentTest
  ✓ DashboardGrid Component → it renders with default props                                                            0.05s  
  ✓ DashboardGrid Component → it renders with custom columns                                                           0.04s  
  ✓ DashboardGrid Component → it renders with 2 columns                                                                0.04s  
  ✓ DashboardGrid Component → it renders with 1 column                                                                 0.05s  
  ✓ DashboardGrid Component → it renders with small gap                                                                0.04s  
  ✓ DashboardGrid Component → it renders with large gap                                                                0.04s  
  ✓ DashboardGrid Component → it merges additional attributes                                                          0.04s  

   PASS  Tests\Feature\DataImportTest
  ✓ DataImportService → Text Parsing → it detects JSON format correctly                                                0.05s  
  ✓ DataImportService → Text Parsing → it detects CSV format correctly                                                 0.04s  
  ✓ DataImportService → Text Parsing → it detects key-value format correctly                                           0.04s  
  ✓ DataImportService → Text Parsing → it returns error for empty input                                                0.04s  
  ✓ DataImportService → JSON Parsing → it parses valid JSON character data                                             0.04s  
  ✓ DataImportService → JSON Parsing → it parses JSON array of records                                                 0.04s  
  ✓ DataImportService → JSON Parsing → it returns error for invalid JSON                                               0.04s  
  ✓ DataImportService → CSV Parsing → it parses valid CSV character data                                               0.05s  
  ✓ DataImportService → CSV Parsing → it handles multiple CSV rows                                                     0.04s  
  ✓ DataImportService → CSV Parsing → it returns error for CSV with only header                                        0.04s  
  ✓ DataImportService → Validation → it validates character stat ranges                                                0.04s  
  ✓ DataImportService → Validation → it validates required fields                                                      0.04s  
  ✓ DataImportService → Validation → it accepts valid character data                                                   0.04s  
  ✓ DataImportService → Validation → it validates scenario type enum                                                   0.04s  
  ✓ DataImportService → Validation → it validates mood status enum                                                     0.05s  
  ✓ DataImportService → Preview Generation → it generates preview with validation results                              0.05s  
  ✓ DataImportService → Preview Generation → it includes field mapping in preview                                      0.04s  
  ✓ DataImportService → Templates → it provides templates for all import types                                         0.04s  
  ✓ DataImportService → Templates → it provides CSV and JSON templates for each type                                   0.04s  
  ✓ DataImportService → Field Mapping → it returns field mapping for character type                                    0.04s  
  ✓ DataImportService → Field Mapping → it returns field mapping for career type                                       0.04s  
  ✓ DataImportService → Field Mapping → it returns field mapping for training_session type                             0.04s  
  ✓ Import API Endpoints → Preview Endpoint → it requires authentication                                               0.04s  
  ✓ Import API Endpoints → Preview Endpoint → it validates import type is required                                     0.05s  
  ✓ Import API Endpoints → Preview Endpoint → it validates content or file is required                                 0.05s  
  ✓ Import API Endpoints → Preview Endpoint → it returns preview for valid JSON input                                  0.05s  
  ✓ Import API Endpoints → Preview Endpoint → it returns preview for valid CSV input                                   0.05s  
  ✓ Import API Endpoints → Execute Endpoint → it requires authentication                                               0.06s  
  ✓ Import API Endpoints → Execute Endpoint → it validates data is required                                            0.06s  
  ✓ Import API Endpoints → Execute Endpoint → it imports valid character data                                          0.06s  
  ✓ Import API Endpoints → Templates Endpoint → it returns all templates without type filter                           0.04s  
  ✓ Import API Endpoints → Templates Endpoint → it returns specific template with type filter                          0.04s  
  ✓ Import API Endpoints → History Endpoint → it requires authentication                                               0.05s  
  ✓ Import API Endpoints → History Endpoint → it returns import history for authenticated user                         0.05s  
  ✓ Import Web Interface → it displays import page for authenticated users                                             0.07s  
  ✓ Import Web Interface → it redirects unauthenticated users to login                                                 0.04s  

   PASS  Tests\Feature\DataManagementUITest
  ✓ Data Management Hub View → it displays the data management hub page for authenticated users                        0.25s  
  ✓ Data Management Hub View → it redirects unauthenticated users                                                      0.04s  
  ✓ Data Management Hub View → it displays all tab navigation options                                                  0.09s  
  ✓ Data Management Hub View → it passes import types to the view                                                      0.07s  
  ✓ Data Management Hub View → it passes export types to the view                                                      0.07s  
  ✓ Data Management Hub View → it passes export formats to the view                                                    0.07s  
  ✓ Data Management Hub View → it passes legacy formats to the view                                                    0.08s  
  ✓ Data Management Dashboard API → it returns dashboard data for authenticated users                                  0.05s  
  ✓ Data Management Dashboard API → it returns 401 for unauthenticated requests                                        0.04s  
  ✓ Data Management Dashboard API → it includes quick stats in dashboard response                                      0.05s  
  ✓ Data Management Dashboard API → it includes statistics in dashboard response                                       0.05s  
  ✓ Operation History API → it returns operation history for authenticated users                                       0.06s  
  ✓ Operation History API → it supports pagination parameters                                                          0.05s  
  ✓ Operation History API → it supports operation type filter                                                          0.05s  
  ✓ Operation History API → it supports status filter                                                                  0.05s  
  ✓ Operation History API → it supports date range filters                                                             0.05s  
  ✓ Operation Status API → it returns ongoing operations status                                                        0.06s  
  ✓ Operation Status API → it returns specific operation status when operation_id provided                             0.06s  
  ✓ Statistics API → it returns statistics for authenticated users                                                     0.05s  
  ✓ Statistics API → it supports period parameter                                                                      0.04s  
  ✓ Statistics API → it defaults to month period                                                                       0.05s  
  ✓ DataOperationHistoryService → it logs operation start correctly                                                    0.04s  
  ✓ DataOperationHistoryService → it logs operation completion correctly                                               0.04s  
  ✓ DataOperationHistoryService → it calculates statistics correctly                                                   0.04s  
  ✓ DataOperationHistoryService → it returns recent operations                                                         0.06s  
  ✓ DataOperationHistoryService → it tracks ongoing operations                                                         0.04s  
  ✓ Blade Components → it renders progress tracker component                                                           0.21s  
  ✓ Blade Components → it renders error display component                                                              0.20s  
  ✓ Blade Components → it renders operation history component with empty state                                         0.23s  

   PASS  Tests\Feature\DataSynchronizationAgentServiceTest
  ✓ coordinates multi-source synchronization successfully                                                              0.08s  
  ✓ handles MCP server unavailability with fallback                                                                    0.05s  
  ✓ handles fetch failures gracefully                                                                                  0.04s  
  ✓ calculates quality score correctly                                                                                 0.04s  
  ✓ stores synchronized data in cache                                                                                  0.04s  
  ✓ handles validation errors appropriately                                                                            0.04s  
  ✓ detects and reports conflicts                                                                                      0.04s  
  ✓ returns sync status correctly                                                                                      0.04s  
  ✓ schedules automatic synchronization                                                                                0.04s  

   PASS  Tests\Feature\DataValidationServiceTest
  ✓ validates data successfully with no errors                                                                         0.06s  
  ✓ detects missing required fields                                                                                    0.06s  
  ✓ detects incorrect field types                                                                                      0.05s  
  ✓ detects duplicate entries                                                                                          0.04s  
  ✓ validates enum fields correctly                                                                                    0.04s  
  ✓ calculates completeness score correctly                                                                            0.04s  
  ✓ calculates consistency score correctly                                                                             0.16s  
  ✓ handles empty data gracefully                                                                                      0.04s  
  ✓ handles non-array data gracefully                                                                                  0.04s  
  ✓ returns validation history                                                                                         0.04s  
  ✓ returns validation statistics                                                                                      0.04s  
  ✓ validates data with warnings but no errors                                                                         0.04s  
  ✓ calculates validation score based on errors and warnings                                                           0.04s  
  ✓ handles unknown data type gracefully                                                                               0.04s  

   PASS  Tests\Feature\DeckManagementTest
  ✓ Deck Operations API → it can remove card from deck via API                                                         0.06s  
  ✓ Deck Analysis → it provides deck recommendations                                                                   0.06s  
  ✓ Deck Validation → it enforces 1 friend card limit                                                                  0.06s  
  ✓ Friendship Management → it can update friendship level                                                             0.06s  
  ✓ Deck Operations API → it can clear entire deck via API                                                             0.06s  
  ✓ Friendship Management → it provides friendship overview                                                            0.07s  
  ✓ Deck Operations API → it can add card to deck via API                                                              0.06s  
  ✓ Deck Operations API → it can swap cards in deck via API                                                            0.06s  
  ✓ Deck Validation → it enforces 6-card deck limit                                                                    0.06s  
  ✓ Deck Validation → it prevents duplicate cards in deck                                                              0.06s  
  ✓ Deck Analysis → it provides comprehensive deck analysis                                                            0.07s  
  ✓ Deck Management UI → it displays deck builder page                                                                 0.09s  
  ✓ Deck Management UI → it shows empty deck slots when no cards are added                                             0.09s  
  ✓ Deck Management UI → it displays current deck cards                                                                0.10s  

   PASS  Tests\Feature\DeckBuilderDataScriptTest
  ✓ it renders deck builder data payload for the Alpine bootstrap                                                      0.08s  

   PASS  Tests\Feature\DeckBuilderViewTest
  ✓ deck builder has semantic structure                                                                                0.07s  
  ✓ deck builder page loads                                                                                            0.07s  

   PASS  Tests\Feature\ExampleTest
  ✓ the application returns a successful response                                                                      0.05s  

   PASS  Tests\Feature\ExternalAPI\ExternalAPIFacadeTest
  ✓ ExternalAPIFacade → it fetches characters through facade                                                           0.04s  
  ✓ ExternalAPIFacade → it fetches a specific character through facade                                                 0.05s  
  ✓ ExternalAPIFacade → it fetches support cards through facade                                                        0.06s  
  ✓ ExternalAPIFacade → it fetches training calculation through facade                                                 0.05s  
  ✓ ExternalAPIFacade → it fetches meta tier rankings through facade                                                   0.05s  
  ✓ ExternalAPIFacade → it provides health status for all APIs                                                         0.04s  
  ✓ ExternalAPIFacade → it clears all caches                                                                           0.04s  
  ✓ ExternalAPIFacade → it provides comprehensive statistics                                                           0.05s  
  ✓ ExternalAPIFacade → it syncs all data                                                                              0.05s  

   PASS  Tests\Feature\ExternalAPI\UmamusumeDBApiClientTest
  ✓ UmamusumeDBApiClient → it fetches training calculation successfully                                                0.05s  
  ✓ UmamusumeDBApiClient → it caches training calculations                                                             0.04s  
  ✓ UmamusumeDBApiClient → it fetches meta tier rankings successfully                                                  0.04s  
  ✓ UmamusumeDBApiClient → it fetches community builds for a character                                                 0.05s  
  ✓ UmamusumeDBApiClient → it fetches skill effectiveness data                                                         0.20s  
  ✓ UmamusumeDBApiClient → it fetches race strategy recommendations                                                    0.05s  
  ✓ UmamusumeDBApiClient → it retries on failure with exponential backoff                                              1.57s  
  ✓ UmamusumeDBApiClient → it handles API errors gracefully                                                            7.59s  
  ✓ UmamusumeDBApiClient → it checks API availability                                                                  0.04s  
  ✓ UmamusumeDBApiClient → it clears cache successfully                                                                0.05s  
  ✓ UmamusumeDBApiClient → it provides cache status                                                                    0.05s  

   PASS  Tests\Feature\ExternalAPI\UmapyoiApiClientTest
  ✓ UmapyoiApiClient → it fetches characters successfully                                                              0.05s  
  ✓ UmapyoiApiClient → it caches character data                                                                        0.04s  
  ✓ UmapyoiApiClient → it handles API errors gracefully                                                                0.04s  
  ✓ UmapyoiApiClient → it fetches a specific character by ID                                                           0.04s  
  ✓ UmapyoiApiClient → it fetches support cards successfully                                                           0.04s  
  ✓ UmapyoiApiClient → it fetches a specific support card by ID                                                        0.04s  
  ✓ UmapyoiApiClient → it fetches news with limit                                                                      0.04s  
  ✓ UmapyoiApiClient → it checks API availability                                                                      0.04s  
  ✓ UmapyoiApiClient → it returns false when API is unavailable                                                        0.04s  
  ✓ UmapyoiApiClient → it clears cache successfully                                                                    0.05s  
  ✓ UmapyoiApiClient → it provides cache status                                                                        0.04s  
  ✓ UmapyoiApiClient → it forces refresh when requested                                                                0.05s  

   PASS  Tests\Feature\ExternalAPI\UmapyoiLiveApiTest
  ✓ UmapyoiLiveApiTest - API Configuration Validation → it verifies umapyoi configuration is loaded correctly          0.05s  
  ✓ UmapyoiLiveApiTest - API Configuration Validation → it verifies cache configuration                                0.04s  

   PASS  Tests\Feature\ExternalDataBrowsePerformanceTest
  ✓ External Data Browse Performance → it measures database query performance                                          0.07s  
  ✓ External Data Browse Performance → it API endpoints respond within acceptable time                                 3.22s  
  ✓ External Data Browse Performance → it measures concurrent API request performance                                  2.66s  
  ✓ External Data Browse Performance → it loads the page within 2 seconds                                              0.07s  
  ✓ External Data Browse Performance → it measures memory usage                                                        0.06s  
  ✓ External Data Browse Performance → it measures asset loading performance                                           0.06s  

   PASS  Tests\Feature\ExternalDataBrowserRetryTest
  ✓ External Data Browser - Retry Functionality → it has the javascript component file                                 0.05s  
  ✓ External Data Browser - Retry Functionality → it includes loading states for each endpoint                         0.06s  
  ✓ External Data Browser - Retry Functionality → it includes section loading indicators                               0.07s  
  ✓ External Data Browser - Retry Functionality → it includes individual retry buttons for each endpoint               0.07s  
  ✓ External Data Browser - Retry Functionality → it includes retry button disabled state logic                        0.07s  
  ✓ External Data Browser - Retry Functionality → it loads the external data browse page successfully                  0.17s  
  ✓ External Data Browser - Retry Functionality → it includes error banners for each endpoint                          0.07s  
  ✓ External Data Browser - Retry Functionality → it includes loading spinner animation during retry                   0.06s  
  ✓ External Data Browser - Retry Functionality → it includes retry button text that changes during loading            0.07s  
  ✓ External Data Browser - Retry Functionality → it includes retry all button in the page                             0.07s  

   PASS  Tests\Feature\ExternalDataBrowserTest
  ✓ external support cards endpoint works                                                                              0.81s  
  ✓ external skills endpoint works                                                                                     0.11s  
  ✓ external status endpoint works                                                                                     0.95s  
  ✓ external data browser page loads                                                                                   0.06s  
  ✓ external characters endpoint works                                                                                 0.84s  

   PASS  Tests\Feature\Feature\SupportCardAutoSlotTest
  ✓ deck builder shows available cards                                                                                 0.10s  
  ✓ deck builder shows all 6 slots                                                                                     0.09s  
  ✓ deck builder shows updated empty slot message                                                                      0.10s  
  ✓ deck builder page loads successfully                                                                               0.10s  
  ✓ deck builder shows drag and drop instructions                                                                      0.09s  

   PASS  Tests\Feature\Feature\AI\RAGEnhancedChatTest
  ✓ it includes knowledge sources in response metadata                                                                 0.05s  
  ✓ it propagates rag metadata from execution response                                                                 0.04s  
  ✓ it displays knowledge badge when RAG is used                                                                       0.04s  
  ✓ it falls back to keyword search when embeddings unavailable                                                        0.05s  
  ✓ it caches knowledge base documents for performance                                                                 0.06s  
  ✓ it enriches chat context with knowledge base when RAG keywords detected                                            0.05s  
  ✓ example                                                                                                            0.05s  

   PASS  Tests\Feature\FactorManagementTest
  ✓ it can display factor management page                                                                              0.09s  
  ✓ it can create a blue factor                                                                                        0.16s  
  ✓ it can create a red factor                                                                                         0.05s  
  ✓ it can toggle factor active status                                                                                 0.05s  
  ✓ it can delete a factor                                                                                             0.05s  
  ✓ it prevents unauthorized users from managing factors                                                               0.05s  
  ✓ it validates required fields when creating factors                                                                 0.05s  
  ✓ it validates stat type is required for blue factors                                                                0.05s  

   PASS  Tests\Feature\FallbackRecoveryTest
  ✓ API Health Monitoring → it checks health status of all APIs                                                        0.96s  
  ✓ API Health Monitoring → it tracks failure count for APIs                                                           0.04s  
  ✓ API Health Monitoring → it opens circuit breaker after threshold failures                                          0.04s  
  ✓ API Health Monitoring → it resets circuit breaker manually                                                         0.04s  
  ✓ API Health Monitoring → it gets comprehensive health metrics                                                       0.94s  
  ✓ Graceful Degradation → it enables degradation mode for an API                                                      0.04s  
  ✓ Graceful Degradation → it disables degradation mode for an API                                                     0.04s  
  ✓ Graceful Degradation → it enables manual input mode                                                                0.04s  
  ✓ Graceful Degradation → it disables manual input mode                                                               0.04s  
  ✓ Graceful Degradation → it gets degradation status for all APIs                                                     0.04s  
  ✓ Graceful Degradation → it gets user-friendly degradation message                                                   0.04s  
  ✓ Graceful Degradation → it gets degradation metrics                                                                 0.04s  
  ✓ Background Sync → it queues sync job                                                                               0.04s  
  ✓ Background Sync → it gets sync status for data type                                                                0.04s  
  ✓ Background Sync → it gets sync status for all data types                                                           0.04s  
  ✓ Background Sync → it gets sync history                                                                             0.04s  
  ✓ API Alerting → it sends alert                                                                                      0.04s  
  ✓ API Alerting → it sends health degradation alert                                                                   0.04s  
  ✓ API Alerting → it sends recovery alert                                                                             0.04s  
  ✓ API Alerting → it sends circuit breaker alert                                                                      0.04s  
  ✓ API Alerting → it gets unacknowledged alerts                                                                       0.04s  
  ✓ API Alerting → it acknowledges alert                                                                               0.04s  
  ✓ API Alerting → it gets alert statistics                                                                            0.14s  
  ✓ API Endpoints → it gets health status via API                                                                      0.97s  
  ✓ API Endpoints → it gets degradation status via API                                                                 0.05s  
  ✓ API Endpoints → it gets system status via API                                                                      0.79s  

   PASS  Tests\Feature\Feature\CacheInvalidationTest
  ✓ Cache Invalidation by Pattern → it invalidates cache entries matching pattern with Redis                           0.06s  
  ✓ Cache Invalidation by Pattern → it returns success with limited support for non-Redis drivers                      0.04s  
  ✓ Cache Invalidation by Type → it invalidates all entries of specific data type with Redis                           0.05s  
  ✓ Cache Invalidation by Type → it returns error for invalid data type                                                0.04s  
  ✓ Cache Invalidation by Keys → it invalidates specific cache keys                                                    0.04s  
  ✓ Cache Invalidation by Keys → it reports failed keys when some invalidations fail                                   0.04s  
  ✓ Game Version Tracking → it sets game version and invalidates cache on version change                               0.04s  
  ✓ Game Version Tracking → it does not invalidate cache when version unchanged                                        0.04s  
  ✓ Game Version Tracking → it retrieves current game version                                                          0.04s  
  ✓ Game Version Tracking → it tracks version change history                                                           0.04s  
  ✓ Cache Staleness Detection → it checks cache staleness                                                              0.04s  
  ✓ Cache Staleness Detection → it invalidates stale cache entries                                                     0.04s  
  ✓ Cache Invalidation API Endpoints → it invalidates cache by pattern via API                                         0.04s  
  ✓ Cache Invalidation API Endpoints → it invalidates cache by type via API                                            0.04s  
  ✓ Cache Invalidation API Endpoints → it validates data type in API request                                           0.04s  
  ✓ Cache Invalidation API Endpoints → it invalidates specific keys via API                                            0.04s  
  ✓ Cache Invalidation API Endpoints → it flushes all cache via API                                                    0.04s  
  ✓ Cache Invalidation API Endpoints → it gets game version via API                                                    0.13s  
  ✓ Cache Invalidation API Endpoints → it sets game version via API and triggers invalidation                          0.04s  
  ✓ Cache Invalidation API Endpoints → it checks cache staleness via API                                               0.04s  
  ✓ Cache Invalidation API Endpoints → it invalidates stale cache via API                                              0.04s  
  ✓ Cache Flush Capabilities → it flushes all external API cache                                                       0.05s  
  ✓ Cache Flush Capabilities → it resets statistics when flushing cache                                                0.04s  

   PASS  Tests\Feature\FocusManagementTest
  ✓ Focus Management System → it renders skip links in the main layout                                                 0.06s  
  ✓ Focus Management System → it includes ARIA live region for announcements                                           0.05s  
  ✓ Focus Management System → it includes accessibility system JavaScript                                              0.05s  
  ✓ Focus Management System → it has proper focus indicator styles in CSS                                              0.04s  
  ✓ Focus Management System → it includes main content landmark                                                        0.05s  
  ✓ Focus Management System → it has accessible button components with aria labels                                     0.05s  
  ✓ Focus Management System → it has proper keyboard shortcut documentation                                            0.04s  
  ✓ Focus Management System → it has focus management documentation                                                    0.04s  
  ✓ Focus Management System → it has accessibility system JavaScript with focus management                             0.12s  
  ✓ Focus Management System → it registers default keyboard shortcuts                                                  0.04s  
  ✓ Focus Management System → it has proper contrast ratio for focus indicators                                        0.04s  
  ✓ Focus Management System → it includes high contrast mode support                                                   0.04s  
  ✓ Focus Management System → it has main content with proper role attribute                                           0.05s  
  ✓ Focus Management System → it has accessibility settings panel styles in CSS                                        0.04s  

   PASS  Tests\Feature\FrontendPerformanceTest
  ✓ ImageOptimizationHelper → picture element generation → it generates picture element with modern format sources     0.05s  
  ✓ ImageOptimizationHelper → picture element generation → it includes fallback img element                            0.04s  
  ✓ ImageOptimizationHelper → picture element generation → it escapes alt text properly                                0.04s  
  ✓ ImageOptimizationHelper → picture element generation → it includes additional attributes                           0.04s  
  ✓ ImageOptimizationHelper → responsive image generation → it generates img element with lazy loading                 0.11s  
  ✓ ImageOptimizationHelper → responsive image generation → it includes additional attributes                          0.04s  
  ✓ ImageOptimizationHelper → lazy image generation → it generates lazy loading image with data-src                    0.04s  
  ✓ ImageOptimizationHelper → lazy image generation → it uses placeholder when provided                                0.04s  
  ✓ ImageOptimizationHelper → lazy image generation → it generates SVG placeholder when no placeholder provided        0.04s  
  ✓ ImageOptimizationHelper → lazy background generation → it generates div with lazy background class                 0.11s  
  ✓ ImageOptimizationHelper → lazy background generation → it includes additional classes                              0.04s  
  ✓ ImageOptimizationHelper → blur-up effect generation → it generates blur-up container with placeholder and main im… 0.04s  
  ✓ ImageOptimizationHelper → blur-up effect generation → it includes data-src for lazy loading                        0.04s  
  ✓ ImageOptimizationHelper → placeholder generation → it generates SVG data URI placeholder                           0.04s  
  ✓ ImageOptimizationHelper → placeholder generation → it uses custom dimensions                                       0.10s  
  ✓ ImageOptimizationHelper → placeholder generation → it uses custom color                                            0.04s  
  ✓ ImageOptimizationHelper → preload link generation → it generates preload link element                              0.04s  
  ✓ ImageOptimizationHelper → preload link generation → it includes media query when provided                          0.04s  
  ✓ ImageOptimizationHelper → preload link generation → it uses custom image type                                      0.04s  
  ✓ ImageOptimizationHelper → responsive preload generation → it generates multiple preload links                      0.11s  
  ✓ ImageOptimizationHelper → aspect ratio calculation → it calculates correct aspect ratio padding                    0.04s  
  ✓ ImageOptimizationHelper → aspect ratio calculation → it handles zero width gracefully                              0.04s  
  ✓ Service Worker → it service worker file exists                                                                     0.04s  
  ✓ Service Worker → it service worker contains cache version                                                          0.04s  
  ✓ Service Worker → it service worker contains precache assets                                                        0.11s  
  ✓ Service Worker → it service worker implements caching strategies                                                   0.04s  
  ✓ Service Worker → it service worker handles different request types                                                 0.04s  
  ✓ Service Worker → it service worker implements cache size limits                                                    0.04s  
  ✓ Service Worker → it service worker handles messages from clients                                                   0.04s  
  ✓ Offline Page → it offline page exists                                                                              0.11s  
  ✓ Offline Page → it offline page contains retry functionality                                                        0.04s  
  ✓ Offline Page → it offline page supports dark mode                                                                  0.05s  
  ✓ Offline Page → it offline page is accessible                                                                       0.05s  
  ✓ Vite Configuration → it vite config file exists                                                                    0.04s  
  ✓ Vite Configuration → it vite config contains code splitting configuration                                          0.11s  
  ✓ Vite Configuration → it vite config contains asset optimization                                                    0.04s  
  ✓ Vite Configuration → it vite config targets modern browsers                                                        0.04s  
  ✓ Vite Configuration → it vite config enables CSS code splitting                                                     0.04s  
  ✓ Performance JavaScript Modules → it ImageOptimization module exists                                                0.04s  
  ✓ Performance JavaScript Modules → it ImageOptimization module contains format detection                             0.11s  
  ✓ Performance JavaScript Modules → it ImageOptimization module contains lazy loading                                 0.04s  
  ✓ Performance JavaScript Modules → it PerformanceMonitor module exists                                               0.04s  
  ✓ Performance JavaScript Modules → it PerformanceMonitor module tracks Core Web Vitals                               0.04s  
  ✓ Performance JavaScript Modules → it PerformanceMonitor module contains correct thresholds                          0.05s  
  ✓ Performance JavaScript Modules → it PerformanceMonitor module uses PerformanceObserver                             0.12s  
  ✓ CSS Performance Optimizations → it app.css contains lazy loading styles                                            0.04s  
  ✓ CSS Performance Optimizations → it app.css contains blur-up effect styles                                          0.04s  
  ✓ CSS Performance Optimizations → it app.css contains loading placeholder animation                                  0.04s  
  ✓ CSS Performance Optimizations → it app.css contains WebP support detection classes                                 0.04s  

   PASS  Tests\Feature\HistoricalTrackingServiceTest
  ✓ Long-Term Trend Analysis → it returns insufficient data result when user has fewer than 5 careers                  0.16s  
  ✓ Long-Term Trend Analysis → it calculates trend summary with sufficient data                                        0.15s  
  ✓ Long-Term Trend Analysis → it identifies improving trend when performance increases over time                      0.15s  
  ✓ Long-Term Trend Analysis → it calculates performance evolution for each career                                     0.10s  
  ✓ Long-Term Trend Analysis → it calculates stat trends for each stat type                                            0.16s  
  ✓ Long-Term Trend Analysis → it caches long-term trend results                                                       0.10s  
  ✓ Success Rate with Confidence Intervals → it returns insufficient data result when user has fewer than 5 careers    0.05s  
  ✓ Success Rate with Confidence Intervals → it calculates overall success rate with confidence intervals              0.12s  
  ✓ Success Rate with Confidence Intervals → it calculates Wilson confidence intervals correctly                       0.28s  
  ✓ Success Rate with Confidence Intervals → it calculates success rates by scenario type                              0.22s  
  ✓ Success Rate with Confidence Intervals → it performs confidence analysis on success metrics                        0.19s  
  ✓ ML Model Update Recommendations → it returns insufficient data result when user has fewer than 5 careers           0.07s  
  ✓ ML Model Update Recommendations → it generates ML model update recommendations with sufficient data                0.18s  
  ✓ ML Model Update Recommendations → it assesses model performance based on prediction accuracy                       0.09s  
  ✓ ML Model Update Recommendations → it calculates feature importance based on success correlation                    0.23s  
  ✓ ML Model Update Recommendations → it assesses data quality for ML training                                         0.10s  
  ✓ ML Model Update Recommendations → it determines retraining priority based on all factors                           0.09s  
  ✓ Improvement Velocity → it calculates improvement velocity with sufficient data                                     0.14s  
  ✓ Improvement Velocity → it identifies accelerating improvement trend                                                0.13s  
  ✓ Cache Management → it clears all historical tracking cache for a user                                              0.17s  

   PASS  Tests\Feature\Http\Controllers\Api\CareerPlanningControllerTest
  ✓ it validates character_id is required                                                                              0.07s  
  ✓ it requires authentication to get career plan                                                                      0.05s  
  ✓ it validates focus stats are valid                                                                                 0.05s  
  ✓ it requires authentication to get plan history                                                                     0.12s  
  ✓ it accepts valid career planning request structure                                                                 1.53s  

   PASS  Tests\Feature\Database\PredictionAccuracyMigrationTest
  ✓ prediction_accuracy table can store and retrieve data                                                              0.05s  
  ✓ prediction_accuracy table exists with correct structure                                                            0.04s  
  ✓ prediction_accuracy records are deleted when career is deleted                                                     0.12s  
  ✓ prediction_accuracy table supports multiple prediction types                                                       0.05s  
  ✓ prediction_accuracy table supports different model versions                                                        0.05s  

   PASS  Tests\Feature\Http\Controllers\Api\TrainingAdvisorControllerTest
  ✓ it validates character exists                                                                                      0.06s  
  ✓ it validates character_id is required                                                                              0.12s  
  ✓ it requires authentication to get training advice                                                                  0.05s  
  ✓ it validates training type is valid                                                                                0.05s  
  ✓ it requires authentication to get advice history                                                                   0.11s  
  ✓ it accepts valid training advice request structure                                                                 1.51s  

   PASS  Tests\Feature\Jobs\WarmCacheJobTest
  ✓ Job Execution → it stores warming statistics after execution                                                       0.05s  
  ✓ WarmCacheJob → it executes cache warming with specified priority                                                   0.04s  
  ✓ WarmCacheJob → it can handle all priority levels                                                                   0.05s  
  ✓ WarmCacheJob → it can be dispatched to queue                                                                       0.11s  
  ✓ WarmCacheJob → it has correct retry configuration                                                                  0.04s  
  ✓ WarmCacheJob → it has correct tags                                                                                 0.04s  
  ✓ Job Execution → it logs successful completion                                                                      0.04s  
  ✓ Job Properties → it stores priority correctly                                                                      0.04s  
  ✓ Job Properties → it can be created with different priorities                                                       0.11s  

   PASS  Tests\Feature\Livewire\AdvisoryPanelTest
  ✓ component can be mounted                                                                                           0.05s  
  ✓ component starts with panel closed                                                                                 0.05s  
  ✓ critical alert count is accurate                                                                                   0.05s  
  ✓ open panel event                                                                                                   0.12s  
  ✓ refresh clears cached data                                                                                         0.05s  
  ✓ dismiss alert adds to dismissed list                                                                               0.06s  
  ✓ close panel event                                                                                                  0.13s  
  ✓ toggle section visibility                                                                                          0.05s  
  ✓ toggle panel opens and closes                                                                                      0.05s  
  ✓ dismiss recommendation adds to dismissed list                                                                      0.12s  
  ✓ has content returns true when content exists                                                                       0.05s  
  ✓ component works in both storage modes                                                                              0.05s  
  ✓ clear dismissed clears all dismissed items                                                                         0.06s  
  ✓ session key is different for local and account modes                                                               0.13s  
  ✓ dismissed alerts are filtered from display                                                                         0.06s  
  ✓ component displays empty state when no content                                                                     0.05s  
  ✓ component displays critical alerts                                                                                 0.06s  
  ✓ reactivate alert removes from dismissed list                                                                       0.13s  
  ✓ component displays training recommendations                                                                        0.05s  

   PASS  Tests\Feature\MCPMonitoringTest
  ✓ Agent Lifecycle Management → it can get agent status                                                               0.06s  
  ✓ Agent Lifecycle Management → it can terminate an agent                                                             0.12s  
  ✓ Dashboard Integration → it can get comprehensive dashboard data                                                    0.06s  
  ✓ MCP Server Management → it can get server status                                                                   0.05s  
  ✓ MCP Server Management → it can connect to a server                                                                 0.05s  
  ✓ MCP Server Management → it can disconnect from a server                                                            0.11s  
  ✓ MCP Server Management → it can update server configuration                                                         0.05s  
  ✓ Agent Lifecycle Management → it can create a new agent                                                             0.05s  
  ✓ Cost Tracking → it can get cost analytics                                                                          0.05s  
  ✓ Cost Tracking → it can filter cost analytics by period                                                             1.04s  
  ✓ Performance Metrics → it can get performance metrics                                                               0.13s  
  ✓ Optimization Recommendations → it can get optimization recommendations                                             0.05s  
  ✓ Optimization Recommendations → it recommends cleanup for inactive agents                                           0.05s  
  ✓ User Preferences → it can get user preferences                                                                     0.05s  
  ✓ User Preferences → it can update user preference                                                                   0.05s  
  ✓ User Preferences → it updates existing preference instead of creating duplicate                                    0.05s  
  ✓ Tool Usage History → it can get tool usage history                                                                 0.08s  
  ✓ Tool Usage History → it orders tool usage by most recent first                                                     0.05s  

   PASS  Tests\Feature\MCP\ContextAwareAgentOrchestrationTest
  ✓ CareerStateSyncService → it synchronizes character state across agents                                             0.06s  
  ✓ AgentMemoryService → it stores and retrieves short-term memory                                                     0.05s  
  ✓ AgentContextService → it builds comprehensive character context                                                    0.05s  
  ✓ AgentContextService → it builds career context with training history                                               0.05s  
  ✓ Context-Aware Agent Orchestration Integration → it creates context-aware workflow with character state             0.05s  
  ✓ AgentContextService → it builds unified context for multi-agent workflows                                          0.05s  
  ✓ AgentContextService → it caches context for performance                                                            0.05s  
  ✓ AgentContextService → it invalidates context cache when requested                                                  0.05s  
  ✓ CareerStateSyncService → it synchronizes career state across agents                                                0.05s  
  ✓ CareerStateSyncService → it allows agents to subscribe to state updates                                            0.05s  
  ✓ CareerStateSyncService → it notifies subscribed agents of state changes                                            0.05s  
  ✓ AgentMemoryService → it stores and retrieves episodic memories                                                     0.05s  
  ✓ AgentMemoryService → it stores and retrieves semantic knowledge                                                    0.05s  
  ✓ AgentMemoryService → it stores and retrieves conversation context                                                  0.05s  
  ✓ AgentMemoryService → it clears specific memory                                                                     0.04s  
  ✓ AgentMemoryService → it provides memory statistics                                                                 0.05s  
  ✓ WorkflowTemplateService → it provides available workflow templates                                                 0.05s  
  ✓ WorkflowTemplateService → it creates custom workflow template                                                      0.05s  

   PASS  Tests\Feature\Migrations\CriticalAlertsMigrationTest
  ✓ Critical Alerts Migration → it has correct indexes                                                                 0.05s  
  ✓ Critical Alerts Migration → it has foreign key constraint to ucp_careers                                           0.04s  
  ✓ Critical Alerts Migration → it can rollback the migration                                                          0.14s  
  ✓ Critical Alerts Migration → it creates ucp_critical_alerts table with correct structure                            0.05s  

   PASS  Tests\Feature\Migrations\AdvisoryRecommendationsMigrationTest
  ✓ Advisory Recommendations Migration → it can rollback the migration                                                 0.05s  
  ✓ Advisory Recommendations Migration → it creates ucp_advisory_recommendations table with correct structure          0.04s  

   PASS  Tests\Feature\MCPDashboardTest
  ✓ MCP Dashboard → it displays the MCP dashboard page                                                                 0.07s  
  ✓ MCP Dashboard → it requires authentication to access MCP dashboard                                                 0.05s  
  ✓ MCP Dashboard API - Overview → it returns overview data successfully                                               0.07s  
  ✓ MCP Dashboard API - Overview → it returns valid overview metrics                                                   0.07s  
  ✓ MCP Dashboard API - Servers → it returns MCP server status                                                         0.05s  
  ✓ MCP Dashboard API - Servers → it includes server health information                                                0.05s  
  ✓ MCP Dashboard API - Agents → it returns active agents                                                              0.05s  
  ✓ MCP Dashboard API - Agents → it includes agent status information                                                  0.05s  
  ✓ MCP Dashboard API - Costs → it returns cost transparency data                                                      0.05s  
  ✓ MCP Dashboard API - Costs → it returns valid cost data                                                             0.05s  
  ✓ MCP Dashboard API - Performance → it returns performance metrics                                                   0.05s  
  ✓ MCP Dashboard API - Performance → it accepts time range parameter                                                  0.05s  
  ✓ MCP Dashboard API - Performance → it returns valid performance data                                                0.04s  
  ✓ MCP Dashboard API - Settings → it returns user settings                                                            0.05s  
  ✓ MCP Dashboard API - Settings → it updates user settings successfully                                               0.14s  
  ✓ MCP Dashboard API - Settings → it validates settings data                                                          0.05s  
  ✓ MCP Dashboard API - Authentication → it requires authentication for all endpoints                                  0.07s  

   PASS  Tests\Feature\MCP\ToolChainingWorkflowTest
  ✓ execute simple chain workflow                                                                                      0.07s  
  ✓ execute multi step chain workflow                                                                                  0.05s  
  ✓ chain stops on failure by default                                                                                  0.05s  
  ✓ chain continues on failure when specified                                                                          0.04s  
  ✓ context is shared across steps                                                                                     0.05s  
  ✓ cost optimization workflow                                                                                         0.04s  
  ✓ data fetch workflow                                                                                                1.25s  
  ✓ context aware ai workflow                                                                                          0.04s  
  ✓ conditional step execution                                                                                         0.04s  
  ✓ get available templates                                                                                            0.04s  
  ✓ get service status                                                                                                 0.04s  
  ✓ workflow duration tracking                                                                                         0.04s  
  ✓ workflow with empty steps                                                                                          0.04s  

   PASS  Tests\Feature\ModalComponentTest
  ✓ Modal Component → it renders with required name prop                                                               0.17s  
  ✓ Modal Component → it renders with title                                                                            0.04s  
  ✓ Modal Component → it renders close button when closeable                                                           0.04s  
  ✓ Modal Component → it hides close button when not closeable                                                         0.05s  
  ✓ Modal Component → it renders footer slot                                                                           0.05s  
  ✓ Modal Component → it renders small size                                                                            0.05s  
  ✓ Modal Component → it renders medium size (default)                                                                 0.04s  
  ✓ Modal Component → it renders large size                                                                            0.04s  
  ✓ Modal Component → it renders xl size                                                                               0.04s  
  ✓ Modal Component → it renders full size                                                                             0.04s  
  ✓ Modal Component → it includes Alpine.js event listeners                                                            0.14s  
  ✓ Modal Component → it includes focus trap functionality                                                             0.15s  
  ✓ Modal Component → it has backdrop overlay                                                                          0.12s  

   PASS  Tests\Feature\Neuron\CareerPlanningAgentTest
  ✓ it can be instantiated with user and character                                                                     0.06s  
  ✓ it generates unique thread IDs across characters and careers                                                       0.05s  
  ✓ it has proper system instructions                                                                                  0.15s  
  ✓ it uses Anthropic provider                                                                                         0.07s  
  ✓ it registers core tools                                                                                            0.05s  

   PASS  Tests\Feature\Neuron\RaceStrategyAgentTest
  ✓ RaceStrategyAgent - Requirements Validation → it validates Requirement 5.1: analyzes race conditions and characte… 0.08s  
  ✓ RaceStrategyAgent - Instantiation and Configuration → it can be instantiated with user ID                          0.13s  
  ✓ RaceStrategyAgent - Instantiation and Configuration → it can be instantiated with user ID and race ID              0.11s  
  ✓ RaceStrategyAgent - Instantiation and Configuration → it has proper system instructions                            0.10s  
  ✓ RaceStrategyAgent - Instantiation and Configuration → it uses Anthropic provider                                   0.15s  
  ✓ RaceStrategyAgent - Context Handling → it includes character stats in context                                      0.08s  
  ✓ RaceStrategyAgent - Context Handling → it includes character aptitudes in context                                  0.14s  
  ✓ RaceStrategyAgent - Instantiation and Configuration → it generates unique thread ID for each user                  0.08s  
  ✓ RaceStrategyAgent - Instantiation and Configuration → it generates unique thread ID for each race                  0.07s  
  ✓ RaceStrategyAgent - Instantiation and Configuration → it has RaceDataTool registered                               0.11s  
  ✓ RaceStrategyAgent - Context Handling → it receives proper race context through service                             0.11s  
  ✓ RaceStrategyAgent - Context Handling → it includes acquired skills in context                                      0.21s  
  ✓ RaceStrategyAgent - Context Handling → it includes available skills when provided                                  0.10s  
  ✓ RaceStrategyAgent - Context Handling → it includes support card deck in context                                    0.11s  
  ✓ RaceStrategyAgent - Context Handling → it includes past race performance in context                                0.09s  
  ✓ RaceStrategyAgent - Context Handling → it includes URA Finale specific context when applicable                     0.12s  
  ✓ RaceStrategyAgent - Context Handling → it includes Unity Cup specific context when applicable                      0.13s  
  ✓ RaceStrategyAgent - Structured Response → it returns structured RaceStrategyResponse when mocked                   0.08s  
  ✓ RaceStrategyAgent - Structured Response → it validates response structure through service                          0.06s  
  ✓ RaceStrategyAgent - Structured Response → it includes recommended skills in response                               0.07s  
  ✓ RaceStrategyAgent - Structured Response → it includes race preparation advice in response                          0.07s  
  ✓ RaceStrategyAgent - Structured Response → it includes expected performance assessment                              0.14s  
  ✓ RaceStrategyAgent - Structured Response → it includes risk factors when present                                    0.07s  
  ✓ RaceStrategyAgent - Structured Response → it validates running style is valid                                      0.06s  
  ✓ RaceStrategyAgent - Requirements Validation → it validates Requirement 5.2: recommends appropriate skills to equi… 0.07s  
  ✓ RaceStrategyAgent - Error Handling → it handles missing character gracefully through service                       0.07s  
  ✓ RaceStrategyAgent - Requirements Validation → it validates Requirement 5.4: considers character stamina and speed… 0.06s  
  ✓ RaceStrategyAgent - Requirements Validation → it validates Requirement 5.5: prioritizes races based on character…  0.14s  
  ✓ RaceStrategyAgent - Requirements Validation → it validates Requirement 5.3: suggests optimal running strategies b… 0.06s  
  ✓ RaceStrategyAgent - Error Handling → it validates race data structure                                              0.06s  
  ✓ RaceStrategyAgent - Error Handling → it validates distance range                                                   0.06s  
  ✓ RaceStrategyAgent - Error Handling → it validates race grade                                                       0.06s  
  ✓ RaceStrategyAgent - Error Handling → it validates surface type                                                     0.13s  
  ✓ RaceStrategyAgent - Error Handling → it validates available skills structure                                       0.06s  
  ✓ RaceStrategyAgent - Error Handling → it validates skill name in available skills                                   0.06s  
  ✓ RaceStrategyAgent - Integration with Service Layer → it formats and parses responses correctly                     0.06s  
  ✓ RaceStrategyAgent - Integration with Service Layer → it generates human-readable summary                           0.06s  
  ✓ RaceStrategyAgent - Integration with Service Layer → it retrieves recommended skills for a race                    0.13s  
  ✓ RaceStrategyAgent - Integration with Service Layer → it handles empty skill list gracefully                        0.06s  
  ✓ RaceStrategyAgent - Response Validation → it validates running style must be valid                                 0.06s  
  ✓ RaceStrategyAgent - Response Validation → it validates at least one skill must be recommended                      0.07s  
  ✓ RaceStrategyAgent - Response Validation → it validates race preparation advice minimum length                      0.07s  
  ✓ RaceStrategyAgent - Response Validation → it validates race preparation advice maximum length                      0.16s  
  ✓ RaceStrategyAgent - Response Validation → it validates skill names must be non-empty strings                       0.08s  
  ✓ RaceStrategyAgent - Response Validation → it validates risk factors must be non-empty strings                      0.06s  
  ✓ RaceStrategyAgent - Response Validation → it passes validation with valid data                                     0.06s  

   PASS  Tests\Feature\Neuron\SkillRecommendationAgentTest
  ✓ SkillRecommendationAgent - Integration with Service Layer → it calculates skill synergies for character            0.16s  
  ✓ SkillRecommendationAgent - Instantiation and Configuration → it can be instantiated with user ID                   0.06s  
  ✓ SkillRecommendationAgent - Instantiation and Configuration → it can be instantiated with user ID and character ID  0.05s  
  ✓ SkillRecommendationAgent - Instantiation and Configuration → it generates unique thread ID for each character      0.06s  
  ✓ SkillRecommendationAgent - Instantiation and Configuration → it has SkillDataTool and CharacterStatsTool register… 0.07s  
  ✓ SkillRecommendationAgent - Requirements Validation → it validates Requirement 6.2: recommends skills that synergi… 0.30s  
  ✓ SkillRecommendationAgent - Error Handling → it handles missing character gracefully through service                0.08s  
  ✓ SkillRecommendationAgent - Context Handling → it receives proper character context through service                 0.07s  
  ✓ SkillRecommendationAgent - Context Handling → it includes character aptitudes in context                           0.09s  
  ✓ SkillRecommendationAgent - Instantiation and Configuration → it has proper system instructions                     0.07s  
  ✓ SkillRecommendationAgent - Instantiation and Configuration → it uses Anthropic provider                            0.14s  
  ✓ SkillRecommendationAgent - Instantiation and Configuration → it generates unique thread ID for each user           0.07s  
  ✓ SkillRecommendationAgent - Context Handling → it includes race preferences in context                              0.06s  
  ✓ SkillRecommendationAgent - Context Handling → it includes currently acquired skills in context                     0.09s  
  ✓ SkillRecommendationAgent - Context Handling → it includes available skills with hint information in context        0.10s  
  ✓ SkillRecommendationAgent - Context Handling → it includes skill evolution information in context                   0.20s  
  ✓ SkillRecommendationAgent - Context Handling → it includes support card deck in context                             0.09s  
  ✓ SkillRecommendationAgent - Context Handling → it includes upcoming races in context when provided                  0.06s  
  ✓ SkillRecommendationAgent - Context Handling → it includes build strategy in context when provided                  0.06s  
  ✓ SkillRecommendationAgent - Structured Response → it returns structured SkillRecommendationResponse when mocked     0.13s  
  ✓ SkillRecommendationAgent - Structured Response → it validates response structure through service                   0.06s  
  ✓ SkillRecommendationAgent - Requirements Validation → it validates Requirement 6.1: analyzes available skills and…  0.06s  
  ✓ SkillRecommendationAgent - Structured Response → it includes skill priorities in response                          0.06s  
  ✓ SkillRecommendationAgent - Structured Response → it includes skill synergies in response                           0.06s  
  ✓ SkillRecommendationAgent - Structured Response → it provides acquisition strategy reasoning                        0.13s  
  ✓ SkillRecommendationAgent - Structured Response → it provides SP budget considerations                              0.06s  
  ✓ SkillRecommendationAgent - Requirements Validation → it validates Requirement 6.3: considers race distance prefer… 0.07s  
  ✓ SkillRecommendationAgent - Requirements Validation → it validates Requirement 6.4: prioritizes skills based on co… 0.06s  
  ✓ SkillRecommendationAgent - Requirements Validation → it validates Requirement 6.5: factors skill hints into recom… 0.06s  
  ✓ SkillRecommendationAgent - Skill Hint Cost Reduction → it calculates correct SP cost with hints                    0.13s  
  ✓ SkillRecommendationAgent - Skill Hint Cost Reduction → it respects maximum 40% discount from hints                 0.06s  
  ✓ SkillRecommendationAgent - Skill Hint Cost Reduction → it prioritizes skills with hints in available skills list   0.06s  
  ✓ SkillRecommendationAgent - Skill Evolution Chains → it identifies skills that can evolve                           0.06s  
  ✓ SkillRecommendationAgent - Skill Evolution Chains → it includes evolution information in context                   0.07s  
  ✓ SkillRecommendationAgent - Skill Evolution Chains → it recommends base skills for evolution chains                 0.13s  
  ✓ SkillRecommendationAgent - Error Handling → it validates skill context structure                                   0.06s  
  ✓ SkillRecommendationAgent - Error Handling → it validates race preferences structure                                0.06s  
  ✓ SkillRecommendationAgent - Error Handling → it validates upcoming races structure                                  0.06s  
  ✓ SkillRecommendationAgent - Error Handling → it validates negative SP values                                        0.06s  
  ✓ SkillRecommendationAgent - Integration with Service Layer → it formats and parses responses correctly              0.06s  
  ✓ SkillRecommendationAgent - Integration with Service Layer → it generates human-readable summary                    0.13s  
  ✓ SkillRecommendationAgent - Integration with Service Layer → it retrieves skill acquisition history                 0.06s  
  ✓ SkillRecommendationAgent - Response Validation → it validates recommended skills structure                         0.06s  
  ✓ SkillRecommendationAgent - Response Validation → it detects missing skill name                                     0.06s  
  ✓ SkillRecommendationAgent - Response Validation → it detects invalid priority value                                 0.06s  
  ✓ SkillRecommendationAgent - Response Validation → it detects acquisition strategy too short                         0.12s  
  ✓ SkillRecommendationAgent - Response Validation → it detects SP budget considerations too short                     0.05s  
  ✓ SkillRecommendationAgent - Response Validation → it validates skill synergies structure                            0.05s  
  ✓ SkillRecommendationAgent - Response Validation → it detects invalid skill synergies structure                      0.07s  
  ✓ SkillRecommendationAgent - Response Validation → it requires at least one recommended skill                        0.08s  
  ✓ SkillRecommendationAgent - Meta Tier and Rarity → it includes meta tier information in available skills            0.17s  
  ✓ SkillRecommendationAgent - Meta Tier and Rarity → it includes meta tier in context                                 0.08s  
  ✓ SkillRecommendationAgent - Unity Cup Scenario → it includes Unity Cup specific context                             0.07s  

   PASS  Tests\Feature\Neuron\StreamingEndpointsTest
  ✓ Training Advisor Streaming Endpoint → it handles character not found with standard JSON format                     0.15s  
  ✓ Training Advisor Streaming Endpoint → it returns proper SSE headers                                                0.05s  
  ✓ Training Advisor Streaming Endpoint → it streams chunks progressively in SSE format                                0.05s  
  ✓ Training Advisor Streaming Endpoint → it handles authentication errors with standard JSON format                   0.05s  
  ✓ Training Advisor Streaming Endpoint → it handles validation errors with standard JSON format                       0.14s  
  ✓ Training Advisor Streaming Endpoint → it handles general exceptions during streaming with fallback error message   0.06s  
  ✓ Race Strategy Streaming Endpoint → it returns proper SSE headers                                                   0.08s  
  ✓ Race Strategy Streaming Endpoint → it streams chunks progressively in SSE format                                   0.07s  
  ✓ Race Strategy Streaming Endpoint → it handles errors with SSE format fallback                                      0.17s  
  ✓ Skill Recommendation Streaming Endpoint → it returns proper SSE headers                                            0.07s  
  ✓ Skill Recommendation Streaming Endpoint → it streams chunks progressively in SSE format                            0.05s  
  ✓ Skill Recommendation Streaming Endpoint → it handles errors with SSE format fallback                               0.06s  
  ✓ SSE Format Validation → it ensures all chunks end with double newline                                              0.14s  
  ✓ SSE Format Validation → it ensures chunks contain valid JSON                                                       0.05s  

   PASS  Tests\Feature\Neuron\TrainingAdvisorAgentTest
  ✓ TrainingAdvisorAgent - Instantiation and Configuration → it can be instantiated with user ID and character ID      0.06s  
  ✓ TrainingAdvisorAgent - Instantiation and Configuration → it generates unique thread ID for each character          0.13s  
  ✓ TrainingAdvisorAgent - Instantiation and Configuration → it has CharacterStatsTool registered                      0.06s  
  ✓ TrainingAdvisorAgent - Context Handling → it receives proper character context through service                     0.08s  
  ✓ TrainingAdvisorAgent - Context Handling → it includes character aptitudes in context                               0.06s  
  ✓ TrainingAdvisorAgent - Instantiation and Configuration → it can be instantiated with user ID                       0.07s  
  ✓ TrainingAdvisorAgent - Instantiation and Configuration → it has proper system instructions                         0.14s  
  ✓ TrainingAdvisorAgent - Instantiation and Configuration → it uses Anthropic provider                                0.07s  
  ✓ TrainingAdvisorAgent - Instantiation and Configuration → it generates unique thread ID for each user               0.09s  
  ✓ TrainingAdvisorAgent - Context Handling → it includes target goals in context                                      0.12s  
  ✓ TrainingAdvisorAgent - Context Handling → it includes recent training history in context                           0.11s  
  ✓ TrainingAdvisorAgent - Context Handling → it includes Unity Cup specific context when applicable                   0.22s  
  ✓ TrainingAdvisorAgent - Structured Response → it returns structured TrainingAdviceResponse when mocked              0.11s  
  ✓ TrainingAdvisorAgent - Structured Response → it validates response structure through service                       0.09s  
  ✓ TrainingAdvisorAgent - Structured Response → it includes expected stat gains in response                           0.09s  
  ✓ TrainingAdvisorAgent - Structured Response → it includes alternative training options in response                  0.08s  
  ✓ TrainingAdvisorAgent - Structured Response → it provides reasoning for recommendations                             0.14s  
  ✓ TrainingAdvisorAgent - Error Handling → it handles missing character gracefully through service                    0.06s  
  ✓ TrainingAdvisorAgent - Requirements Validation → it validates Requirement 4.3: considers character aptitudes       0.07s  
  ✓ TrainingAdvisorAgent - Requirements Validation → it validates Requirement 4.1: analyzes current character stats    0.07s  
  ✓ TrainingAdvisorAgent - Conversation Context Maintenance → it scopes conversation by user and character             0.07s  
  ✓ TrainingAdvisorAgent - Conversation Context Maintenance → it maintains conversation context across multiple turns  0.16s  
  ✓ TrainingAdvisorAgent - Conversation Context Maintenance → it retrieves conversation history through service        0.06s  
  ✓ TrainingAdvisorAgent - Conversation Context Maintenance → it limits conversation history retrieval                 0.07s  
  ✓ TrainingAdvisorAgent - Requirements Validation → it validates Requirement 4.2: recommends optimal training choice… 0.07s  
  ✓ TrainingAdvisorAgent - Requirements Validation → it validates Requirement 4.4: factors in support card bonuses     0.06s  
  ✓ TrainingAdvisorAgent - Requirements Validation → it validates Requirement 4.5: explains reasoning behind recommen… 0.13s  
  ✓ TrainingAdvisorAgent - Requirements Validation → it validates Requirement 4.6: maintains conversation context      0.06s  
  ✓ TrainingAdvisorAgent - Error Handling → it validates training options structure                                    0.06s  
  ✓ TrainingAdvisorAgent - Error Handling → it validates spirit burst gauge range                                      0.05s  
  ✓ TrainingAdvisorAgent - Error Handling → it validates training type in options                                      0.06s  
  ✓ TrainingAdvisorAgent - Integration with Service Layer → it formats and parses responses correctly                  0.06s  
  ✓ TrainingAdvisorAgent - Integration with Service Layer → it generates human-readable summary                        0.13s  

   PASS  Tests\Feature\OCRUIWorkflowTest
  ✓ it shows OCR system status on upload page                                                                          0.10s  
  ✓ it prevents unauthorized access to other users extractions                                                         0.16s  
  ✓ it displays OCR upload page with character selection                                                               0.07s  
  ✓ it shows character stats form for character_stats extraction                                                       1.06s  
  ✓ it displays extraction results page                                                                                1.46s  
  ✓ it shows training session form for training_session extraction                                                     1.41s  
  ✓ it shows race result form for race_result extraction                                                               0.98s  
  ✓ it shows skill list form for skill_list extraction                                                                 1.01s  
  ✓ it displays validation warnings for low confidence extractions                                                     1.06s  
  ✓ it allows importing extracted data                                                                                 0.06s  
  ✓ it allows saving extraction as draft                                                                               0.05s  
  ✓ it displays raw OCR text in collapsible section                                                                    1.11s  
  ✓ it shows screenshot preview on results page                                                                        0.98s  
  ✓ it includes accessibility attributes in forms                                                                      0.99s  

   PASS  Tests\Feature\Neuron\EloquentChatHistoryTest
  ✓ EloquentChatHistory Integration → it persists user messages to the database                                        0.06s  
  ✓ EloquentChatHistory Integration → it persists assistant messages to the database                                   0.05s  
  ✓ EloquentChatHistory Integration → it retrieves messages on subsequent calls                                        0.05s  
  ✓ EloquentChatHistory Integration → it maintains conversation context across multiple interactions                   0.04s  
  ✓ EloquentChatHistory Integration → it scopes messages by thread_id                                                  0.04s  
  ✓ EloquentChatHistory Integration → it handles empty chat history                                                    0.04s  
  ✓ EloquentChatHistory Integration → it persists messages with metadata                                               0.04s  
  ✓ EloquentChatHistory Integration → it maintains message order by creation time                                      2.08s  
  ✓ EloquentChatHistory with Multiple Threads → it handles multiple concurrent threads independently                   0.04s  

   PASS  Tests\Feature\Neuron\McpDemoAgentTest
  ✓ McpDemoAgent → it creates agent instance                                                                           0.05s  
  ✓ McpDemoAgent → it has system instructions                                                                          0.04s  
  ✓ McpDemoAgent → it generates unique thread ID                                                                       0.04s  
  ✓ McpDemoAgent → it configures MCP servers with filtering                                                            0.04s  
  ✓ McpDemoAgent → it gets all tools including MCP tools when enabled                                                  3.39s  
  ✓ McpDemoAgent → it returns only custom tools when MCP is disabled                                                   0.04s  
  ✓ McpDemoAgent → it integrates with McpToolIntegration service                                                       2.76s  
  ✓ McpDemoAgent → it handles MCP connection errors gracefully                                                         0.04s  
  ✓ McpDemoAgent → it validates requirement 17.5: automatic tool discovery                                             2.80s  
  ✓ McpDemoAgent → it validates requirement 17.6: tool filtering with exclude and only                                 2.77s  

   PASS  Tests\Feature\NotificationDropdownTest
  ✓ it renders the notification dropdown component                                                                     0.05s  
  ✓ it shows zero unread count when no notifications exist                                                             0.05s  
  ✓ it toggles the dropdown open and closed                                                                            0.06s  
  ✓ it closes the dropdown                                                                                             0.06s  
  ✓ it shows empty state when no notifications                                                                         0.06s  
  ✓ it displays notifications when they exist                                                                          1.01s  
  ✓ it shows unread count badge                                                                                        1.05s  
  ✓ it marks a notification as read                                                                                    1.01s  
  ✓ it marks all notifications as read                                                                                 0.98s  

   PASS  Tests\Feature\OCRUploadTest
  ✓ it requires authentication to upload screenshots                                                                   0.05s  
  ✓ it validates screenshot file is required                                                                           0.05s  
  ✓ it validates screenshot file type                                                                                  0.05s  
  ✓ it validates screenshot file size                                                                                  0.06s  
  ✓ it validates screenshot dimensions are within limits                                                               0.05s  
  ✓ it validates character_id exists when provided                                                                     0.06s  
  ✓ it validates data_type is valid enum value                                                                         0.06s  
  ✓ it successfully uploads and processes screenshot                                                                   0.66s  
  ✓ it detects duplicate screenshots using image hash                                                                  0.07s  
  ✓ it stores extraction record with correct data                                                                      0.07s  
  ✓ it returns OCR system status                                                                                       0.10s  
  ✓ it status endpoint shows correct configuration                                                                     0.09s  
  ✓ it rejects files with suspicious content                                                                           0.05s  
  ✓ it validates image is actually an image file                                                                       0.05s  
  ✓ it handles OCR processing errors gracefully                                                                        0.06s  
  ✓ it handles image validation errors gracefully                                                                      0.06s  
  ✓ it processes screenshot and extracts stats successfully                                                            0.06s  
  ✓ it cleans up temporary files after processing                                                                      0.68s  

   PASS  Tests\Feature\OCR\DataExtractionServiceTest
  ✓ Character Stats Extraction → it extracts character stats successfully                                              0.05s  
  ✓ Character Stats Extraction → it filters out invalid stat values during extraction                                  0.04s  
  ✓ Character Stats Extraction → it handles partial stat extraction                                                    0.05s  
  ✓ Training Session Extraction → it extracts training session data successfully                                       0.05s  
  ✓ Training Session Extraction → it validates training type correctly                                                 0.05s  
  ✓ Training Session Extraction → it detects Spirit Burst indicator                                                    0.07s  
  ✓ Race Result Extraction → it extracts race result data successfully                                                 0.08s  
  ✓ Race Result Extraction → it categorizes distances correctly                                                        0.04s  
  ✓ Race Result Extraction → it validates race position range                                                          0.05s  
  ✓ Skill List Extraction → it extracts skill list data successfully                                                   0.06s  
  ✓ Skill List Extraction → it validates SP cost range                                                                 0.12s  
  ✓ Batch Extraction → it processes multiple screenshots                                                               0.13s  
  ✓ Error Handling → it handles invalid screen type gracefully                                                         0.08s  
  ✓ Error Handling → it handles empty OCR text                                                                         0.08s  

   PASS  Tests\Feature\OCR\DataIntegrationServiceTest
  ✓ Character Stats Import → it handles character not found                                                            0.09s  
  ✓ Character Stats Import → it handles empty data gracefully                                                          0.06s  
  ✓ Character Stats Import → it imports character stats successfully                                                   0.06s  
  ✓ Training Session Import → it imports training session successfully                                                 0.11s  
  ✓ Training Session Import → it handles career not found                                                              0.10s  
  ✓ Race Result Import → it imports race result successfully                                                           0.09s  
  ✓ Skill List Import → it imports skill list successfully                                                             0.12s  
  ✓ Skill List Import → it updates existing skills                                                                     0.06s  
  ✓ Skill List Import → it skips skills with empty names                                                               0.07s  
  ✓ Batch Import → it processes multiple imports successfully                                                          0.07s  
  ✓ Batch Import → it handles partial failures in batch                                                                0.07s  

   PASS  Tests\Feature\PerformanceTest
  ✓ Performance Tests → Database Query Optimization → it avoids N+1 queries on character list                          0.07s  
  ✓ Performance Tests → Response Time → it character list loads efficiently with many records                          0.17s  
  ✓ Performance Tests → Response Time → it dashboard loads within acceptable time                                      0.08s  
  ✓ Performance Tests → Response Time → it API endpoints respond quickly                                               0.04s  
  ✓ Performance Tests → Database Query Optimization → it avoids N+1 queries on career with relations                   0.11s  
  ✓ Performance Tests → Database Query Optimization → it uses indexes for common queries                               0.11s  
  ✓ Performance Tests → Memory Usage → it handles large datasets without memory issues                                 0.16s  
  ✓ Performance Tests → Memory Usage → it pagination prevents memory overload                                          0.39s  
  ✓ Performance Tests → Concurrent Requests → it handles multiple simultaneous requests                                0.06s  
  ✓ Performance Tests → Report Generation → it career report generates efficiently                                     0.20s  
  ✓ Performance Tests → Report Generation → it comparison report handles multiple careers                              0.43s  
  ✓ Performance Tests → Caching Performance → it cached responses are faster                                           0.08s  
  ✓ Performance Tests → Search Performance → it search queries are efficient                                           0.11s  
  ✓ Performance Tests → Search Performance → it filtered queries are efficient                                         0.14s  
  ✓ Performance Tests → Bulk Operations → it bulk create is efficient                                                  0.41s  
  ✓ Load Testing Scenarios → High Traffic Simulation → it handles burst of requests                                    0.15s  
  ✓ Load Testing Scenarios → Stress Testing → it maintains performance under load                                      0.84s  

   PASS  Tests\Feature\PWAFunctionalityTest
  ✓ PWA Functionality Tests → Service Worker → it service worker file exists and is accessible                         0.07s  
  ✓ PWA Functionality Tests → Service Worker → it service worker has proper cache configuration                        0.05s  
  ✓ PWA Functionality Tests → Service Worker → it service worker caches essential assets                               0.05s  
  ✓ PWA Functionality Tests → Web App Manifest → it manifest file exists                                               0.05s  
  ✓ PWA Functionality Tests → Web App Manifest → it manifest has required PWA fields                                   0.05s  
  ✓ PWA Functionality Tests → Web App Manifest → it manifest has proper icon sizes                                     0.05s  
  ✓ PWA Functionality Tests → Offline Functionality → it offline page exists                                           0.05s  
  ✓ PWA Functionality Tests → Offline Functionality → it offline page has proper content                               0.05s  
  ✓ PWA Functionality Tests → Offline Functionality → it offline page is accessible                                    0.05s  
  ✓ PWA Functionality Tests → App Shell → it main layout loads quickly                                                 0.07s  
  ✓ PWA Functionality Tests → Performance Optimization → it scripts are deferred or async                              0.08s  
  ✓ PWA Functionality Tests → App Shell → it critical CSS is inlined or preloaded                                      0.07s  
  ✓ PWA Functionality Tests → Responsive Design → it viewport meta tag is present                                      0.06s  
  ✓ PWA Functionality Tests → Responsive Design → it uses responsive CSS classes                                       0.07s  
  ✓ PWA Functionality Tests → Performance Optimization → it images are lazy loaded                                     0.07s  
  ✓ PWA Functionality Tests → Cache Headers → it static assets have cache headers                                      0.05s  
  ✓ PWA Functionality Tests → Cache Headers → it API responses have appropriate cache headers                          0.05s  
  ✓ Mobile-First Design Tests → Touch Targets → it buttons have minimum touch target size                              0.07s  
  ✓ Mobile-First Design Tests → Mobile Navigation → it has mobile-friendly navigation                                  0.06s  

   PASS  Tests\Feature\ProfileTest
  ✓ Profile Display → it requires authentication to view profile                                                       0.06s  
  ✓ Profile Update → it updates user name                                                                              0.05s  
  ✓ Profile Update → it updates user email                                                                             0.05s  
  ✓ Profile Update → it validates email format                                                                         0.05s  
  ✓ Profile Update → it validates email uniqueness                                                                     0.05s  
  ✓ Profile Update → it validates name is required                                                                     0.05s  
  ✓ Profile Update API → it updates profile via API                                                                    0.05s  
  ✓ Account Deletion → it deletes user account with correct password and confirmation                                  0.05s  
  ✓ Password Change → it changes password with correct current password                                                0.05s  
  ✓ Password Change → it rejects password change with incorrect current password                                       0.05s  
  ✓ Password Change → it validates password confirmation                                                               0.05s  
  ✓ Avatar Upload → it uploads avatar image                                                                            0.06s  
  ✓ Avatar Upload → it validates avatar file type                                                                      0.06s  
  ✓ Avatar Upload → it validates avatar file size                                                                      0.07s  
  ✓ Avatar Upload → it deletes avatar                                                                                  0.06s  
  ✓ Profile Export → it exports user data                                                                              0.06s  
  ✓ Profile Export → it exports data via API                                                                           0.05s  
  ✓ Profile Display → it shows user statistics                                                                         0.09s  
  ✓ Account Deletion → it requires password confirmation for deletion                                                  0.05s  
  ✓ Account Deletion → it requires DELETE confirmation text                                                            0.05s  
  ✓ Profile Display → it displays user profile page                                                                    0.22s  

   PASS  Tests\Feature\Jobs\SyncExternalDataJobTest
  ✓ SyncExternalDataJob → it can be instantiated with valid data type                                                  0.06s  
  ✓ SyncExternalDataJob → it throws exception for invalid data type                                                    0.04s  
  ✓ SyncExternalDataJob → it generates unique sync ID when not provided                                                0.04s  
  ✓ SyncExternalDataJob → it uses provided sync ID when given                                                          0.04s  
  ✓ SyncExternalDataJob → it assigns correct queue based on data type priority                                         0.05s  
  ✓ SyncExternalDataJob → it initializes progress tracking when job starts                                             0.04s  
  ✓ SyncExternalDataJob → it updates progress during synchronization                                                   0.04s  
  ✓ SyncExternalDataJob → it completes progress tracking with results                                                  0.04s  
  ✓ SyncExternalDataJob → it marks progress as completed when no failures                                              0.04s  
  ✓ SyncExternalDataJob → it can retrieve sync progress by sync ID                                                     0.04s  
  ✓ SyncExternalDataJob → it returns null for non-existent sync ID                                                     0.04s  
  ✓ SyncExternalDataJob → it builds correct cache key for identifier                                                   0.04s  
  ✓ SyncExternalDataJob → it detects conflicts between cached and fresh data                                           0.04s  
  ✓ SyncExternalDataJob → it does not detect conflict when data is identical                                           0.04s  
  ✓ SyncExternalDataJob → it resolves conflict by preferring fresh data by default                                     0.04s  
  ✓ SyncExternalDataJob → it preserves user modifications during conflict resolution                                   0.04s  
  ✓ SyncExternalDataJob → it removes cache metadata for comparison                                                     0.04s  
  ✓ SyncExternalDataJob → it has correct job tags                                                                      0.04s  
  ✓ SyncExternalDataJob → it has correct retry configuration                                                           0.04s  
  ✓ SyncExternalDataJob → it updates progress to failed status on job failure                                          0.04s  
  ✓ SyncExternalDataJob → it supports all defined data types                                                           0.04s  
  ✓ SyncExternalDataJob Integration → it can be dispatched to queue                                                    0.04s  
  ✓ SyncExternalDataJob Integration → it can be dispatched with custom sync ID                                         0.04s  
  ✓ SyncExternalDataJob Integration → it can be dispatched to specific queue                                           0.04s  

   PASS  Tests\Feature\OCR\DataTransformationServiceTest
  ✓ Character Stats Transformation → it transforms character stats correctly                                           0.06s  
  ✓ Character Stats Transformation → it normalizes missing stats to null                                               0.05s  
  ✓ Character Stats Transformation → it prepares character update data                                                 0.04s  
  ✓ Training Session Transformation → it transforms training session correctly                                         0.04s  
  ✓ Training Session Transformation → it prepares training session creation data                                       0.04s  
  ✓ Race Result Transformation → it transforms race result correctly                                                   0.04s  
  ✓ Race Result Transformation → it prepares race creation data                                                        0.04s  
  ✓ Skill List Transformation → it transforms skill list correctly                                                     0.04s  
  ✓ Skill List Transformation → it normalizes skills with missing fields                                               0.04s  

   PASS  Tests\Feature\OCR\DataValidationServiceTest
  ✓ Character Stats Validation → it validates valid character stats                                                    0.05s  
  ✓ Character Stats Validation → it detects invalid stat values                                                        0.04s  
  ✓ Character Stats Validation → it warns about low stats                                                              0.05s  
  ✓ Character Stats Validation → it warns about near-maximum stats                                                     0.04s  
  ✓ Character Stats Validation → it validates energy level range                                                       0.05s  
  ✓ Character Stats Validation → it warns about low energy                                                             0.04s  
  ✓ Character Stats Validation → it validates mood status                                                              0.04s  
  ✓ Character Stats Validation → it validates turn numbers                                                             0.04s  
  ✓ Training Session Validation → it validates valid training session                                                  0.04s  
  ✓ Training Session Validation → it detects invalid training type                                                     0.04s  
  ✓ Training Session Validation → it validates stat gain ranges                                                        0.04s  
  ✓ Training Session Validation → it warns about high stat gains                                                       0.04s  
  ✓ Training Session Validation → it warns about high energy cost                                                      0.04s  
  ✓ Race Result Validation → it validates valid race result                                                            0.04s  
  ✓ Race Result Validation → it validates position range                                                               0.05s  
  ✓ Race Result Validation → it validates race grade                                                                   0.06s  
  ✓ Race Result Validation → it validates distance range                                                               0.05s  
  ✓ Race Result Validation → it validates surface type                                                                 0.04s  
  ✓ Race Result Validation → it validates fans gained                                                                  0.04s  
  ✓ Skill List Validation → it validates valid skill list                                                              0.04s  
  ✓ Skill List Validation → it validates total SP range                                                                0.05s  
  ✓ Skill List Validation → it validates skill SP cost                                                                 0.04s  
  ✓ Skill List Validation → it validates hint level range                                                              0.04s  
  ✓ Skill List Validation → it detects missing skill name                                                              0.04s  
  ✓ Skill List Validation → it warns about skill count mismatch                                                        0.04s  
  ✓ General Validation → it handles unknown screen type                                                                0.04s  

   PASS  Tests\Feature\OCR\IntelligentOCRProcessingTest
  ✓ Intelligent OCR Processing → it processes character stats screenshot with intelligent parsing                      0.09s  
  ✓ Intelligent OCR Processing → it processes training session screenshot correctly                                    0.26s  
  ✓ Intelligent OCR Processing → it processes race result screenshot correctly                                         0.05s  
  ✓ Intelligent OCR Processing → it processes skill list screenshot correctly                                          0.05s  
  ✓ Intelligent OCR Processing → it falls back to basic parsing when screen type cannot be detected                    0.05s  
  ✓ Intelligent OCR Processing → it stores extraction results in database                                              0.06s  
  ✓ Intelligent OCR Processing → it handles duplicate image uploads efficiently                                        0.05s  
  ✓ Intelligent OCR Processing → it validates confidence scores correctly                                              0.05s  

   PASS  Tests\Feature\PerformanceAlertingServiceTest
  ✓ Performance Alerting Service → Alert Creation → it creates alerts with required fields                             0.07s  
  ✓ Performance Alerting Service → Alert Creation → it respects cooldown period for same alert type                    0.05s  
  ✓ Performance Alerting Service → Alert Creation → it allows different alert types during cooldown                    0.04s  
  ✓ Performance Alerting Service → Alert Retrieval → it retrieves all alerts                                           0.05s  
  ✓ Performance Alerting Service → Alert Retrieval → it retrieves unacknowledged alerts only                           0.05s  
  ✓ Performance Alerting Service → Alert Retrieval → it retrieves alerts by severity                                   0.06s  
  ✓ Performance Alerting Service → Alert Acknowledgment → it acknowledges an alert successfully                        0.06s  
  ✓ Performance Alerting Service → Alert Acknowledgment → it returns false for non-existent alert                      0.07s  
  ✓ Performance Alerting Service → Alert Statistics → it returns correct statistics                                    0.15s  
  ✓ Performance Alerting Service → Alert Checking → it checks all alert conditions                                     0.17s  
  ✓ Performance Alerting Service → Alert Clearing → it clears all alerts                                               0.06s  

   PASS  Tests\Feature\PerformanceRegressionServiceTest
  ✓ Performance Regression Service → Baseline Calculation → it returns null when insufficient data points              0.06s  
  ✓ Performance Regression Service → Baseline Calculation → it retrieves baseline from cache if available              0.06s  
  ✓ Performance Regression Service → Regression Detection → it checks for regressions and returns result structure     0.07s  
  ✓ Performance Regression Service → Regression Management → it retrieves all regressions                              0.09s  
  ✓ Performance Regression Service → Regression Management → it retrieves active regressions only                      0.07s  
  ✓ Performance Regression Service → Regression Management → it updates regression status                              0.08s  
  ✓ Performance Regression Service → Regression Management → it returns false when updating non-existent regression    0.12s  
  ✓ Performance Regression Service → Regression Statistics → it returns correct statistics                             0.11s  
  ✓ Performance Regression Service → Report Generation → it generates comprehensive report                             0.10s  
  ✓ Performance Regression Service → Data Clearing → it clears all regression data                                     0.09s  

   PASS  Tests\Feature\QueryOptimizationTest
  ✓ QueryOptimizationService → Query Listening → it starts and stops listening to queries                              0.11s  
  ✓ QueryOptimizationService → Query Listening → it records slow queries when threshold is exceeded                    0.08s  
  ✓ QueryOptimizationService → Query Caching → it caches query results when enabled                                    0.07s  
  ✓ QueryOptimizationService → Query Caching → it bypasses cache when disabled                                         0.06s  
  ✓ QueryOptimizationService → Query Caching → it tracks cache hit and miss statistics                                 0.06s  
  ✓ QueryOptimizationService → Index Recommendations → it generates index recommendations for slow queries             0.07s  
  ✓ QueryOptimizationService → Index Recommendations → it generates SQL statements for recommended indexes             0.07s  
  ✓ QueryOptimizationService → N+1 Query Detection → it detects potential N+1 query issues                             0.06s  
  ✓ QueryOptimizationService → Performance Metrics → it returns comprehensive performance metrics                      0.05s  
  ✓ QueryOptimizationService → Performance Metrics → it clears all collected data                                      0.05s  
  ✓ QueryOptimizationService → Query Normalization → it normalizes queries for grouping                                0.05s  
  ✓ QueryOptimizationService → Table Name Extraction → it extracts table name from SELECT query                        0.04s  
  ✓ QueryOptimizationService → Table Name Extraction → it extracts table name from UPDATE query                        0.05s  
  ✓ QueryOptimizationService → Table Name Extraction → it extracts table name from INSERT query                        0.04s  
  ✓ QueryOptimizationService → Table Name Extraction → it extracts table name from DELETE query                        0.05s  
  ✓ PerformanceController API → Dashboard Endpoint → it returns performance dashboard data                             0.05s  
  ✓ PerformanceController API → Slow Query Log Endpoint → it returns slow query log with pagination                    0.05s  
  ✓ PerformanceController API → Slow Query Log Endpoint → it filters slow queries by minimum time                      0.05s  
  ✓ PerformanceController API → Index Analysis Endpoint → it returns index analysis and recommendations                0.05s  
  ✓ PerformanceController API → Index Analysis Endpoint → it analyzes specific table when requested                    0.05s  
  ✓ PerformanceController API → Query Stats Endpoint → it returns query statistics                                     0.06s  
  ✓ PerformanceController API → Query Stats Endpoint → it limits results when requested                                0.05s  
  ✓ PerformanceController API → Explain Query Endpoint → it explains a SELECT query                                    0.05s  
  ✓ PerformanceController API → Explain Query Endpoint → it rejects non-SELECT queries                                 0.18s  
  ✓ PerformanceController API → Explain Query Endpoint → it validates SQL parameter is required                        0.05s  
  ✓ PerformanceController API → N+1 Detection Endpoint → it returns N+1 query detection results                        0.05s  
  ✓ PerformanceController API → Cache Stats Endpoint → it returns cache statistics                                     0.05s  
  ✓ PerformanceController API → Cache Invalidation Endpoint → it invalidates cache for a specific table                0.05s  
  ✓ PerformanceController API → Cache Invalidation Endpoint → it validates table parameter is required                 0.05s  
  ✓ PerformanceController API → Clear Data Endpoint → it clears all performance data                                   0.05s  
  ✓ PerformanceController API → Authentication → it requires authentication for all endpoints                          0.06s  
  ✓ Configuration → it has valid query optimization configuration                                                      0.04s  
  ✓ Configuration → it has valid slow query thresholds                                                                 0.04s  
  ✓ Configuration → it has valid cache configuration                                                                   0.04s  
  ✓ Configuration → it has valid monitoring configuration                                                              0.04s  

   PASS  Tests\Feature\RacePreparationViewTest
  ✓ race preparation page loads                                                                                        0.10s  
  ✓ race preparation has semantic structure                                                                            0.08s  

   PASS  Tests\Feature\Seeders\FreshSeedingTest
  ✓ Fresh Seeding Integration → it handles evolution relationships after fresh seeding                                 0.10s  
  ✓ Fresh Seeding Integration → it preserves existing skills without fresh mode                                        0.15s  
  ✓ Fresh Seeding Integration → it can perform fresh seeding programmatically                                          0.11s  

   PASS  Tests\Feature\Services\AI\Agents\AgentSystemIntegrationTest
  ✓ it creates orchestration service with all agents                                                                   0.05s  
  ✓ it race agent analyzes race preparation                                                                            0.05s  
  ✓ it orchestration service executes comprehensive analysis                                                           0.06s  
  ✓ it orchestration service executes parallel workflow                                                                0.05s  
  ✓ it orchestration service executes sequential workflow with context sharing                                         0.05s  
  ✓ it training agent provides fallback recommendations when MCP unavailable                                           0.04s  
  ✓ it career agent creates career plan                                                                                0.05s  
  ✓ it skill agent optimizes SP allocation                                                                             0.05s  
  ✓ it creates all agent services successfully                                                                         0.05s  
  ✓ it all agents report correct status                                                                                0.05s  
  ✓ it agents handle Unity Cup scenario correctly                                                                      0.08s  

   PASS  Tests\Feature\Services\DeckOptimizationServiceTest
  ✓ Meta Tier Optimization → it analyzes build compatibility with character priorities                                 0.09s  
  ✓ Deck Composition Analysis → it analyzes empty deck composition                                                     0.05s  
  ✓ Deck Composition Analysis → it analyzes balanced deck composition                                                  0.06s  
  ✓ Deck Composition Analysis → it identifies stat coverage gaps                                                       0.07s  
  ✓ Deck Composition Analysis → it calculates skill provision coverage                                                 0.05s  
  ✓ Deck Synergy Analysis → it analyzes empty deck synergy                                                             0.06s  
  ✓ Deck Synergy Analysis → it identifies synergy pairs in deck                                                        0.09s  
  ✓ Deck Synergy Analysis → it analyzes strategic alignment for focused deck                                           0.11s  
  ✓ Deck Synergy Analysis → it analyzes strategic alignment for balanced deck                                          0.11s  
  ✓ Meta Tier Optimization → it calculates meta score for deck                                                         0.09s  
  ✓ Meta Tier Optimization → it suggests replacements for low-tier cards                                               0.09s  
  ✓ Deck Recommendations → it generates deck recommendations for character                                             0.11s  
  ✓ Meta Tier Optimization → it generates optimization suggestions based on meta score                                 0.09s  
  ✓ Deck Recommendations → it prioritizes stat priorities in recommendations                                           0.25s  
  ✓ Deck Recommendations → it includes friend card in recommendations                                                  0.05s  
  ✓ Deck Recommendations → it estimates performance for recommended deck                                               0.06s  
  ✓ Deck Recommendations → it provides reasoning for recommendations                                                   0.06s  
  ✓ Deck Recommendations → it caches deck recommendations                                                              0.06s  
  ✓ Comprehensive Analysis → it provides comprehensive deck analysis                                                   0.07s  

   PASS  Tests\Feature\RaceViewTest
  ✓ race calendar page loads                                                                                           0.08s  
  ✓ race calendar has semantic structure                                                                               0.09s  

   PASS  Tests\Feature\RealTimeMonitoringTest
  ✓ Real-Time Server Status → it returns real-time server status with health metrics                                   0.06s  
  ✓ Real-Time Server Status → it includes server health trends                                                         0.06s  
  ✓ Real-Time Server Status → it includes alerts for unhealthy servers                                                 0.06s  
  ✓ Agent Progress Tracking → it returns agent workflow progress                                                       0.05s  
  ✓ Agent Progress Tracking → it tracks individual agent progress                                                      0.05s  
  ✓ Agent Progress Tracking → it calculates overall workflow progress correctly                                        0.05s  
  ✓ Tool Execution Monitoring → it returns tool execution data                                                         0.05s  
  ✓ Tool Execution Monitoring → it records tool execution correctly                                                    0.05s  
  ✓ Tool Execution Monitoring → it calculates tool statistics correctly                                                0.05s  
  ✓ Performance Metrics → it returns performance metrics comparing providers and agents                                0.05s  
  ✓ Performance Metrics → it identifies best performing providers                                                      0.05s  
  ✓ Error Handling and Recovery → it handles server disconnection gracefully                                          12.06s  
  ✓ Error Handling and Recovery → it validates server disconnection request                                            0.05s  
  ✓ Error Handling and Recovery → it returns error when server status fetch fails                                      0.06s  
  ✓ Real-Time Updates → it caches server status for performance                                                        0.08s  
  ✓ Real-Time Updates → it refreshes data after cache expiration                                                       0.08s  
  ✓ Authorization → it requires authentication for all endpoints                                                       0.05s  
  ✓ Authorization → it allows authenticated users to access endpoints                                                  0.06s  

   PASS  Tests\Feature\RedisCacheOptimizationTest
  ✓ Health Check → checkHealth returns health status structure                                                         0.06s  
  ✓ Health Check → checkHealth returns unhealthy when Redis not available                                              0.04s  
  ✓ Health Check → isRedisAvailable returns false when extension not loaded                                            0.04s  
  ✓ Memory Usage → getMemoryUsage returns memory statistics structure                                                  0.04s  
  ✓ Memory Usage → getMemoryUsage returns defaults when Redis not available                                            0.05s  
  ✓ Cache Warming → warmCache warms multiple keys successfully                                                         0.04s  
  ✓ Cache Warming → warmCache skips already cached keys                                                                0.04s  
  ✓ Cache Warming → warmCache handles provider failures gracefully                                                     0.05s  
  ✓ Cache Warming → warmCache respects priority ordering                                                               0.05s  
  ✓ Cache Warming → warmCache processes large batches efficiently                                                      0.18s  
  ✓ Cache Invalidation → invalidateByTags returns result structure                                                     0.05s  
  ✓ Cache Invalidation → invalidateWithCascade applies cascade rules                                                   0.05s  
  ✓ Cache Invalidation → invalidateWithCascade handles missing cascade rules                                           0.04s  
  ✓ Hit Rate Statistics → getHitRateStatistics returns statistics structure                                            0.04s  
  ✓ Hit Rate Statistics → recordAccess tracks cache hits and misses                                                    0.04s  
  ✓ Hit Rate Statistics → recordAccess respects sample rate of zero                                                    0.04s  
  ✓ Hit Rate Statistics → recordAccess respects monitoring disabled                                                    0.05s  
  ✓ Cleanup → cleanupStaleEntries returns cleanup statistics structure                                                 0.07s  
  ✓ Optimization Recommendations → getOptimizationRecommendations returns recommendations array                        0.08s  
  ✓ Optimization Recommendations → getOptimizationRecommendations includes connection warning when Redis unavailable   0.07s  
  ✓ Comprehensive Statistics → getComprehensiveStats returns all statistics                                            0.05s  
  ✓ Comprehensive Statistics → getComprehensiveStats config reflects configuration values                              0.06s  
  ✓ Configuration → cache-management config has required keys                                                          0.05s  
  ✓ Configuration → TTL configuration has data type settings                                                           0.05s  
  ✓ Configuration → invalidation configuration has cascade rules                                                       0.05s  
  ✓ Configuration → warming configuration has priority types                                                           0.05s  
  ✓ Configuration → memory configuration has thresholds                                                                0.04s  
  ✓ Tag Management → getTagsForType returns configured tags                                                            0.05s  
  ✓ Tag Management → getTagsForType returns empty array for unknown type                                               0.04s  

   PASS  Tests\Feature\ResponsiveDesignTest
  ✓ Responsive Design Tests → Viewport Configuration → it has proper viewport meta tag                                 0.11s  
  ✓ Responsive Design Tests → Tailwind Responsive Classes → it uses mobile-first responsive classes                    0.22s  
  ✓ Responsive Design Tests → Tailwind Responsive Classes → it has responsive grid layouts                             0.10s  
  ✓ Responsive Design Tests → Tailwind Responsive Classes → it has responsive flex layouts                             0.08s  
  ✓ Responsive Design Tests → Tailwind Responsive Classes → it has responsive spacing                                  0.07s  
  ✓ Responsive Design Tests → Mobile Layout → it navigation is mobile-friendly                                         0.09s  
  ✓ Responsive Design Tests → Mobile Layout → it content stacks on mobile                                              0.09s  
  ✓ Responsive Design Tests → Mobile Layout → it text is readable on mobile                                            0.07s  
  ✓ Responsive Design Tests → Tablet Layout → it uses medium breakpoint classes                                        0.08s  
  ✓ Responsive Design Tests → Desktop Layout → it uses large breakpoint classes                                        0.24s  
  ✓ Responsive Design Tests → Desktop Layout → it has max-width containers                                             0.11s  
  ✓ Responsive Design Tests → Dark Mode Support → it has dark mode classes                                             0.09s  
  ✓ Responsive Design Tests → Dark Mode Support → it has dark mode toggle or system preference                         0.10s  
  ✓ Responsive Design Tests → Form Responsiveness → it forms are responsive                                            0.08s  
  ✓ Responsive Design Tests → Form Responsiveness → it form buttons are accessible on mobile                           0.07s  
  ✓ Responsive Design Tests → Table Responsiveness → it tables are scrollable on mobile                                0.07s  
  ✓ Responsive Design Tests → Image Responsiveness → it images are responsive                                          0.08s  
  ✓ Component Responsive Tests → Card Components → it cards stack on mobile                                            0.08s  
  ✓ Component Responsive Tests → Modal Components → it modals are responsive                                           0.07s  
  ✓ Component Responsive Tests → Navigation Components → it sidebar collapses on mobile                                0.07s  

   PASS  Tests\Feature\SecurityTest
  ✓ Security Tests → Authentication → it requires authentication for protected routes                                  0.06s  
  ✓ Security Tests → Authentication → it allows access with valid token                                                0.05s  
  ✓ Security Tests → Authentication → it rejects invalid tokens                                                        0.06s  
  ✓ Security Tests → Authentication → it prevents brute force login attempts                                           1.13s  
  ✓ Security Tests → Authorization → it prevents access to other users resources                                       0.05s  
  ✓ Security Tests → Authorization → it allows access to own resources                                                 0.05s  
  ✓ Security Tests → Authorization → it prevents unauthorized deletion                                                 0.05s  
  ✓ Security Tests → Authorization → it prevents unauthorized updates                                                  0.05s  
  ✓ Security Tests → XSS Prevention → it escapes HTML in user input                                                    0.16s  
  ✓ Security Tests → XSS Prevention → it escapes HTML in displayed content                                             0.07s  
  ✓ Security Tests → SQL Injection Prevention → it prevents SQL injection in search                                    0.04s  
  ✓ Security Tests → SQL Injection Prevention → it prevents SQL injection in filters                                   0.05s  
  ✓ Security Tests → CSRF Protection → it requires CSRF token for web forms                                            0.05s  
  ✓ Security Tests → CSRF Protection → it has CSRF middleware configured for web routes                                0.05s  
  ✓ Security Tests → Rate Limiting → it rate limits API requests                                                       0.16s  
  ✓ Security Tests → Input Validation → it validates required fields                                                   0.05s  
  ✓ Security Tests → Input Validation → it validates field types                                                       0.05s  
  ✓ Security Tests → Input Validation → it validates field lengths                                                     0.05s  
  ✓ Security Tests → Input Validation → it validates enum values                                                       0.05s  
  ✓ Security Tests → Input Validation → it validates numeric ranges                                                    0.05s  
  ✓ Security Tests → Sensitive Data Protection → it does not expose password hashes                                    0.04s  
  ✓ Security Tests → Sensitive Data Protection → it does not expose internal IDs in errors                             0.05s  
  ✓ Security Tests → Security Headers → it has X-Content-Type-Options header                                           0.05s  
  ✓ Security Tests → Security Headers → it has X-Frame-Options header                                                  0.05s  
  ✓ Security Tests → File Upload Security → it validates file types                                                    0.05s  
  ✓ Security Tests → File Upload Security → it validates file sizes                                                    0.06s  
  ✓ API Security Tests → Mass Assignment Protection → it prevents mass assignment of protected fields                  0.17s  
  ✓ API Security Tests → JSON API Security → it only accepts JSON content type                                         0.04s  

   PASS  Tests\Feature\SelectDropdownComponentTest
  ✓ SelectDropdown Component → it renders with required props                                                          0.07s  
  ✓ SelectDropdown Component → it renders with label                                                                   0.05s  
  ✓ SelectDropdown Component → it renders placeholder option                                                           0.05s  
  ✓ SelectDropdown Component → it renders with selected value                                                          0.04s  
  ✓ SelectDropdown Component → it renders required indicator                                                           0.05s  
  ✓ SelectDropdown Component → it renders error state                                                                  0.04s  
  ✓ SelectDropdown Component → it renders hint text                                                                    0.04s  
  ✓ SelectDropdown Component → it renders disabled state                                                               0.05s  
  ✓ SelectDropdown Component → it renders dropdown icon                                                                0.05s  
  ✓ SelectDropdown Component → it normalizes array options format                                                      0.05s  

   PASS  Tests\Feature\Services\AI\BedrockIntegrationTest
  ✓ Bedrock Integration → Configuration Loading → it loads AWS configuration from config file                          0.11s  
  ✓ Bedrock Integration → Configuration Loading → it loads Bedrock model configuration                                 0.05s  
  ✓ Bedrock Integration → Configuration Loading → it loads model preferences in correct order                          0.05s  
  ✓ Bedrock Integration → Bedrock Configuration Service → it initializes configuration service successfully            0.16s  
  ✓ Bedrock Integration → Bedrock Configuration Service → it validates credentials configuration                       0.04s  
  ✓ Bedrock Integration → Bedrock Configuration Service → it provides comprehensive health status                      0.04s  
  ✓ Bedrock Integration → Bedrock Configuration Service → it calculates costs accurately for different models          0.06s  
  ✓ Bedrock Integration → Bedrock Configuration Service → it filters models by provider correctly                      0.06s  
  ✓ Bedrock Integration → Bedrock Configuration Service → it filters models by cost tier correctly                     0.05s  
  ✓ Bedrock Integration → MCP Integration → it checks AgentCore MCP server availability                                0.05s  
  ✓ Bedrock Integration → MCP Integration → it includes AgentCore status in health check                               0.06s  
  ✓ Bedrock Integration → MCP Integration → it reports issues when AgentCore unavailable                               0.06s  
  ✓ Bedrock Integration → Model Configuration → it provides all configured models                                      0.05s  
  ✓ Bedrock Integration → Model Configuration → it returns correct model IDs for Bedrock API                           0.04s  
  ✓ Bedrock Integration → Model Configuration → it validates model names correctly                                     0.08s  
  ✓ Bedrock Integration → Configuration Summary → it provides comprehensive configuration summary                      0.23s  
  ✓ Bedrock Integration → Configuration Summary → it includes required IAM permissions in summary                      0.07s  
  ✓ Bedrock Integration → Error Handling → it handles missing credentials gracefully                                   0.07s  
  ✓ Bedrock Integration → Error Handling → it handles placeholder credentials gracefully                               0.06s  
  ✓ Bedrock Integration → Error Handling → it handles missing model configuration gracefully                           0.14s  
  ✓ Bedrock Integration → Error Handling → it returns zero cost for invalid model                                      0.05s  

   PASS  Tests\Feature\Services\DeckManagementServiceTest
  ✓ it can add a card to the deck                                                                                      0.07s  
  ✓ it can get the complete deck                                                                                       0.05s  
  ✓ it enforces maximum deck size of 6 cards                                                                           0.14s  
  ✓ it enforces maximum of 5 owned cards                                                                               0.06s  
  ✓ it enforces maximum of 1 friend card                                                                               0.05s  
  ✓ it prevents duplicate position slots                                                                               0.05s  
  ✓ it validates position slot range                                                                                   0.05s  
  ✓ it validates limit break level                                                                                     0.13s  
  ✓ it can remove a card from the deck                                                                                 0.05s  
  ✓ it can swap two cards in the deck                                                                                  0.05s  
  ✓ it can replace a card in the deck                                                                                  0.05s  
  ✓ it can clear the entire deck                                                                                       0.05s  
  ✓ it can get deck statistics                                                                                         0.13s  
  ✓ it can validate a complete deck                                                                                    0.06s  
  ✓ it detects incomplete deck                                                                                         0.05s  
  ✓ it validates deck with friend card                                                                                 0.06s  

   PASS  Tests\Feature\Services\ExternalAPI\CacheManagerServiceTest
  ✓ Cache Warming → it stores warming statistics after warming                                                         0.17s  
  ✓ Cache Warming → it can warm cache with high priority only                                                          0.08s  
  ✓ Cache Warming → it tracks warming duration                                                                         0.08s  
  ✓ Priority-Based Warming → it includes high priority items in medium priority warming                                0.08s  
  ✓ Cache Warming → it skips already cached items                                                                      0.08s  
  ✓ Cache Warming → it creates real data for cache keys                                                                0.15s  
  ✓ Warming Statistics → it returns null when no warming has been performed                                            0.07s  
  ✓ Cache Integration → it integrates with existing cache operations                                                   0.08s  
  ✓ Cache Warming → it can warm cache with medium priority                                                             0.08s  
  ✓ Warming Statistics → it stores and retrieves warming statistics                                                    0.07s  
  ✓ Cache Warming → it returns detailed item status                                                                    0.17s  
  ✓ Priority-Based Warming → it includes all items in low priority warming                                             0.08s  
  ✓ Priority-Based Warming → it warms fewer items with high priority than all                                          0.09s  
  ✓ Warming Statistics → it updates statistics on subsequent warming runs                                              1.09s  
  ✓ Cache Integration → it respects TTL configuration for warmed data                                                  0.10s  
  ✓ Cache Warming → it can warm cache with low priority                                                                0.29s  
  ✓ Cache Warming → it can warm cache with all priorities                                                              0.15s  

   PASS  Tests\Feature\Services\ExternalAPI\CacheManagementAgentTest
  ✓ CacheManagementAgent → it can be instantiated                                                                      0.12s  
  ✓ CacheManagementAgent → it returns correct health status when MCP is enabled                                        0.14s  
  ✓ CacheManagementAgent → it reports unhealthy when MCP is disabled                                                   0.08s  
  ✓ CacheManagementAgent - Eviction Strategies → it can set and get eviction strategy                                  0.20s  
  ✓ CacheManagementAgent - Eviction Strategies → it throws exception for invalid eviction strategy                     0.09s  
  ✓ CacheManagementAgent - Eviction Strategies → it performs LRU eviction correctly                                    1.09s  
  ✓ CacheManagementAgent - Eviction Strategies → it performs LFU eviction correctly                                    0.10s  
  ✓ CacheManagementAgent - Optimization Strategies → it can set and get optimization strategy                          0.07s  
  ✓ CacheManagementAgent - Optimization Strategies → it throws exception for invalid optimization strategy             0.18s  
  ✓ CacheManagementAgent - Optimization Strategies → it optimizes cache with balanced strategy                         0.05s  
  ✓ CacheManagementAgent - Optimization Strategies → it optimizes cache with aggressive strategy                       0.05s  
  ✓ CacheManagementAgent - Optimization Strategies → it optimizes cache with conservative strategy                     0.04s  
  ✓ CacheManagementAgent - Optimization Strategies → it includes all required optimization data                        0.04s  
  ✓ CacheManagementAgent - Predictive Prefetching → it performs predictive prefetch                                    0.13s  
  ✓ CacheManagementAgent - Predictive Prefetching → it performs popular items prefetch                                 0.05s  
  ✓ CacheManagementAgent - Predictive Prefetching → it performs related items prefetch                                 0.04s  
  ✓ CacheManagementAgent - Predictive Prefetching → it skips already cached items during prefetch                      0.05s  
  ✓ CacheManagementAgent - Access Pattern Tracking → it records access patterns correctly                              0.05s  
  ✓ CacheManagementAgent - Access Pattern Tracking → it tracks multiple keys independently                             0.15s  
  ✓ CacheManagementAgent - Access Pattern Tracking → it can reset access patterns                                      0.05s  
  ✓ CacheManagementAgent - Performance Analytics → it returns performance analytics                                    0.06s  
  ✓ CacheManagementAgent - Performance Analytics → it calculates hit and miss rates correctly                          0.06s  
  ✓ CacheManagementAgent - Performance Analytics → it can reset analytics                                              0.04s  
  ✓ CacheManagementAgent - Performance Analytics → it tracks optimization operations in analytics                      0.12s  
  ✓ CacheManagementAgent - Cache Eviction → it performs eviction and returns correct result structure                  0.04s  
  ✓ CacheManagementAgent - Cache Eviction → it evicts items based on TTL strategy                                      0.04s  
  ✓ CacheManagementAgent - Cache Eviction → it evicts items based on FIFO strategy                                     0.04s  
  ✓ CacheManagementAgent - Cache Eviction → it evicts items based on random strategy                                   0.04s  
  ✓ CacheManagementAgent - Cache Eviction → it handles eviction when no items to evict                                 0.12s  
  ✓ CacheManagementAgent - Integration → it integrates with CacheManagerService correctly                              0.04s  
  ✓ CacheManagementAgent - Integration → it provides comprehensive status information                                  0.04s  
  ✓ CacheManagementAgent - Integration → it handles full optimization workflow                                         0.04s  

   PASS  Tests\Feature\Services\ExternalAPI\CacheManagerIntegrationTest
  ✓ CacheManagerService Integration → it integrates with external API service for caching                              0.15s  
  ✓ CacheManagerService Integration → it provides staleness information for offline mode                               0.04s  
  ✓ CacheManagerService Integration → it tracks cache performance metrics                                              0.04s  
  ✓ CacheManagerService Integration → it supports different TTL for different data types                               0.04s  
  ✓ CacheManagerService Integration → it provides comprehensive cache information for monitoring                       0.04s  
  ✓ CacheManagerService Integration → it handles cache invalidation correctly                                          0.12s  
  ✓ CacheManagerService Integration → it supports cache warming scenario                                               0.04s  
  ✓ CacheManagerService Integration → it provides cache size information                                               0.04s  
  ✓ CacheManagerService Integration → it handles concurrent cache operations                                           0.05s  
  ✓ CacheManagerService Integration → it maintains data integrity with complex structures                              0.06s  
  ✓ CacheManagerService - Offline Functionality → it provides data age warnings for offline mode                       0.14s  
  ✓ CacheManagerService - Offline Functionality → it calculates refresh recommendations based on staleness             0.04s  
  ✓ CacheManagerService - Offline Functionality → it maintains cache during simulated API outage                       0.04s  

   PASS  Tests\Feature\Services\MCP\AgentOrchestrationServiceTest
  ✓ career strategy agent analyzes character goals correctly                                                           0.06s  
  ✓ agent orchestration service executes comprehensive analysis                                                        0.13s  
  ✓ resource management agent calculates turn economy correctly                                                        0.04s  
  ✓ performance analytics agent evaluates energy and mood correctly                                                    0.04s  
  ✓ summer camp agent identifies camp periods correctly                                                                0.04s  
  ✓ summer camp agent provides preparation recommendations before camp                                                 0.06s  
  ✓ integrated recommendations prioritize critical situations                                                          0.06s  
  ✓ integrated recommendations prioritize summer camp when active                                                      0.19s  
  ✓ quick recommendation provides fast cached results                                                                  0.05s  
  ✓ consensus score reflects agent agreement                                                                           0.05s  

   PASS  Tests\Feature\Services\MCP\AgentCore\AgentOrchestrationIntegrationTest
  ✓ complete agent lifecycle from creation to termination                                                              0.07s  
  ✓ agent restart functionality                                                                                        0.17s  
  ✓ lifecycle manager provides accurate statistics                                                                     0.12s  
  ✓ multi-agent sequential workflow execution                                                                          0.09s  
  ✓ multi-agent parallel workflow execution                                                                            0.09s  
  ✓ agent communication and collaboration                                                                              0.09s  
  ✓ agent performance tracking and analytics                                                                           0.25s  
  ✓ hierarchical workflow with coordinator and workers                                                                 0.08s  
  ✓ comprehensive career analysis workflow                                                                             0.06s  
  ✓ agent performance comparison                                                                                       0.06s  
  ✓ shared context management in workflows                                                                             0.04s  

   PASS  Tests\Feature\SkillManagementUiTest
  ✓ skill management validates character ownership                                                                     0.14s  
  ✓ skill acquisition applies hint discounts                                                                           0.06s  
  ✓ evolution applies hint discounts to rare skill                                                                     0.09s  
  ✓ skill management page loads successfully                                                                           0.29s  
  ✓ skill management page requires authentication                                                                      0.10s  
  ✓ can fetch all skills with acquisition status                                                                       0.09s  
  ✓ can acquire a skill                                                                                                0.10s  
  ✓ cannot acquire skill with insufficient SP                                                                          0.23s  
  ✓ can get evolution opportunities                                                                                    0.06s  
  ✓ can evolve a skill                                                                                                 0.07s  
  ✓ can get AI recommendations                                                                                         0.06s  
  ✓ can get agent performance metrics                                                                                  1.33s  
  ✓ skill inventory displays acquired and available skills separately                                                  0.05s  
  ✓ skill acquisition tracks hint sources                                                                              0.05s  
  ✓ agent performance tracks multiple agent types                                                                      1.38s  

   PASS  Tests\Feature\Services\ExternalAPI\ConflictDetectionServiceTest
  ✓ ConflictDetectionService → detectConflicts → it returns no conflicts when only one source is provided              0.06s  
  ✓ ConflictDetectionService → detectConflicts → it returns no conflicts when sources have identical data              0.05s  
  ✓ ConflictDetectionService → detectConflicts → it detects field value conflicts between sources                      0.05s  
  ✓ ConflictDetectionService → detectConflicts → it detects conflicts in list data with different values               0.04s  
  ✓ ConflictDetectionService → detectConflicts → it detects missing items between sources                              0.05s  
  ✓ ConflictDetectionService → calculateConfidence → it returns correct confidence for known sources                   0.05s  
  ✓ ConflictDetectionService → calculateConfidence → it returns default confidence for unknown sources                 0.06s  
  ✓ ConflictDetectionService → calculateConfidence → it adjusts confidence based on data freshness                     0.04s  
  ✓ ConflictDetectionService → resolveConflicts → it resolves conflicts using highest confidence strategy              0.05s  
  ✓ ConflictDetectionService → resolveConflicts → it resolves conflicts using priority strategy                        0.04s  
  ✓ ConflictDetectionService → resolveConflicts → it resolves conflicts using newest strategy                          0.04s  
  ✓ ConflictDetectionService → validateAndResolve → it returns data from highest confidence source when no conflicts   0.04s  
  ✓ ConflictDetectionService → validateAndResolve → it resolves conflicts and returns merged data                      0.04s  
  ✓ ConflictDetectionService → getConflictStatistics → it returns empty statistics when no conflicts detected          0.05s  
  ✓ ConflictDetectionService → getConflictStatistics → it tracks conflict statistics after detection                   0.05s  
  ✓ ConflictDetectionService → getConflictHistory → it returns empty history initially                                 0.05s  
  ✓ ConflictDetectionService → getConflictHistory → it stores conflict history after detection                         0.04s  
  ✓ ConflictDetectionService → clearHistory → it clears conflict history                                               0.04s  
  ✓ ConflictDetectionService → getSourceConfidence → it returns correct confidence for each source                     0.04s  
  ✓ ConflictDetectionService → getAllSourceConfidences → it returns all source confidence scores                       0.04s  

   PASS  Tests\Feature\Services\ExternalAPI\DataFetchingAgentTest
  ✓ DataFetchingAgent → it can be instantiated                                                                         0.06s  
  ✓ DataFetchingAgent → it validates resources correctly                                                               6.07s  
  ✓ DataFetchingAgent → it fetches multiple resources successfully                                                     0.04s  
  ✓ DataFetchingAgent → it uses cached data when available                                                             0.04s  
  ✓ DataFetchingAgent → it falls back to stale cache data on API failure                                               3.06s  
  ✓ DataFetchingAgent → it handles API failures gracefully                                                             3.06s  
  ✓ DataFetchingAgent → it processes resources in batches                                                              0.05s  
  ✓ DataFetchingAgent → it caches successful fetch results                                                             0.04s  
  ✓ DataFetchingAgent → it returns correct health status                                                               0.04s  
  ✓ DataFetchingAgent → it reports unhealthy when MCP is disabled                                                      0.04s  
  ✓ DataFetchingAgent → it handles empty resource list                                                                 0.04s  
  ✓ DataFetchingAgent → it handles malformed JSON responses                                                            3.05s  
  ✓ DataFetchingAgent → it includes performance metadata in results                                                    0.04s  
  ✓ DataFetchingAgent → it can get performance metrics                                                                 0.04s  
  ✓ DataFetchingAgent → it can reset performance metrics                                                               0.05s  
  ✓ DataFetchingAgent → it handles mixed success and failure results                                                   3.06s  
  ✓ DataFetchingAgent - Advanced Batch Operations → it fetches resources using priority-based batching                 0.04s  
  ✓ DataFetchingAgent - Advanced Batch Operations → it fetches resources using type-based batching                     0.04s  
  ✓ DataFetchingAgent - Advanced Batch Operations → it fetches resources using source-based batching                   0.04s  
  ✓ DataFetchingAgent - Advanced Batch Operations → it aggregates results by type correctly                            0.04s  
  ✓ DataFetchingAgent - Advanced Batch Operations → it aggregates results by source correctly                          0.04s  
  ✓ DataFetchingAgent - Advanced Batch Operations → it aggregates results by status correctly                          3.20s  
  ✓ DataFetchingAgent - Advanced Batch Operations → it calculates cache hit rate correctly                             0.05s  
  ✓ DataFetchingAgent - Advanced Batch Operations → it handles custom max_parallel option                              0.06s  
  ✓ DataFetchingAgent - Advanced Batch Operations → it includes aggregated data in all batch strategies                0.05s  
  ✓ DataFetchingAgent - Advanced Batch Operations → it identifies most common source and type                          0.05s  
  ✓ DataFetchingAgent - Advanced Batch Operations → it handles priority sorting correctly                              0.05s  
  ✓ DataFetchingAgent - Advanced Batch Operations → it defaults to normal priority when not specified                  0.05s  

   PASS  Tests\Feature\Services\ExternalAPI\DataValidationAgentTest
  ✓ DataValidationAgent → validate → it validates valid character data successfully                                    0.06s  
  ✓ DataValidationAgent → validate → it detects missing required fields                                                0.04s  
  ✓ DataValidationAgent → validate → it detects incorrect field types                                                  0.05s  
  ✓ DataValidationAgent → validate → it detects duplicate entries                                                      0.05s  
  ✓ DataValidationAgent → validate → it validates support card data with rarity enum                                   0.04s  
  ✓ DataValidationAgent → validate → it detects invalid enum values                                                    0.04s  
  ✓ DataValidationAgent → validate → it handles empty data with warning                                                0.05s  
  ✓ DataValidationAgent → validate → it handles non-array data                                                         0.05s  
  ✓ DataValidationAgent → validate → it handles unknown data type with warning                                         0.04s  
  ✓ DataValidationAgent → validateBatch → it validates multiple data sets                                              0.04s  
  ✓ DataValidationAgent → validateBatch → it handles mixed valid and invalid data                                      0.04s  
  ✓ DataValidationAgent → registerSchema → it allows registering custom schemas                                        0.04s  
  ✓ DataValidationAgent → getValidationStatistics → it tracks validation history                                       0.04s  
  ✓ DataValidationAgent → getValidationHistory → it returns validation history                                         0.04s  
  ✓ DataValidationAgent → validation report → it generates comprehensive report                                        0.04s  

   PASS  Tests\Feature\Services\ExternalAPI\PerformanceOptimizationServiceTest
  ✓ Request Batching → it adds requests to batch queue                                                                 0.05s  
  ✓ Request Batching → it groups requests by endpoint and method                                                       0.04s  
  ✓ Request Batching → it creates separate batches for different endpoints                                             0.04s  
  ✓ Request Batching → it executes batch when full                                                                     0.04s  
  ✓ Request Batching → it executes batch manually                                                                      0.04s  
  ✓ Request Batching → it executes all pending batches                                                                 0.04s  
  ✓ Request Batching → it returns batch queue status                                                                   0.04s  
  ✓ Request Batching → it clears batch queue                                                                           0.06s  
  ✓ Parallel Fetching → it fetches multiple URLs in parallel                                                           0.04s  
  ✓ Parallel Fetching → it handles failed requests in parallel fetch                                                   0.04s  
  ✓ Parallel Fetching → it limits parallel requests to maximum                                                         0.06s  
  ✓ Connection Pooling → it returns connection pool status                                                             0.04s  
  ✓ Connection Pooling → it reuses connections from pool                                                               0.04s  
  ✓ Connection Pooling → it clears connection pool                                                                     0.04s  
  ✓ Response Compression → it compresses large responses                                                               0.04s  
  ✓ Response Compression → it skips compression for small responses                                                    0.04s  
  ✓ Response Compression → it decompresses compressed data                                                             0.04s  
  ✓ Response Compression → it throws exception on invalid compressed data                                              0.05s  
  ✓ Performance Statistics → it returns comprehensive statistics                                                       0.04s  

   PASS  Tests\Feature\Services\MCP\MCPIntegrationTest
  ✓ MCP Integration → it loads MCP configuration from config file                                                      0.05s  
  ✓ MCP Integration → it verifies strands-agents server configuration                                                  0.04s  
  ✓ MCP Integration → it verifies agentcore-mcp-server configuration                                                   0.04s  
  ✓ MCP Integration → it performs comprehensive health check on all configured servers                                 0.04s  
  ✓ MCP Integration → it tracks health status across multiple checks                                                   1.05s  
  ✓ MCP Integration → it provides AI services availability status                                                      0.05s  
  ✓ MCP Integration → it handles server health degradation gracefully                                                  0.04s  
  ✓ MCP Integration → it supports multiple concurrent health checks                                                    0.19s  
  ✓ MCP Integration → it caches health check results to reduce overhead                                                0.05s  
  ✓ MCP Integration → it resets health tracking when requested                                                         0.04s  
  ✓ MCP Configuration Management → it respects MCP enabled/disabled setting                                            0.04s  
  ✓ MCP Configuration Management → it provides connection timeout configuration                                        0.04s  
  ✓ MCP Configuration Management → it provides max concurrent calls configuration                                      0.04s  
  ✓ MCP Configuration Management → it handles missing server configuration gracefully                                  0.05s  

   PASS  Tests\Feature\Services\MCP\SkillOptimizationOrchestrationServiceTest
  ✓ skill optimization orchestration service executes comprehensive analysis                                           0.07s  
  ✓ quick optimization recommendation provides fast results                                                            0.06s  
  ✓ integrated strategy includes priority strategy                                                                     0.23s  
  ✓ optimization score is calculated correctly                                                                         0.08s  
  ✓ action plan includes immediate and long-term actions                                                               0.05s  
  ✓ agent statuses are tracked correctly                                                                               0.07s  
  ✓ recommendations are generated for all aspects                                                                      0.06s  
  ✓ summary provides concise overview                                                                                  0.06s  

   PASS  Tests\Feature\Services\TrainingAdvisoryIntegrationTest
  ✓ TrainingAdvisoryService Integration → getTrainingRecommendations with AI available → it uses AI service when avai… 0.05s  
  ✓ TrainingAdvisoryService Integration → getTrainingRecommendations with AI unavailable → it uses rule-based advisor… 0.04s  
  ✓ TrainingAdvisoryService Integration → timeout calculation → it uses complex timeout for late game                  0.04s  
  ✓ TrainingAdvisoryService Integration → getSkillPurchaseAdvice with AI unavailable → it uses rule-based advisor whe… 0.04s  
  ✓ TrainingAdvisoryService Integration → getSkillPurchaseAdvice with AI unavailable → it returns empty collection wh… 0.05s  
  ✓ TrainingAdvisoryService Integration → detectCriticalSituations → it detects energy critical situation              0.05s  
  ✓ TrainingAdvisoryService Integration → detectCriticalSituations → it returns empty collection when no critical sit… 0.06s  
  ✓ TrainingAdvisoryService Integration → detectCriticalSituations → it handles errors gracefully and returns empty c… 0.06s  
  ✓ TrainingAdvisoryService Integration → getTrainingRecommendations with AI available → it falls back to rule-based…  0.08s  
  ✓ TrainingAdvisoryService Integration → timeout calculation → it uses simple timeout for early game                  0.07s  
  ✓ TrainingAdvisoryService Integration → getSkillPurchaseAdvice with AI available → it falls back to rule-based when… 0.07s  
  ✓ TrainingAdvisoryService Integration → detectCriticalSituations → it detects stamina crisis for upcoming race       0.06s  
  ✓ TrainingAdvisoryService Integration → detectCriticalSituations → it detects SP shortage situation                  0.06s  
  ✓ TrainingAdvisoryService Integration → detectCriticalSituations → it detects bond behind schedule situation         0.05s  
  ✓ TrainingAdvisoryService Integration → detectCriticalSituations → it prioritizes alerts by severity (CRITICAL > HI… 0.05s  
  ✓ TrainingAdvisoryService Integration → getSkillPurchaseAdvice with AI available → it uses AI service when availabl… 0.04s  

   PASS  Tests\Feature\Services\SupportCardMetaServiceTest
  ✓ it can get cards grouped by tier                                                                                   0.06s  
  ✓ it can get top cards by type                                                                                       0.06s  
  ✓ it can update meta tier for a card                                                                                 0.05s  
  ✓ it clears cache when updating meta tier                                                                            0.04s  
  ✓ it can get skill provision mapping for a card                                                                      0.04s  
  ✓ it can get all skill provision mappings                                                                            0.04s  
  ✓ it can find cards by skill                                                                                         0.06s  
  ✓ it can get recommended cards for scenario                                                                          0.05s  
  ✓ it can get card synergies                                                                                          0.05s  
  ✓ it can bulk update meta tiers                                                                                      0.05s  
  ✓ it handles bulk update errors gracefully                                                                           0.18s  
  ✓ it can clear meta cache                                                                                            0.04s  

   PASS  Tests\Feature\Services\TrainingAdvisoryPropertyTest
  ✓ TrainingAdvisoryService Properties → Property 1: Storage Mode Consistency → it preserves storage mode in rule-bas… 0.05s  
  ✓ TrainingAdvisoryService Properties → Property 2: Response Time Bounds → it respects timeout configuration based o… 0.04s  
  ✓ TrainingAdvisoryService Properties → Property 9: Critical Alert Generation → it generates SP shortage alerts when… 0.04s  
  ✓ TrainingAdvisoryService Properties → Property 9: Critical Alert Generation → it returns empty collection when no…  0.04s  
  ✓ TrainingAdvisoryService Properties → Property 9: Critical Alert Generation → it handles multiple simultaneous cri… 0.04s  
  ✓ TrainingAdvisoryService Properties → Property 1: Storage Mode Consistency → it preserves account storage mode acr… 0.04s  
  ✓ TrainingAdvisoryService Properties → Property 9: Critical Alert Generation → it generates energy critical alerts…  0.05s  
  ✓ TrainingAdvisoryService Properties → Property 9: Critical Alert Generation → it generates bond behind schedule al… 0.05s  
  ✓ TrainingAdvisoryService Properties → Property 9: Critical Alert Generation → it prioritizes alerts by severity (C… 0.04s  
  ✓ TrainingAdvisoryService Properties → Property 1: Storage Mode Consistency → it preserves local storage mode acros… 0.04s  
  ✓ TrainingAdvisoryService Properties → Property 9: Critical Alert Generation → it generates stamina crisis alerts w… 0.04s  
  ✓ TrainingAdvisoryService Properties → Property 2: Response Time Bounds → it generates rule-based recommendations w… 0.15s  
  ✓ TrainingAdvisoryService Properties → Property 2: Response Time Bounds → it generates AI recommendations within 2…  0.61s  

   PASS  Tests\Feature\Services\TrainingAdvisoryServicePersistenceTest
  ✓ persistCriticalAlerts → it handles empty alert collection                                                          0.05s  
  ✓ dismissCriticalAlert → it returns false for non-existent alert                                                     0.05s  
  ✓ reactivateCriticalAlert → it returns false for non-existent alert                                                  0.05s  
  ✓ persistCriticalAlerts → it skips local mode alerts                                                                 0.05s  
  ✓ persistCriticalAlerts → it avoids duplicate alerts for same career/turn/type                                       0.05s  
  ✓ persistCriticalAlerts → it handles persistence errors gracefully                                                   0.05s  
  ✓ reactivateCriticalAlert → it reactivates a dismissed alert successfully                                            0.05s  
  ✓ getActiveCriticalAlerts → it returns empty collection when no active alerts                                        0.05s  
  ✓ getCriticalAlertsForTurn → it includes both active and dismissed alerts                                            0.05s  
  ✓ getCriticalAlertsForTurn → it returns empty collection when no alerts for turn                                     0.05s  
  ✓ persistCriticalAlerts → it persists account mode alerts to database                                                0.06s  
  ✓ persistCriticalAlerts → it allows same alert type on different turns                                               0.05s  
  ✓ dismissCriticalAlert → it dismisses an alert successfully                                                          0.05s  
  ✓ reactivateCriticalAlert → it can reactivate already active alert                                                   0.05s  
  ✓ getActiveCriticalAlerts → it returns only active alerts                                                            0.05s  
  ✓ getActiveCriticalAlerts → it orders alerts by urgency                                                              0.05s  
  ✓ getCriticalAlertsForTurn → it returns all alerts for specific turn                                                 0.05s  
  ✓ integration with detectCriticalSituations → it can detect and persist alerts in one workflow                       0.05s  
  ✓ dismissCriticalAlert → it can dismiss already dismissed alert                                                      0.05s  
  ✓ getActiveCriticalAlerts → it filters by career ID                                                                  0.05s  

   PASS  Tests\Feature\SkillEvolutionServiceTest
  ✓ Evolution Opportunities → it identifies all evolution opportunities for a character                                0.23s  
  ✓ SP Efficiency Calculations → it accounts for hints on both skills in efficiency calculation                        0.05s  
  ✓ Skill Evolution Process → it applies hint discounts during evolution                                               0.06s  
  ✓ Evolution Capability Checking → it detects when a skill can evolve                                                 0.05s  
  ✓ Evolution Capability Checking → it returns false when skill is not acquired                                        0.05s  
  ✓ Evolution Capability Checking → it returns false when skill has no evolution path                                  0.05s  
  ✓ Evolution Capability Checking → it checks stat requirements for evolution                                          0.05s  
  ✓ Skill Evolution Process → it successfully evolves a Normal skill to Rare                                           0.05s  
  ✓ Skill Evolution Process → it fails evolution when prerequisites are not met                                        0.06s  
  ✓ Skill Evolution Process → it records evolution context in acquisition metadata                                     0.06s  
  ✓ SP Efficiency Calculations → it calculates evolution path vs direct acquisition costs                              0.10s  
  ✓ SP Efficiency Calculations → it recommends evolution when it saves SP                                              0.08s  
  ✓ Evolution Opportunities → it prioritizes ready-to-evolve skills higher                                             0.06s  
  ✓ Evolution Chain Tracking → it retrieves complete evolution chain for a Normal skill                                0.05s  
  ✓ Evolution Chain Tracking → it retrieves evolution chain for a Rare skill                                           0.05s  
  ✓ Evolution Timing Planning → it plans optimal evolution timing for target skills                                    0.06s  
  ✓ Evolution Timing Planning → it identifies delayed timing when prerequisites are not met                            0.05s  
  ✓ Evolution Timing Planning → it sorts immediate opportunities before delayed ones                                   0.06s  
  ✓ Evolution Roadmap → it generates comprehensive evolution roadmap                                                   0.09s  
  ✓ Evolution Roadmap → it separates ready and pending evolution opportunities                                         0.09s  
  ✓ Evolution Roadmap → it calculates total potential SP savings                                                       0.06s  
  ✓ Evolution Roadmap → it provides actionable recommendations                                                         0.06s  
  ✓ Prerequisite Checking → it validates stat requirements for evolution                                               0.05s  
  ✓ Prerequisite Checking → it fails when stat requirements are not met                                                0.06s  
  ✓ Prerequisite Checking → it checks prerequisite skills when specified                                               0.09s  

   PASS  Tests\Feature\SkeletonCardComponentTest
  ✓ SkeletonCard Component → it renders all elements together                                                          0.11s  
  ✓ SkeletonCard Component → it renders with default props                                                             0.07s  
  ✓ SkeletonCard Component → it renders default 3 text lines                                                           0.06s  
  ✓ SkeletonCard Component → it renders custom number of lines                                                         0.06s  
  ✓ SkeletonCard Component → it renders image placeholder when showImage is true                                       0.18s  
  ✓ SkeletonCard Component → it does not render image placeholder by default                                           0.05s  
  ✓ SkeletonCard Component → it renders avatar placeholder when showAvatar is true                                     0.04s  
  ✓ SkeletonCard Component → it does not render avatar placeholder by default                                          0.05s  
  ✓ SkeletonCard Component → it renders action buttons when showActions is true                                        0.05s  
  ✓ SkeletonCard Component → it does not render action buttons by default                                              0.05s  
  ✓ SkeletonCard Component → it has varying line widths                                                                0.05s  
  ✓ SkeletonCard Component → it merges additional attributes                                                           0.05s  
  ✓ SkeletonCard Component → it supports dark mode styling                                                             0.04s  

   PASS  Tests\Feature\SkillHintServiceTest
  ✓ Hint Creation → it creates a skill hint with correct discount                                                      0.06s  
  ✓ Cost Calculations → it calculates SP saved with hints                                                              0.05s  
  ✓ Hint Creation → it calculates 10% discount for first hint                                                          0.05s  
  ✓ Hint Creation → it calculates 20% discount for second hint                                                         0.05s  
  ✓ Hint Creation → it calculates 30% discount for third hint                                                          0.05s  
  ✓ Cost Calculations → it calculates final cost with one hint (10% discount)                                          0.05s  
  ✓ Cost Calculations → it calculates final cost with two hints (20% discount)                                         0.05s  
  ✓ Cost Calculations → it calculates final cost with three hints (30% discount)                                       0.05s  
  ✓ Cost Calculations → it calculates final cost with four hints (35% discount)                                        0.05s  
  ✓ Hint Creation → it calculates 35% discount for fourth hint                                                         0.05s  
  ✓ Hint Creation → it caps discount at 40% for fifth hint (maximum)                                                   0.05s  
  ✓ Hint Creation → it does not exceed 40% discount for sixth hint                                                     0.05s  
  ✓ Hint Retrieval → it gets all hints for a skill                                                                     0.05s  
  ✓ Hint Retrieval → it gets only unused hints                                                                         0.16s  
  ✓ Cost Calculations → it calculates final cost with no hints                                                         0.04s  
  ✓ Cost Calculations → it calculates final cost with five hints (40% discount maximum)                                0.05s  
  ✓ Hint Statistics → it returns comprehensive hint statistics                                                         0.05s  
  ✓ Hint Sources → it tracks hints from training                                                                       0.05s  
  ✓ Hint Sources → it tracks hints from support cards                                                                  0.05s  
  ✓ Hint Sources → it tracks hints from events                                                                         0.05s  

   PASS  Tests\Feature\Services\RuleBasedAdvisorIntegrationTest
  ✓ RuleBasedAdvisor Integration → Complete Training Workflow → it provides recommendations throughout a complete tra… 0.05s  
  ✓ RuleBasedAdvisor Integration → Complete Training Workflow → it adapts recommendations based on changing character… 0.04s  
  ✓ RuleBasedAdvisor Integration → Complete Skill Purchase Workflow → it prioritizes skills correctly throughout care… 0.04s  
  ✓ RuleBasedAdvisor Integration → Complete Race Strategy Workflow → it generates strategies for different race scena… 0.05s  
  ✓ RuleBasedAdvisor Integration → Complete Race Strategy Workflow → it provides consistent strategy structure across… 0.06s  
  ✓ RuleBasedAdvisor Integration → Offline Fallback Behavior → it works without any external dependencies              0.05s  
  ✓ RuleBasedAdvisor Integration → Offline Fallback Behavior → it provides deterministic recommendations               0.04s  
  ✓ RuleBasedAdvisor Integration → Offline Fallback Behavior → it handles edge cases gracefully                        0.05s  
  ✓ RuleBasedAdvisor Integration → Storage Mode Consistency → it preserves storage mode across all recommendation typ… 0.04s  
  ✓ RuleBasedAdvisor Integration → Performance → it generates recommendations quickly                                  0.04s  
  ✓ RuleBasedAdvisor Integration → Performance → it handles multiple recommendations efficiently                       0.04s  

   PASS  Tests\Feature\SkillAnalysisServiceTest
  ✓ Skill Synergy Analysis → it analyzes synergies between skills                                                      0.18s  
  ✓ Skill Synergy Analysis → it identifies skills with high synergy count                                              0.05s  
  ✓ Skill Synergy Analysis → it calculates synergy strength correctly                                                  0.05s  
  ✓ Skill Acquisition Recommendations → it recommends optimal skill acquisition order                                  0.05s  
  ✓ Skill Acquisition Recommendations → it respects SP budget when recommending skills                                 0.05s  
  ✓ Skill Acquisition Recommendations → it prioritizes high-value skills                                               0.05s  
  ✓ Skill Build Analysis → it analyzes complete skill build                                                            0.05s  
  ✓ Skill Build Analysis → it calculates type distribution                                                             0.06s  
  ✓ Skill Build Analysis → it calculates tier distribution                                                             0.06s  
  ✓ Skill Filtering → it filters skills by type using collection                                                       0.05s  
  ✓ Skill Filtering → it filters skills by tier using collection                                                       0.05s  
  ✓ Skill Filtering → it filters skills by cost range using collection                                                 0.15s  

   PASS  Tests\Feature\SkillManagementTest
  ✓ Skill Model → it can calculate final cost with hints                                                               0.11s  
  ✓ Skill Model → it can get discount percentage                                                                       0.12s  
  ✓ Skill Model → it can calculate SP saved                                                                            0.12s  
  ✓ Skill Model → it can check if skill can evolve                                                                     0.21s  
  ✓ Skill Model → it can check if skill is evolved                                                                     0.10s  
  ✓ Skill Model → it can get evolution chain                                                                           0.10s  
  ✓ Skill Categorization → it can filter skills by type                                                                0.12s  
  ✓ Skill Categorization → it can filter skills by rarity                                                              0.26s  
  ✓ Skill Categorization → it can filter skills by meta tier                                                           0.14s  
  ✓ Skill SP Costs → it normal skills have reasonable SP costs                                                         0.15s  
  ✓ Skill SP Costs → it rare skills have higher SP costs than normal skills on average                                 0.18s  
  ✓ Skill SP Costs → it rare skills have reasonable SP costs                                                           0.31s  
  ✓ Skill Evolution → it evolution relationships are properly set up                                                   0.16s  
  ✓ Skill Evolution → it can access evolution target relationship                                                      0.15s  
  ✓ Skill Evolution → it can access evolution source relationship                                                      0.10s  

   PASS  Tests\Feature\TrainingCalculationTest
  ✓ verified formula produces consistent results                                                                       0.15s  
  ✓ per-training cap applies correctly                                                                                 0.05s  
  ✓ scenario-specific mechanics are calculated                                                                         0.05s  
  ✓ calculates speed training gains correctly                                                                          0.05s  

   PASS  Tests\Feature\SkillModalTest
  ✓ it displays skill details modal with properly formatted effects                                                    0.25s  
  ✓ it handles skill effects as both object and string                                                                 0.09s  

   PASS  Tests\Feature\SpinnerComponentTest
  ✓ Spinner Component → it renders with default props                                                                  0.05s  
  ✓ Spinner Component → it renders xs size                                                                             0.04s  
  ✓ Spinner Component → it renders sm size                                                                             0.13s  
  ✓ Spinner Component → it renders md size (default)                                                                   0.04s  
  ✓ Spinner Component → it renders lg size                                                                             0.05s  
  ✓ Spinner Component → it renders xl size                                                                             0.04s  
  ✓ Spinner Component → it renders primary color (default)                                                             0.04s  
  ✓ Spinner Component → it renders gray color                                                                          0.13s  
  ✓ Spinner Component → it renders white color                                                                         0.04s  
  ✓ Spinner Component → it renders custom aria-label                                                                   0.05s  
  ✓ Spinner Component → it has reduced motion support                                                                  0.04s  
  ✓ Spinner Component → it has screen reader text                                                                      0.04s  
  ✓ Spinner Component → it merges additional attributes                                                                0.13s  

   PASS  Tests\Feature\SupportDeckTest
  ✓ Deck Saving → it saves deck configuration for character                                                            0.07s  
  ✓ Deck Recommendations → it returns card recommendations based on character needs                                    0.06s  
  ✓ Deck Validation → it validates deck with exactly 6 cards                                                           0.06s  
  ✓ Deck Validation → it rejects deck with less than 6 cards                                                           0.14s  
  ✓ Deck Validation → it rejects deck with more than 1 friend card                                                     0.05s  
  ✓ Deck Validation → it rejects deck with duplicate owned cards                                                       0.06s  
  ✓ Deck Validation → it warns about low specialization diversity                                                      0.07s  
  ✓ Deck Saving → it replaces existing deck when saving new one                                                        0.07s  
  ✓ Deck Saving → it returns false for invalid deck                                                                    0.05s  
  ✓ Deck Tier Calculation → it calculates deck tier based on card quality                                              0.15s  
  ✓ Deck Tier Calculation → it returns Unranked for empty deck                                                         0.06s  
  ✓ Deck Tier Calculation → it calculates lower tier for lower quality cards                                           0.07s  
  ✓ Deck Recommendations → it filters recommendations by focus stat                                                    0.06s  

   PASS  Tests\Feature\TopBarComposerTest
  ✓ it returns empty results for short queries                                                                         0.14s  
  ✓ it returns search results for characters                                                                           0.05s  
  ✓ it allows selecting a character via session                                                                        0.05s  
  ✓ it provides topStatus on non-dashboard pages                                                                       0.16s  
  ✓ it provides empty data when user has no characters                                                                 0.07s  
  ✓ it provides topStatus data to dashboard when user has characters                                                   1.57s  
  ✓ it wires critical alert count to header badge                                                                      1.49s  
  ✓ it shows real character names in run selector                                                                      1.30s  
  ✓ it uses session-selected character for topStatus                                                                   1.38s  

   PASS  Tests\Feature\TrainingPredictionTest
  ✓ Training Recommendation → it returns recommended training based on character goals                                 0.05s  
  ✓ Training Predictions Without Support Deck → it returns base predictions when no support deck is active             0.05s  
  ✓ Training Predictions Without Support Deck → it returns prediction for specific facility without support deck       0.05s  
  ✓ Training Predictions Without Support Deck → it returns zero support bonus without deck                             0.05s  
  ✓ Training Predictions With Support Deck → it returns predictions with support deck flag                             0.06s  
  ✓ Training Predictions With Support Deck → it returns prediction for specific facility with deck                     0.06s  
  ✓ Training Recommendation → it recommends based on lowest stat when no goals set                                     0.05s  
  ✓ Training Recommendation → it recommends based on stat gaps when goals are set                                      0.05s  
  ✓ Training Recommendation → it returns all goals met message when targets achieved                                   0.05s  
  ✓ Base Gains Calculation → it calculates correct base gains for each facility                                        0.05s  
  ✓ Base Gains Calculation → it applies growth rate multiplier to primary stat                                         0.05s  

   PASS  Tests\Feature\TrainingPredictionUiTest
  ✓ training predictions show page returns 404 for non-existent character                                              0.07s  
  ✓ training predictions index with invalid character id shows empty state                                             0.08s  
  ✓ training predictions page is accessible via keyboard navigation                                                    0.08s  
  ✓ training predictions index without character shows empty state                                                     0.09s  
  ✓ training predictions index displays character selection                                                            0.08s  
  ✓ training predictions index with selected character displays character info                                         0.09s  
  ✓ training predictions show page displays character details                                                          0.09s  
  ✓ training predictions show page includes back button                                                                0.09s  
  ✓ training predictions index displays character list ordered by name                                                 0.08s  
  ✓ training predictions show page loads character with relationships                                                  0.08s  
  ✓ training predictions show page loads successfully                                                                  0.09s  
  ✓ training predictions index with unity cup character displays correct scenario                                      0.09s  
  ✓ training predictions index page loads successfully                                                                 0.24s  
  ✓ training predictions index displays training predictions app container                                             0.08s  
  ✓ training predictions show page displays stat values                                                                0.08s  
  ✓ training predictions show page displays mood status                                                                0.08s  
  ✓ training predictions show page displays scenario type                                                              0.10s  
  ✓ training predictions show page displays support card count                                                         0.09s  
  ✓ training predictions show page includes JavaScript module                                                          0.08s  
  ✓ training predictions show page displays energy level                                                               0.09s  
  ✓ training predictions index displays all training types                                                             0.09s  
  ✓ training predictions controller returns correct training types                                                     0.08s  
  ✓ training predictions index includes CSRF token for API calls                                                       0.09s  
  ✓ training predictions index includes API URL in data attributes                                                     0.08s  
  ✓ training predictions show page displays loading state initially                                                    0.08s  

   PASS  Tests\Feature\TrainingShowViewTest
  ✓ it renders training detail view with character metadata                                                            0.10s  

   PASS  Tests\Feature\VisualizationComponentsTest
  ✓ Stat Progression Chart Component → it handles empty data gracefully                                                0.20s  
  ✓ Performance Dashboard Component → it renders the performance dashboard with metrics                                0.19s  
  ✓ Performance Dashboard Component → it displays trend indicator when provided                                        0.20s  
  ✓ Component Accessibility → it stat progression chart has proper ARIA attributes                                     0.19s  
  ✓ Comparison Table Component → it supports sortable columns                                                          0.19s  
  ✓ Stat Progression Chart Component → it renders the stat progression chart component                                 0.19s  
  ✓ Stat Progression Chart Component → it includes accessible data table for screen readers                            0.19s  
  ✓ Performance Dashboard Component → it shows scenario breakdown when available                                       0.23s  
  ✓ Performance Dashboard Component → it handles missing metrics gracefully                                            0.20s  
  ✓ Metric Card Component → it renders metric card with value and label                                                0.19s  
  ✓ Metric Card Component → it applies correct color based on color prop                                               0.19s  
  ✓ Metric Card Component → it shows trend indicator when provided                                                     0.19s  
  ✓ Metric Card Component → it supports compact mode                                                                   0.20s  
  ✓ Comparison Table Component → it renders comparison table with career data                                          0.20s  
  ✓ Comparison Table Component → it includes search and filter controls when filterable                                0.19s  
  ✓ Comparison Table Component → it shows summary statistics                                                           0.19s  
  ✓ Comparison Table Component → it handles empty careers array                                                        0.22s  
  ✓ Trend Analysis Chart Component → it renders trend analysis chart with data                                         0.27s  
  ✓ Trend Analysis Chart Component → it displays statistics summary                                                    0.33s  
  ✓ Trend Analysis Chart Component → it shows confidence interval toggle when enabled                                  0.40s  
  ✓ Dark Mode Support → it stat progression chart supports dark mode                                                   0.64s  
  ✓ Stat Progression Chart Component → it shows career phase markers when enabled                                      0.28s  
  ✓ Trend Analysis Chart Component → it shows prediction toggle when enabled                                           0.25s  
  ✓ Trend Analysis Chart Component → it includes accessible data table                                                 0.35s  
  ✓ Trend Analysis Chart Component → it handles insufficient data gracefully                                           0.37s  
  ✓ Trend Analysis Chart Component → it displays insights panel when insights are available                            0.28s  
  ✓ Component Accessibility → it comparison table has proper table semantics                                           0.36s  
  ✓ Component Accessibility → it metric card has proper group role                                                     0.33s  
  ✓ Component Accessibility → it trend chart has proper figure role                                                    0.35s  
  ✓ Component Responsiveness → it performance dashboard uses responsive grid                                           0.33s  
  ✓ Component Responsiveness → it comparison table is horizontally scrollable                                          0.36s  
  ✓ Dark Mode Support → it performance dashboard supports dark mode                                                    0.45s  
  ✓ Dark Mode Support → it comparison table supports dark mode                                                         0.28s  

   PASS  Tests\Feature\TopBarDataTest
  ✓ it shares topStatus with SP and storage mode on dashboard                                                          1.68s  
  ✓ it displays SP value in the rendered HTML                                                                          1.62s  

   PASS  Tests\Feature\TopBarSPAndStorageModeTest
  ✓ it API endpoint returns character status for fast switching                                                        0.05s  
  ✓ it displays Account storage mode badge in top bar                                                                  1.32s  
  ✓ it shows SP as 0 when character has no SP                                                                          1.38s  
  ✓ it displays correct SP value in top bar                                                                            1.40s  
  ✓ it provides topStatus data to Alpine store                                                                         1.38s  
  ✓ it displays topStatus on all authenticated pages                                                                   1.28s  

   PASS  Tests\Feature\TrainingDetailViewTest
  ✓ training detail has semantic structure                                                                             0.08s  
  ✓ training detail page loads                                                                                         0.08s  

   PASS  Tests\Feature\TrainingLoopTest
  ✓ Training Loop Workflow → full training turn execution                                                              0.05s  

   PASS  Tests\Feature\UserWorkflowTest
  ✓ Complete User Workflows → Race Entry and Result Workflow → it completes race entry and records result              0.06s  
  ✓ Complete User Workflows → Training Session Workflow → it completes training session and tracks progress            0.20s  
  ✓ Complete User Workflows → Skill Acquisition Workflow → it completes skill hint to acquisition workflow             0.06s  
  ✓ Complete User Workflows → Deck Optimization Workflow → it analyzes and optimizes support deck                      0.07s  
  ✓ Complete User Workflows → Character Creation and Setup Workflow → it completes full character creation workflow    0.12s  
  ✓ Complete User Workflows → Career Completion Workflow → it completes full career and generates report               0.20s  
  ✓ Complete User Workflows → Multi-Career Comparison Workflow → it compares multiple careers and identifies patterns  0.39s  

   PASS  Tests\Feature\SupportCardViewTest
  ✓ support cards page loads                                                                                           0.07s  
  ✓ support cards has semantic structure                                                                               0.07s  

   PASS  Tests\Feature\TextInputComponentTest
  ✓ TextInput Component → it renders with required name prop                                                           0.05s  
  ✓ TextInput Component → it renders with label                                                                        0.05s  
  ✓ TextInput Component → it renders required indicator                                                                0.04s  
  ✓ TextInput Component → it renders with custom type                                                                  0.04s  
  ✓ TextInput Component → it renders email type                                                                        0.05s  
  ✓ TextInput Component → it renders with placeholder                                                                  0.04s  
  ✓ TextInput Component → it renders with value                                                                        0.04s  
  ✓ TextInput Component → it renders error state                                                                       0.05s  
  ✓ TextInput Component → it renders hint text                                                                         0.04s  
  ✓ TextInput Component → it hides hint when error is shown                                                            0.05s  
  ✓ TextInput Component → it renders disabled state                                                                    0.05s  
  ✓ TextInput Component → it renders readonly state                                                                    0.06s  
  ✓ TextInput Component → it connects label to input with for attribute                                                0.05s  
  ✓ TextInput Component → it connects error to input with aria-describedby                                             0.04s  

   PASS  Tests\Feature\ToggleComponentTest
  ✓ Toggle Component → it renders with required props                                                                  0.06s  
  ✓ Toggle Component → it renders checked state                                                                        0.05s  
  ✓ Toggle Component → it renders unchecked state                                                                      0.05s  
  ✓ Toggle Component → it renders hint text                                                                            0.04s  
  ✓ Toggle Component → it renders error state                                                                          0.04s  
  ✓ Toggle Component → it renders disabled state                                                                       0.04s  
  ✓ Toggle Component → it renders small size                                                                           0.04s  
  ✓ Toggle Component → it renders medium size (default)                                                                0.13s  
  ✓ Toggle Component → it renders large size                                                                           0.12s  
  ✓ Toggle Component → it includes hidden input for form submission                                                    0.08s  
  ✓ Toggle Component → it has screen reader text                                                                       0.05s  

   PASS  Tests\Feature\WizardLayoutComponentTest
  ✓ WizardLayout Component → it renders with required props                                                            0.05s  
  ✓ WizardLayout Component → it renders progress percentage correctly                                                  0.05s  
  ✓ WizardLayout Component → it renders with title prop                                                                0.05s  
  ✓ WizardLayout Component → it renders header slot                                                                    0.06s  
  ✓ WizardLayout Component → it renders footer slot                                                                    0.05s  
  ✓ WizardLayout Component → it marks completed steps with checkmark                                                   0.06s  
  ✓ WizardLayout Component → it shows current step indicator                                                           0.06s  
  ✓ WizardLayout Component → it renders with aria attributes for accessibility                                         0.05s  

   PASS  Tests\Integration\Advisory\RecommendationPerformanceTest
  ✓ Recommendation Performance → it meets rule-based performance target (<500ms)                                       0.05s  
  ✓ Recommendation Performance → it meets cache hit performance target (<50ms)                                         0.05s  
  ✓ Recommendation Performance → it caches recommendations correctly                                                   0.05s  
  ✓ Recommendation Performance → it invalidates cache when character state changes                                     0.06s  
  ✓ Recommendation Performance → it handles similar contexts efficiently with cache rounding                           0.06s  

   PASS  Tests\Integration\ExternalAPI\CachePerformanceTest
  ✓ Cache Performance → Cache Size Performance → it handles cache growth without performance degradation               0.07s  
  ✓ Cache Performance → Cache Hit Rate Performance → it achieves high cache hit rate with repeated access              0.07s  
  ✓ Cache Performance → Cache Hit Rate Performance → it maintains acceptable hit rate with mixed access patterns       0.06s  
  ✓ Cache Performance → Cache Hit Rate Performance → it tracks hit rate accurately over time                           0.06s  
  ✓ Cache Performance → Cache Size Performance → it handles large cache sizes efficiently                              0.06s  
  ✓ Cache Performance → Cache Size Performance → it retrieves cached keys list efficiently                             0.05s  
  ✓ Cache Performance → Cache Invalidation Performance → it invalidates cache by pattern efficiently                   0.05s  
  ✓ Cache Performance → Cache Invalidation Performance → it invalidates cache by type quickly                          0.04s  
  ✓ Cache Performance → Cache Invalidation Performance → it invalidates specific keys efficiently                      0.05s  
  ✓ Cache Performance → Cache Invalidation Performance → it handles cache flush efficiently                            0.04s  
  ✓ Cache Performance → Cache Metadata Performance → it stores and retrieves metadata efficiently                      0.05s  
  ✓ Cache Performance → Cache Metadata Performance → it calculates TTL efficiently for different data types            0.04s  
  ✓ Cache Performance → Warming Statistics Performance → it retrieves warming statistics quickly                       0.04s  
  ✓ Cache Performance → Cache Metadata Performance → it retrieves TTL configuration quickly                            0.05s  
  ✓ Cache Performance → Warming Statistics Performance → it stores warming statistics efficiently                      0.04s  
  ✓ Cache Performance → Cache Staleness Performance → it checks cache staleness efficiently                            0.04s  
  ✓ Cache Performance → Cache Staleness Performance → it invalidates stale cache efficiently                           0.23s  
  ✓ Cache Performance → Game Version Performance → it sets game version efficiently                                    0.04s  
  ✓ Cache Performance → Game Version Performance → it detects version changes quickly                                  0.05s  
  ✓ Cache Performance → Game Version Performance → it retrieves version history efficiently                            0.04s  
  ✓ Cache Performance → Overall Cache Performance → it maintains consistent performance across operations              0.04s  
  ✓ Cache Performance → Overall Cache Performance → it handles complex operations efficiently                          0.04s  

   PASS  Tests\Integration\ExternalAPI\CacheWarmingIntegrationTest
  ✓ Cache Warming Integration → Cache Warming Idempotency → it handles partial cache state                             0.07s  
  ✓ Cache Warming Integration → Cache Warming Operations → it warms cache with high priority only                      0.05s  
  ✓ Cache Warming Integration → Cache Warming Operations → it tracks warming duration                                  0.04s  
  ✓ Cache Warming Integration → Cache Warming Data Types → it warms top characters data                                0.05s  
  ✓ Cache Warming Integration → Cache Warming Data Types → it warms top support cards data                             0.05s  
  ✓ Cache Warming Integration → Cache Warming Operations → it warms cache with all priority levels                     0.05s  
  ✓ Cache Warming Integration → Cache Warming Operations → it warms cache with medium priority                         0.04s  
  ✓ Cache Warming Integration → Cache Warming Idempotency → it skips already cached items on subsequent warming        0.04s  
  ✓ Cache Warming Integration → Cache Warming Error Handling → it reports failed items count                           0.05s  
  ✓ Cache Warming Integration → Cache Warming Error Handling → it continues warming after individual task failure      0.05s  
  ✓ Cache Warming Integration → Cache Warming Data Types → it warms game mechanics data                                0.05s  
  ✓ Cache Warming Integration → Cache Warming Data Types → it warms popular skills data                                0.04s  
  ✓ Cache Warming Integration → Cache Warming Data Types → it warms meta rankings data                                 0.05s  
  ✓ Cache Warming Integration → Cache Warming Operations → it reports warming statistics                               0.05s  
  ✓ Cache Warming Integration → Cache Warming Operations → it warms cache with low priority                            0.05s  
  ✓ Cache Warming Integration → Cache Warming Data Types → it warms race definitions data                              0.06s  

   PASS  Tests\Integration\Services\TrainingAdvisoryServicePredictionTrackingTest
  ✓ TrainingAdvisoryService - Prediction Tracking Integration → recordTrainingOutcome → it handles tracker errors gra… 0.06s  
  ✓ TrainingAdvisoryService - Prediction Tracking Integration → recordRaceOutcome → it handles tracker errors gracefu… 0.05s  
  ✓ TrainingAdvisoryService - Prediction Tracking Integration → recordTrainingOutcome → it successfully records train… 0.05s  
  ✓ TrainingAdvisoryService - Prediction Tracking Integration → recordRaceOutcome → it successfully records race outc… 0.05s  
  ✓ TrainingAdvisoryService - Prediction Tracking Integration → recordRaceOutcome → it records multiple race outcomes… 0.05s  
  ✓ TrainingAdvisoryService - Prediction Tracking Integration → recordTrainingOutcome → it records multiple training…  0.05s  

   PASS  Tests\Integration\ExternalAPI\ConcurrentRequestsPerformanceTest
  ✓ Concurrent Requests Performance → Concurrent MCP Operations → it handles multiple simultaneous fetch requests      0.05s  
  ✓ Concurrent Requests Performance → Concurrent MCP Operations → it respects max concurrent calls configuration       0.04s  
  ✓ Concurrent Requests Performance → Concurrent Cache Operations → it maintains cache consistency under concurrent a… 0.04s  
  ✓ Concurrent Requests Performance → Cache Warming Concurrency → it maintains cache integrity during warming          0.04s  
  ✓ Concurrent Requests Performance → Resource Utilization → it handles cache info retrieval under load                0.04s  
  ✓ Concurrent Requests Performance → Mixed Operation Concurrency → it handles mixed read and write operations concur… 0.04s  
  ✓ Concurrent Requests Performance → Mixed Operation Concurrency → it handles cache statistics updates during concur… 0.05s  
  ✓ Concurrent Requests Performance → Resource Utilization → it efficiently manages cache size during operations       0.05s  
  ✓ Concurrent Requests Performance → Concurrent Cache Operations → it handles concurrent cache reads without degrada… 0.05s  
  ✓ Concurrent Requests Performance → Concurrent Cache Operations → it handles concurrent cache writes without confli… 0.05s  
  ✓ Concurrent Requests Performance → Cache Warming Concurrency → it handles concurrent warming tasks                  0.05s  
  ✓ Concurrent Requests Performance → Stress Testing → it maintains performance under sustained load                   0.05s  
  ✓ Concurrent Requests Performance → Stress Testing → it handles high volume of cache operations                      0.05s  

   PASS  Tests\Integration\ExternalAPI\ExternalAPIIntegrationTest
  ✓ External API Integration → API Response Caching → it caches API response data                                      0.06s  
  ✓ External API Integration → API Response Caching → it adds cache metadata to retrieved data                         0.05s  
  ✓ External API Integration → API Response Caching → it uses correct TTL for different data types                     0.05s  
  ✓ External API Integration → API Fallback Mechanism → it stores fallback data in cache                               0.05s  
  ✓ External API Integration → API Fallback Mechanism → it handles cache miss gracefully                               0.05s  
  ✓ External API Integration → API Fallback Mechanism → it deletes cache entries                                       0.05s  
  ✓ External API Integration → Data Validation Integration → it validates cached data structure                        0.04s  
  ✓ External API Integration → Data Validation Integration → it handles complex nested data structures                 0.04s  
  ✓ External API Integration → Performance Metrics Integration → it provides cache information for monitoring          0.04s  
  ✓ External API Integration → Performance Metrics Integration → it tracks cache size                                  0.04s  
  ✓ External API Integration → API Response Caching → it tracks cache statistics                                       0.04s  

   PASS  Tests\Integration\ExternalAPI\FailoverPerformanceTest
  ✓ Failover Performance → Circuit Breaker Performance → it detects circuit breaker status quickly                     0.06s  
  ✓ Failover Performance → Circuit Breaker Performance → it increments circuit breaker efficiently                     0.06s  
  ✓ Failover Performance → Circuit Breaker Performance → it retrieves circuit breaker status for all sources quickly   0.06s  
  ✓ Failover Performance → Health Check Performance → it performs health check within acceptable time                  0.04s  
  ✓ Failover Performance → Health Check Performance → it handles multiple health checks efficiently                    0.04s  
  ✓ Failover Performance → Source Management Performance → it enables and disables sources quickly                     0.04s  
  ✓ Failover Performance → Source Management Performance → it retrieves API sources configuration efficiently          0.05s  
  ✓ Failover Performance → MCP Server Failover → it detects server health status quickly                               0.05s  
  ✓ Failover Performance → MCP Server Failover → it performs health check on all servers efficiently                   0.04s  
  ✓ Failover Performance → MCP Server Failover → it resets server health quickly                                       0.04s  
  ✓ Failover Performance → MCP Server Failover → it retrieves all server health status efficiently                     0.04s  
  ✓ Failover Performance → Cache Failover Performance → it falls back to cache quickly when API unavailable            0.05s  
  ✓ Failover Performance → Cache Failover Performance → it handles cache miss detection quickly                        0.04s  
  ✓ Failover Performance → Cache Failover Performance → it checks cache existence efficiently                          0.25s  
  ✓ Failover Performance → Recovery Performance → it handles rapid state transitions efficiently                       0.04s  
  ✓ Failover Performance → Recovery Performance → it recovers from circuit breaker state efficiently                   0.05s  
  ✓ Failover Performance → Monitoring Performance → it retrieves comprehensive cache info efficiently                  0.05s  
  ✓ Failover Performance → Monitoring Performance → it calculates cache statistics quickly                             0.05s  

   PASS  Tests\Integration\ExternalAPI\MCPServerIntegrationTest
  ✓ MCP Server Integration → Server Connectivity → it initializes MCP client with configured servers                   0.07s  
  ✓ MCP Server Integration → Server Connectivity → it resets server health tracking                                    0.04s  
  ✓ MCP Server Integration → Fetch Server Operations → it retrieves fetch server configuration                         0.05s  
  ✓ MCP Server Integration → Fetch Server Operations → it performs simulated HTTP GET request                          0.06s  
  ✓ MCP Server Integration → Fetch Server Operations → it handles fetch with JSON decoding                             0.08s  
  ✓ MCP Server Integration → Agent Services Integration → it checks strands-agents availability                        0.06s  
  ✓ MCP Server Integration → Agent Services Integration → it checks agentcore availability                             0.06s  
  ✓ MCP Server Integration → Agent Services Integration → it retrieves AI services status                              0.06s  
  ✓ MCP Server Integration → Agent Services Integration → it executes agent via MCP                                    0.05s  
  ✓ MCP Server Integration → Agent Services Integration → it registers and unregisters agents                          0.06s  
  ✓ MCP Server Integration → MCP Tool Calls → it calls MCP tool on fetch server                                        0.06s  
  ✓ MCP Server Integration → MCP Tool Calls → it throws exception for disabled server                                  0.05s  
  ✓ MCP Server Integration → MCP Tool Calls → it throws exception when MCP is disabled                                 0.05s  
  ✓ MCP Server Integration → Server Connectivity → it performs health check on all configured servers                  0.08s  
  ✓ MCP Server Integration → Server Connectivity → it tracks server health status over time                            0.07s  
  ✓ MCP Server Integration → Fetch Server Operations → it performs simulated HTTP POST request                         0.05s  
  ✓ MCP Server Integration → Fetch Server Operations → it checks fetch server availability                             0.06s  

   PASS  Tests\Integration\ExternalAPI\ResponseTimePerformanceTest
  ✓ Response Time Performance → Cache Response Times → it retrieves cached data within 500ms                           0.07s  
  ✓ Response Time Performance → Cache Response Times → it performs cache write operations efficiently                  0.05s  
  ✓ Response Time Performance → Cache Response Times → it handles cache statistics retrieval efficiently               0.05s  
  ✓ Response Time Performance → MCP Fetch Response Times → it performs simulated HTTP GET within acceptable time       0.05s  
  ✓ Response Time Performance → MCP Fetch Response Times → it performs simulated HTTP POST within acceptable time      0.05s  
  ✓ Response Time Performance → MCP Fetch Response Times → it performs JSON fetch and decode efficiently               0.06s  
  ✓ Response Time Performance → Cache Metadata Performance → it retrieves cache metadata efficiently                   0.04s  
  ✓ Response Time Performance → Cache Metadata Performance → it calculates staleness indicators efficiently            0.04s  
  ✓ Response Time Performance → Cache Response Times → it retrieves multiple cached items within acceptable time       0.05s  
  ✓ Response Time Performance → Cache Warming Performance → it completes high priority warming within acceptable time  0.07s  
  ✓ Response Time Performance → Cache Warming Performance → it tracks warming duration accurately                      0.06s  
  ✓ Response Time Performance → Batch Operations Performance → it handles batch cache writes efficiently               0.06s  
  ✓ Response Time Performance → Cache Warming Performance → it completes all priority warming within reasonable time   0.06s  
  ✓ Response Time Performance → Batch Operations Performance → it handles batch cache reads efficiently                0.06s  

   PASS  Tests\Integration\ExternalAPI\BackgroundSyncIntegrationTest
  ✓ Background Sync Integration → Sync Job Creation → it creates sync job with valid data type                         0.07s  
  ✓ Background Sync Integration → Sync Job Creation → it generates unique sync ID when not provided                    0.05s  
  ✓ Background Sync Integration → Sync Job Creation → it uses provided sync ID                                         0.05s  
  ✓ Background Sync Integration → Sync Job Creation → it throws exception for invalid data type                        0.05s  
  ✓ Background Sync Integration → Sync Job Creation → it accepts all valid data types                                  0.05s  
  ✓ Background Sync Integration → Sync Job Queuing → it dispatches sync job to queue                                   0.05s  
  ✓ Background Sync Integration → Sync Job Queuing → it assigns correct queue based on data type priority              0.05s  
  ✓ Background Sync Integration → Sync Job Queuing → it includes job tags for monitoring                               0.05s  
  ✓ Background Sync Integration → Sync Progress Tracking → it retrieves sync progress by ID                            0.05s  
  ✓ Background Sync Integration → Sync Progress Tracking → it returns null for non-existent sync progress              0.05s  
  ✓ Background Sync Integration → Cache Integration with Sync → it syncs data to cache manager                         0.04s  
  ✓ Background Sync Integration → Cache Integration with Sync → it handles conflict detection in cached data           0.04s  
  ✓ Background Sync Integration → Cache Integration with Sync → it preserves cache metadata after sync                 0.04s  
  ✓ Background Sync Integration → Sync Job Configuration → it has correct retry configuration                          0.04s  
  ✓ Background Sync Integration → Cache Invalidation Integration → it invalidates cache by pattern                     0.04s  
  ✓ Background Sync Integration → Cache Invalidation Integration → it invalidates cache by data type                   0.04s  
  ✓ Background Sync Integration → Cache Invalidation Integration → it invalidates specific cache keys                  0.04s  
  ✓ Background Sync Integration → Game Version Tracking → it sets and retrieves game version                           0.04s  
  ✓ Background Sync Integration → Game Version Tracking → it detects version changes                                   0.04s  
  ✓ Background Sync Integration → Game Version Tracking → it does not flag unchanged version                           0.04s  
  ✓ Background Sync Integration → Game Version Tracking → it tracks version history                                    0.04s  

   PASS  Tests\Architecture\ArchitectureTest
  ✓ no debugging statements in production code                                                                         7.08s  
  ✓ controllers should have controller suffix                                                                          0.85s  
  ✓ form requests should have request suffix                                                                           0.46s  
  ✓ enums should be enums                                                                                              0.08s  
  ✓ traits should be traits                                                                                            0.08s  
  ✓ interfaces should be interfaces                                                                                    0.04s  
  ✓ agents should have agent suffix                                                                                    0.07s  
  ✓ ai agents should have agent suffix                                                                                 0.13s  

   PASS  Tests\Browser\AdvisoryWorkflowTest
  ✓ it displays expected outcomes with stat ranges                                                                     3.14s  
  ✓ it handles no recommendations gracefully                                                                           1.42s  
  ✓ it displays confidence scores for AI recommendations                                                               1.41s  
  ✓ it shows loading state while fetching recommendations                                                              1.38s  
  ✓ it provides keyboard navigation for recommendations                                                                1.39s  
  ✓ it updates recommendations when character state changes                                                            1.51s  
  ✓ it shows critical alerts prominently when present                                                                  1.32s  
  ✓ it allows dismissing recommendations                                                                               1.94s  
  ✓ it displays recommendations with proper priority ordering                                                          1.61s  
  ✓ it completes the full advisory workflow from navigation to outcome                                                 5.35s  

   PASS  Tests\Browser\CriticalAlertHandlingTest
  ✓ it highlights critical alerts with pulsing animation                                                               1.32s  
  ✓ it displays alert with expandable detailed analysis                                                                1.32s  
  ✓ it shows alert priority badges correctly                                                                           1.46s  
  ✓ it shows turns until critical for upcoming issues                                                                  1.49s  
  ✓ it allows keyboard navigation through alerts                                                                       1.39s  
  ✓ it displays action items as a checklist                                                                            1.40s  
  ✓ it allows dismissing a critical alert                                                                              1.52s  
  ✓ it triggers and displays stamina crisis alert                                                                      1.48s  
  ✓ it updates alerts when character state changes                                                                     1.44s  
  ✓ it triggers and displays energy critical alert                                                                     1.45s  
  ✓ it shows alert badge with count in navigation                                                                      1.67s  
  ✓ it displays no alerts message when character is healthy                                                            1.51s  
  ✓ it displays multiple critical alerts simultaneously                                                                1.47s  
  ✓ it triggers and displays SP shortage alert                                                                         1.56s  
  ✓ it persists alert dismissal across page reloads                                                                    1.70s  

   PASS  Tests\Browser\ExternalDataBrowsePerformanceTest
  ✓ it renders correctly on mobile viewport                                                                            4.56s  
  ✓ it renders search input for characters tab                                                                         4.60s  
  ✓ it renders correctly in dark mode                                                                                  4.40s  
  ✓ it switches between tabs without errors                                                                           13.79s  
  ✓ it handles injected data rendering                                                                                13.55s  
  ✓ it loads the external data browse page successfully                                                                4.87s  
  ✓ it renders sort dropdown for characters tab                                                                        5.42s  
  ✓ it renders tab navigation elements                                                                                 6.81s  

   PASS  Tests\Browser\ExternalDataBrowserErrorTest
  ✓ it works correctly in dark mode with errors                                                                       13.32s  
  ✓ it shows retry all button when errors exist                                                                       13.42s  
  ✓ it preserves data when error is injected after load                                                               13.63s  
  ✓ it maintains loading state properties in Alpine component                                                         14.29s  
  ✓ it handles multiple endpoint errors simultaneously                                                                14.62s  
  ✓ it displays error banner when API errors are injected                                                             15.25s  
  ✓ it shows API unavailable banner when apiAvailable is false                                                        14.15s  
  ✓ it shows individual retry button for failed endpoint                                                              15.08s  
  ✓ it displays the external data browser page                                                                         9.65s  

   PASS  Tests\Browser\ExternalDataRetryTest
  ✓ it shows retry button when endpoint has error                                                                     11.43s  
  ✓ it shows retry all button when multiple endpoints fail                                                            13.92s  
  ✓ it shows section loading indicator during endpoint retry                                                          13.24s  
  ✓ it maintains data from successful endpoints during retry                                                          13.65s  
  ✓ it displays retrying text during retry operation                                                                  13.52s  
  ✓ it updates api availability after clearing all errors                                                             14.87s  
  ✓ it clears error after successful retry simulation                                                                 14.52s  

   PASS  Tests\Browser\ExternalDataSortTest
  ✓ it renders sort dropdown options correctly                                                                         6.85s  
  ✓ it can sort characters by ID ascending                                                                            13.87s  
  ✓ it can sort characters by name ascending                                                                          13.51s  
  ✓ it can sort characters by name descending                                                                         13.24s  
  ✓ it can sort characters by ID descending                                                                           13.53s  
  ✓ it shows empty state when search yields no results                                                                13.23s  
  ✓ it can sort with search filter applied                                                                            13.24s  
  ✓ it maintains sort state when switching tabs                                                                       18.20s  

   PASS  Tests\Browser\OfflineModeTest
  ✓ it renders correctly on mobile viewport                                                                            2.69s  
  ✓ it handles character with high stats                                                                               1.59s  
  ✓ it has accessible facility cards with proper ARIA attributes                                                       1.55s  
  ✓ it shows empty state when no character is selected                                                                 1.44s  
  ✓ it handles character with low energy state                                                                         1.55s  
  ✓ it shows character stats in the overview section                                                                   1.61s  
  ✓ it displays all six training facility cards                                                                        1.58s  
  ✓ it displays energy and mood in the status bar                                                                      1.91s  
  ✓ it loads training predictions page with character data                                                             1.60s  
  ✓ it executes JavaScript for facility selection                                                                      2.05s  
  ✓ it navigates back to predictions page after refresh                                                                1.91s  
  ✓ it can navigate between pages and return to predictions                                                            2.14s  

   PASS  Tests\Browser\RecommendationApplicationTest
  ✓ it handles high-risk character gracefully                                                                          1.52s  
  ✓ it supports keyboard navigation on facility cards                                                                  1.44s  
  ✓ it displays training facility cards with stat predictions                                                          1.59s  
  ✓ it shows AI recommendation section with calculation breakdown                                                      1.54s  
  ✓ it displays expected outcomes on facility cards                                                                    1.73s  
  ✓ it shows risk assessment badges on all facility cards                                                              1.68s  
  ✓ it clicks train button on stamina facility                                                                         2.10s  
  ✓ it selects a speed training facility and shows selection highlight                                                 2.06s  
  ✓ it shows updated recommendations after refreshing page                                                             1.96s  
  ✓ it clicks rest option for low energy character                                                                     2.08s  
  ✓ it can interact with multiple facility cards in sequence                                                           2.44s  

   PASS  Tests\Browser\RecommendationCardInteractivityTest
  ✓ it handles multiple recommendation cards independently                                                             1.52s  
  ✓ it has proper focus indicators for keyboard users                                                                  1.50s  
  ✓ it respects prefers-reduced-motion for animations                                                                  1.92s  
  ✓ it applies hover effects on card                                                                                   1.40s  
  ✓ it displays priority badge with correct color coding                                                               1.45s  
  ✓ it works correctly on tablet viewport                                                                              1.60s  
  ✓ it shows expanded content with reasoning and outcomes                                                              1.52s  
  ✓ it has proper ARIA attributes for accessibility                                                                    1.70s  
  ✓ it works correctly on desktop viewport                                                                             1.45s  
  ✓ it provides meaningful button labels for screen readers                                                            1.55s  
  ✓ it dismisses recommendation with smooth animation                                                                  1.50s  
  ✓ it supports Space key to expand and collapse                                                                       1.47s  
  ✓ it shows priority icon emoji                                                                                       1.41s  
  ✓ it handles rapid expand/collapse clicks gracefully                                                                 1.64s  
  ✓ it supports dark mode styling                                                                                      1.47s  
  ✓ it displays confidence score when available                                                                        1.41s  
  ✓ it maintains focus on expand button during keyboard navigation                                                     1.46s  
  ✓ it rotates chevron icon when expanding and collapsing                                                              1.55s  
  ✓ it maintains state after page scroll                                                                               1.80s  
  ✓ it applies recommendation when apply button is clicked                                                             2.06s  
  ✓ it works correctly on mobile viewport                                                                              1.46s  
  ✓ it has sufficient color contrast for WCAG AA compliance                                                            1.58s  
  ✓ it shows feedback dialog when feedback button is clicked                                                           1.99s  
  ✓ it preserves expanded state when other cards are interacted with                                                   2.07s  
  ✓ it expands and collapses recommendation card when clicked                                                          2.23s  

  Tests:    4885 passed (21053 assertions)
  Duration: 1135.39s

